<?xml version="1.0" encoding="ISO-8859-1" ?>
<link_info>
   <banner>TI ARM Linker PC v20.2.5.LTS</banner>
   <copyright>Copyright (c) 1996-2018 Texas Instruments Incorporated</copyright>
   <link_time>0x66a6e9e5</link_time>
   <link_errors>0x0</link_errors>
   <output_file>freertos_demo.out</output_file>
   <entry_point>
      <name>_c_int00_noargs</name>
      <address>0x12c1</address>
   </entry_point>
   <input_file_list>
      <input_file id="fl-2">
         <path>.\</path>
         <kind>object</kind>
         <file>freertos_demo.obj</file>
         <name>freertos_demo.obj</name>
      </input_file>
      <input_file id="fl-3">
         <path>.\</path>
         <kind>object</kind>
         <file>startup_ccs.obj</file>
         <name>startup_ccs.obj</name>
      </input_file>
      <input_file id="fl-4">
         <path>.\MCAL\SOURCE\</path>
         <kind>object</kind>
         <file>Mcal_Queue.obj</file>
         <name>Mcal_Queue.obj</name>
      </input_file>
      <input_file id="fl-5">
         <path>.\MCAL\SOURCE\</path>
         <kind>object</kind>
         <file>adc.obj</file>
         <name>adc.obj</name>
      </input_file>
      <input_file id="fl-6">
         <path>.\MCAL\SOURCE\</path>
         <kind>object</kind>
         <file>adc_sync.obj</file>
         <name>adc_sync.obj</name>
      </input_file>
      <input_file id="fl-7">
         <path>.\MCAL\SOURCE\</path>
         <kind>object</kind>
         <file>exception_handlers.obj</file>
         <name>exception_handlers.obj</name>
      </input_file>
      <input_file id="fl-8">
         <path>.\MCAL\SOURCE\</path>
         <kind>object</kind>
         <file>sys_init.obj</file>
         <name>sys_init.obj</name>
      </input_file>
      <input_file id="fl-9">
         <path>.\MCAL\cfg\</path>
         <kind>object</kind>
         <file>adc_config.obj</file>
         <name>adc_config.obj</name>
      </input_file>
      <input_file id="fl-a">
         <path>.\OS\</path>
         <kind>object</kind>
         <file>os.obj</file>
         <name>os.obj</name>
      </input_file>
      <input_file id="fl-b">
         <path>.\OS\</path>
         <kind>object</kind>
         <file>os_const.obj</file>
         <name>os_const.obj</name>
      </input_file>
      <input_file id="fl-c">
         <path>.\drivers\</path>
         <kind>object</kind>
         <file>buttons.obj</file>
         <name>buttons.obj</name>
      </input_file>
      <input_file id="fl-d">
         <path>.\drivers\</path>
         <kind>object</kind>
         <file>rgb.obj</file>
         <name>rgb.obj</name>
      </input_file>
      <input_file id="fl-e">
         <path>.\third_party\FreeRTOS\Source\</path>
         <kind>object</kind>
         <file>list.obj</file>
         <name>list.obj</name>
      </input_file>
      <input_file id="fl-f">
         <path>.\third_party\FreeRTOS\Source\</path>
         <kind>object</kind>
         <file>queue.obj</file>
         <name>queue.obj</name>
      </input_file>
      <input_file id="fl-10">
         <path>.\third_party\FreeRTOS\Source\</path>
         <kind>object</kind>
         <file>tasks.obj</file>
         <name>tasks.obj</name>
      </input_file>
      <input_file id="fl-11">
         <path>.\third_party\FreeRTOS\Source\portable\CCS\ARM_CM4F\</path>
         <kind>object</kind>
         <file>port.obj</file>
         <name>port.obj</name>
      </input_file>
      <input_file id="fl-12">
         <path>.\third_party\FreeRTOS\Source\portable\CCS\ARM_CM4F\</path>
         <kind>object</kind>
         <file>portasm.obj</file>
         <name>portasm.obj</name>
      </input_file>
      <input_file id="fl-13">
         <path>.\third_party\FreeRTOS\Source\portable\MemMang\</path>
         <kind>object</kind>
         <file>heap_2.obj</file>
         <name>heap_2.obj</name>
      </input_file>
      <input_file id="fl-14">
         <path>.\utils\</path>
         <kind>object</kind>
         <file>uartstdio.obj</file>
         <name>uartstdio.obj</name>
      </input_file>
      <input_file id="fl-15">
         <path>.\utils\</path>
         <kind>object</kind>
         <file>ustdlib.obj</file>
         <name>ustdlib.obj</name>
      </input_file>
      <input_file id="fl-1a">
         <kind>object</kind>
         <file>&lt;internal&gt;</file>
         <name>&lt;internal&gt;</name>
      </input_file>
      <input_file id="fl-d0">
         <path>D:\Softwares\ti\CCS\ccs\tools\compiler\ti-cgt-arm_20.2.5.LTS\lib\</path>
         <kind>archive</kind>
         <file>rtsv7M4_T_le_v4SPD16_eabi.lib</file>
         <name>printf.c.obj</name>
      </input_file>
      <input_file id="fl-d1">
         <path>D:\Softwares\ti\CCS\ccs\tools\compiler\ti-cgt-arm_20.2.5.LTS\lib\</path>
         <kind>archive</kind>
         <file>rtsv7M4_T_le_v4SPD16_eabi.lib</file>
         <name>_printfi.c.obj</name>
      </input_file>
      <input_file id="fl-d2">
         <path>D:\Softwares\ti\CCS\ccs\tools\compiler\ti-cgt-arm_20.2.5.LTS\lib\</path>
         <kind>archive</kind>
         <file>rtsv7M4_T_le_v4SPD16_eabi.lib</file>
         <name>fputc.c.obj</name>
      </input_file>
      <input_file id="fl-d3">
         <path>D:\Softwares\ti\CCS\ccs\tools\compiler\ti-cgt-arm_20.2.5.LTS\lib\</path>
         <kind>archive</kind>
         <file>rtsv7M4_T_le_v4SPD16_eabi.lib</file>
         <name>fputs.c.obj</name>
      </input_file>
      <input_file id="fl-d4">
         <path>D:\Softwares\ti\CCS\ccs\tools\compiler\ti-cgt-arm_20.2.5.LTS\lib\</path>
         <kind>archive</kind>
         <file>rtsv7M4_T_le_v4SPD16_eabi.lib</file>
         <name>_io_perm.c.obj</name>
      </input_file>
      <input_file id="fl-d5">
         <path>D:\Softwares\ti\CCS\ccs\tools\compiler\ti-cgt-arm_20.2.5.LTS\lib\</path>
         <kind>archive</kind>
         <file>rtsv7M4_T_le_v4SPD16_eabi.lib</file>
         <name>setvbuf.c.obj</name>
      </input_file>
      <input_file id="fl-d6">
         <path>D:\Softwares\ti\CCS\ccs\tools\compiler\ti-cgt-arm_20.2.5.LTS\lib\</path>
         <kind>archive</kind>
         <file>rtsv7M4_T_le_v4SPD16_eabi.lib</file>
         <name>s_frexp.c.obj</name>
      </input_file>
      <input_file id="fl-d7">
         <path>D:\Softwares\ti\CCS\ccs\tools\compiler\ti-cgt-arm_20.2.5.LTS\lib\</path>
         <kind>archive</kind>
         <file>rtsv7M4_T_le_v4SPD16_eabi.lib</file>
         <name>s_scalbn.c.obj</name>
      </input_file>
      <input_file id="fl-d8">
         <path>D:\Softwares\ti\CCS\ccs\tools\compiler\ti-cgt-arm_20.2.5.LTS\lib\</path>
         <kind>archive</kind>
         <file>rtsv7M4_T_le_v4SPD16_eabi.lib</file>
         <name>wcslen.c.obj</name>
      </input_file>
      <input_file id="fl-d9">
         <path>D:\Softwares\ti\CCS\ccs\tools\compiler\ti-cgt-arm_20.2.5.LTS\lib\</path>
         <kind>archive</kind>
         <file>rtsv7M4_T_le_v4SPD16_eabi.lib</file>
         <name>fd_add_t2.asm.obj</name>
      </input_file>
      <input_file id="fl-da">
         <path>D:\Softwares\ti\CCS\ccs\tools\compiler\ti-cgt-arm_20.2.5.LTS\lib\</path>
         <kind>archive</kind>
         <file>rtsv7M4_T_le_v4SPD16_eabi.lib</file>
         <name>fd_cmp_t2.asm.obj</name>
      </input_file>
      <input_file id="fl-db">
         <path>D:\Softwares\ti\CCS\ccs\tools\compiler\ti-cgt-arm_20.2.5.LTS\lib\</path>
         <kind>archive</kind>
         <file>rtsv7M4_T_le_v4SPD16_eabi.lib</file>
         <name>fd_div_t2.asm.obj</name>
      </input_file>
      <input_file id="fl-dc">
         <path>D:\Softwares\ti\CCS\ccs\tools\compiler\ti-cgt-arm_20.2.5.LTS\lib\</path>
         <kind>archive</kind>
         <file>rtsv7M4_T_le_v4SPD16_eabi.lib</file>
         <name>fd_mul_t2.asm.obj</name>
      </input_file>
      <input_file id="fl-dd">
         <path>D:\Softwares\ti\CCS\ccs\tools\compiler\ti-cgt-arm_20.2.5.LTS\lib\</path>
         <kind>archive</kind>
         <file>rtsv7M4_T_le_v4SPD16_eabi.lib</file>
         <name>fd_toi_t2.asm.obj</name>
      </input_file>
      <input_file id="fl-de">
         <path>D:\Softwares\ti\CCS\ccs\tools\compiler\ti-cgt-arm_20.2.5.LTS\lib\</path>
         <kind>archive</kind>
         <file>rtsv7M4_T_le_v4SPD16_eabi.lib</file>
         <name>fs_toull_t2.asm.obj</name>
      </input_file>
      <input_file id="fl-df">
         <path>D:\Softwares\ti\CCS\ccs\tools\compiler\ti-cgt-arm_20.2.5.LTS\lib\</path>
         <kind>archive</kind>
         <file>rtsv7M4_T_le_v4SPD16_eabi.lib</file>
         <name>i_tofd_t2.asm.obj</name>
      </input_file>
      <input_file id="fl-e0">
         <path>D:\Softwares\ti\CCS\ccs\tools\compiler\ti-cgt-arm_20.2.5.LTS\lib\</path>
         <kind>archive</kind>
         <file>rtsv7M4_T_le_v4SPD16_eabi.lib</file>
         <name>memcpy_t2.asm.obj</name>
      </input_file>
      <input_file id="fl-e1">
         <path>D:\Softwares\ti\CCS\ccs\tools\compiler\ti-cgt-arm_20.2.5.LTS\lib\</path>
         <kind>archive</kind>
         <file>rtsv7M4_T_le_v4SPD16_eabi.lib</file>
         <name>u_divt2.asm.obj</name>
      </input_file>
      <input_file id="fl-e2">
         <path>D:\Softwares\ti\CCS\ccs\tools\compiler\ti-cgt-arm_20.2.5.LTS\lib\</path>
         <kind>archive</kind>
         <file>rtsv7M4_T_le_v4SPD16_eabi.lib</file>
         <name>ull_div_t2.asm.obj</name>
      </input_file>
      <input_file id="fl-e3">
         <path>D:\Softwares\ti\CCS\ccs\tools\compiler\ti-cgt-arm_20.2.5.LTS\lib\</path>
         <kind>archive</kind>
         <file>rtsv7M4_T_le_v4SPD16_eabi.lib</file>
         <name>memset_t2.asm.obj</name>
      </input_file>
      <input_file id="fl-e4">
         <path>D:\Softwares\ti\CCS\ccs\tools\compiler\ti-cgt-arm_20.2.5.LTS\lib\</path>
         <kind>archive</kind>
         <file>rtsv7M4_T_le_v4SPD16_eabi.lib</file>
         <name>copy_zero_init.c.obj</name>
      </input_file>
      <input_file id="fl-e5">
         <path>D:\Softwares\ti\CCS\ccs\tools\compiler\ti-cgt-arm_20.2.5.LTS\lib\</path>
         <kind>archive</kind>
         <file>rtsv7M4_T_le_v4SPD16_eabi.lib</file>
         <name>copy_decompress_none.c.obj</name>
      </input_file>
      <input_file id="fl-e6">
         <path>D:\Softwares\ti\CCS\ccs\tools\compiler\ti-cgt-arm_20.2.5.LTS\lib\</path>
         <kind>archive</kind>
         <file>rtsv7M4_T_le_v4SPD16_eabi.lib</file>
         <name>copy_decompress_lzss.c.obj</name>
      </input_file>
      <input_file id="fl-e7">
         <path>D:\Softwares\ti\CCS\ccs\tools\compiler\ti-cgt-arm_20.2.5.LTS\lib\</path>
         <kind>archive</kind>
         <file>rtsv7M4_T_le_v4SPD16_eabi.lib</file>
         <name>exit.c.obj</name>
      </input_file>
      <input_file id="fl-e8">
         <path>D:\Softwares\ti\CCS\ccs\tools\compiler\ti-cgt-arm_20.2.5.LTS\lib\</path>
         <kind>archive</kind>
         <file>rtsv7M4_T_le_v4SPD16_eabi.lib</file>
         <name>_lock.c.obj</name>
      </input_file>
      <input_file id="fl-e9">
         <path>D:\Softwares\ti\CCS\ccs\tools\compiler\ti-cgt-arm_20.2.5.LTS\lib\</path>
         <kind>archive</kind>
         <file>rtsv7M4_T_le_v4SPD16_eabi.lib</file>
         <name>_ltoa.c.obj</name>
      </input_file>
      <input_file id="fl-ea">
         <path>D:\Softwares\ti\CCS\ccs\tools\compiler\ti-cgt-arm_20.2.5.LTS\lib\</path>
         <kind>archive</kind>
         <file>rtsv7M4_T_le_v4SPD16_eabi.lib</file>
         <name>atoi.c.obj</name>
      </input_file>
      <input_file id="fl-eb">
         <path>D:\Softwares\ti\CCS\ccs\tools\compiler\ti-cgt-arm_20.2.5.LTS\lib\</path>
         <kind>archive</kind>
         <file>rtsv7M4_T_le_v4SPD16_eabi.lib</file>
         <name>ctype.c.obj</name>
      </input_file>
      <input_file id="fl-ec">
         <path>D:\Softwares\ti\CCS\ccs\tools\compiler\ti-cgt-arm_20.2.5.LTS\lib\</path>
         <kind>archive</kind>
         <file>rtsv7M4_T_le_v4SPD16_eabi.lib</file>
         <name>defs.c.obj</name>
      </input_file>
      <input_file id="fl-ed">
         <path>D:\Softwares\ti\CCS\ccs\tools\compiler\ti-cgt-arm_20.2.5.LTS\lib\</path>
         <kind>archive</kind>
         <file>rtsv7M4_T_le_v4SPD16_eabi.lib</file>
         <name>memccpy.c.obj</name>
      </input_file>
      <input_file id="fl-ee">
         <path>D:\Softwares\ti\CCS\ccs\tools\compiler\ti-cgt-arm_20.2.5.LTS\lib\</path>
         <kind>archive</kind>
         <file>rtsv7M4_T_le_v4SPD16_eabi.lib</file>
         <name>memchr.c.obj</name>
      </input_file>
      <input_file id="fl-ef">
         <path>D:\Softwares\ti\CCS\ccs\tools\compiler\ti-cgt-arm_20.2.5.LTS\lib\</path>
         <kind>archive</kind>
         <file>rtsv7M4_T_le_v4SPD16_eabi.lib</file>
         <name>memory.c.obj</name>
      </input_file>
      <input_file id="fl-f0">
         <path>D:\Softwares\ti\CCS\ccs\tools\compiler\ti-cgt-arm_20.2.5.LTS\lib\</path>
         <kind>archive</kind>
         <file>rtsv7M4_T_le_v4SPD16_eabi.lib</file>
         <name>strchr.c.obj</name>
      </input_file>
      <input_file id="fl-f1">
         <path>D:\Softwares\ti\CCS\ccs\tools\compiler\ti-cgt-arm_20.2.5.LTS\lib\</path>
         <kind>archive</kind>
         <file>rtsv7M4_T_le_v4SPD16_eabi.lib</file>
         <name>strlen.c.obj</name>
      </input_file>
      <input_file id="fl-f2">
         <path>D:\Softwares\ti\CCS\ccs\tools\compiler\ti-cgt-arm_20.2.5.LTS\lib\</path>
         <kind>archive</kind>
         <file>rtsv7M4_T_le_v4SPD16_eabi.lib</file>
         <name>errno.c.obj</name>
      </input_file>
      <input_file id="fl-f3">
         <path>D:\Softwares\ti\CCS\ccs\tools\compiler\ti-cgt-arm_20.2.5.LTS\lib\</path>
         <kind>archive</kind>
         <file>rtsv7M4_T_le_v4SPD16_eabi.lib</file>
         <name>boot_cortex_m.c.obj</name>
      </input_file>
      <input_file id="fl-f4">
         <path>D:\Softwares\ti\CCS\ccs\tools\compiler\ti-cgt-arm_20.2.5.LTS\lib\</path>
         <kind>archive</kind>
         <file>rtsv7M4_T_le_v4SPD16_eabi.lib</file>
         <name>write.c.obj</name>
      </input_file>
      <input_file id="fl-f5">
         <path>D:\Softwares\ti\CCS\ccs\tools\compiler\ti-cgt-arm_20.2.5.LTS\lib\</path>
         <kind>archive</kind>
         <file>rtsv7M4_T_le_v4SPD16_eabi.lib</file>
         <name>host_device.c.obj</name>
      </input_file>
      <input_file id="fl-f6">
         <path>D:\Softwares\ti\CCS\ccs\tools\compiler\ti-cgt-arm_20.2.5.LTS\lib\</path>
         <kind>archive</kind>
         <file>rtsv7M4_T_le_v4SPD16_eabi.lib</file>
         <name>fflush.c.obj</name>
      </input_file>
      <input_file id="fl-f7">
         <path>D:\Softwares\ti\CCS\ccs\tools\compiler\ti-cgt-arm_20.2.5.LTS\lib\</path>
         <kind>archive</kind>
         <file>rtsv7M4_T_le_v4SPD16_eabi.lib</file>
         <name>fopen.c.obj</name>
      </input_file>
      <input_file id="fl-f8">
         <path>D:\Softwares\ti\CCS\ccs\tools\compiler\ti-cgt-arm_20.2.5.LTS\lib\</path>
         <kind>archive</kind>
         <file>rtsv7M4_T_le_v4SPD16_eabi.lib</file>
         <name>fseek.c.obj</name>
      </input_file>
      <input_file id="fl-f9">
         <path>D:\Softwares\ti\CCS\ccs\tools\compiler\ti-cgt-arm_20.2.5.LTS\lib\</path>
         <kind>archive</kind>
         <file>rtsv7M4_T_le_v4SPD16_eabi.lib</file>
         <name>s_copysign.c.obj</name>
      </input_file>
      <input_file id="fl-fa">
         <path>D:\Softwares\ti\CCS\ccs\tools\compiler\ti-cgt-arm_20.2.5.LTS\lib\</path>
         <kind>archive</kind>
         <file>rtsv7M4_T_le_v4SPD16_eabi.lib</file>
         <name>div0.asm.obj</name>
      </input_file>
      <input_file id="fl-fb">
         <path>D:\Softwares\ti\CCS\ccs\tools\compiler\ti-cgt-arm_20.2.5.LTS\lib\</path>
         <kind>archive</kind>
         <file>rtsv7M4_T_le_v4SPD16_eabi.lib</file>
         <name>autoinit.c.obj</name>
      </input_file>
      <input_file id="fl-fc">
         <path>D:\Softwares\ti\CCS\ccs\tools\compiler\ti-cgt-arm_20.2.5.LTS\lib\</path>
         <kind>archive</kind>
         <file>rtsv7M4_T_le_v4SPD16_eabi.lib</file>
         <name>pre_init.c.obj</name>
      </input_file>
      <input_file id="fl-fd">
         <path>D:\Softwares\ti\CCS\ccs\tools\compiler\ti-cgt-arm_20.2.5.LTS\lib\</path>
         <kind>archive</kind>
         <file>rtsv7M4_T_le_v4SPD16_eabi.lib</file>
         <name>cpy_tbl.c.obj</name>
      </input_file>
      <input_file id="fl-fe">
         <path>D:\Softwares\ti\CCS\ccs\tools\compiler\ti-cgt-arm_20.2.5.LTS\lib\</path>
         <kind>archive</kind>
         <file>rtsv7M4_T_le_v4SPD16_eabi.lib</file>
         <name>args_main.c.obj</name>
      </input_file>
      <input_file id="fl-ff">
         <path>D:\Softwares\ti\CCS\ccs\tools\compiler\ti-cgt-arm_20.2.5.LTS\lib\</path>
         <kind>archive</kind>
         <file>rtsv7M4_T_le_v4SPD16_eabi.lib</file>
         <name>hostclose.c.obj</name>
      </input_file>
      <input_file id="fl-100">
         <path>D:\Softwares\ti\CCS\ccs\tools\compiler\ti-cgt-arm_20.2.5.LTS\lib\</path>
         <kind>archive</kind>
         <file>rtsv7M4_T_le_v4SPD16_eabi.lib</file>
         <name>hostlseek.c.obj</name>
      </input_file>
      <input_file id="fl-101">
         <path>D:\Softwares\ti\CCS\ccs\tools\compiler\ti-cgt-arm_20.2.5.LTS\lib\</path>
         <kind>archive</kind>
         <file>rtsv7M4_T_le_v4SPD16_eabi.lib</file>
         <name>hostopen.c.obj</name>
      </input_file>
      <input_file id="fl-102">
         <path>D:\Softwares\ti\CCS\ccs\tools\compiler\ti-cgt-arm_20.2.5.LTS\lib\</path>
         <kind>archive</kind>
         <file>rtsv7M4_T_le_v4SPD16_eabi.lib</file>
         <name>hostread.c.obj</name>
      </input_file>
      <input_file id="fl-103">
         <path>D:\Softwares\ti\CCS\ccs\tools\compiler\ti-cgt-arm_20.2.5.LTS\lib\</path>
         <kind>archive</kind>
         <file>rtsv7M4_T_le_v4SPD16_eabi.lib</file>
         <name>hostrename.c.obj</name>
      </input_file>
      <input_file id="fl-104">
         <path>D:\Softwares\ti\CCS\ccs\tools\compiler\ti-cgt-arm_20.2.5.LTS\lib\</path>
         <kind>archive</kind>
         <file>rtsv7M4_T_le_v4SPD16_eabi.lib</file>
         <name>hostunlink.c.obj</name>
      </input_file>
      <input_file id="fl-105">
         <path>D:\Softwares\ti\CCS\ccs\tools\compiler\ti-cgt-arm_20.2.5.LTS\lib\</path>
         <kind>archive</kind>
         <file>rtsv7M4_T_le_v4SPD16_eabi.lib</file>
         <name>hostwrite.c.obj</name>
      </input_file>
      <input_file id="fl-106">
         <path>D:\Softwares\ti\CCS\ccs\tools\compiler\ti-cgt-arm_20.2.5.LTS\lib\</path>
         <kind>archive</kind>
         <file>rtsv7M4_T_le_v4SPD16_eabi.lib</file>
         <name>trgmsg.c.obj</name>
      </input_file>
      <input_file id="fl-107">
         <path>D:\Softwares\ti\CCS\ccs\tools\compiler\ti-cgt-arm_20.2.5.LTS\lib\</path>
         <kind>archive</kind>
         <file>rtsv7M4_T_le_v4SPD16_eabi.lib</file>
         <name>open.c.obj</name>
      </input_file>
      <input_file id="fl-108">
         <path>D:\Softwares\ti\CCS\ccs\tools\compiler\ti-cgt-arm_20.2.5.LTS\lib\</path>
         <kind>archive</kind>
         <file>rtsv7M4_T_le_v4SPD16_eabi.lib</file>
         <name>lseek.c.obj</name>
      </input_file>
      <input_file id="fl-109">
         <path>D:\Softwares\ti\CCS\ccs\tools\compiler\ti-cgt-arm_20.2.5.LTS\lib\</path>
         <kind>archive</kind>
         <file>rtsv7M4_T_le_v4SPD16_eabi.lib</file>
         <name>fclose.c.obj</name>
      </input_file>
      <input_file id="fl-10a">
         <path>D:\Softwares\ti\CCS\ccs\tools\compiler\ti-cgt-arm_20.2.5.LTS\lib\</path>
         <kind>archive</kind>
         <file>rtsv7M4_T_le_v4SPD16_eabi.lib</file>
         <name>getdevice.c.obj</name>
      </input_file>
      <input_file id="fl-10b">
         <path>D:\Softwares\ti\CCS\ccs\tools\compiler\ti-cgt-arm_20.2.5.LTS\lib\</path>
         <kind>archive</kind>
         <file>rtsv7M4_T_le_v4SPD16_eabi.lib</file>
         <name>strcmp.c.obj</name>
      </input_file>
      <input_file id="fl-10c">
         <path>D:\Softwares\ti\CCS\ccs\tools\compiler\ti-cgt-arm_20.2.5.LTS\lib\</path>
         <kind>archive</kind>
         <file>rtsv7M4_T_le_v4SPD16_eabi.lib</file>
         <name>strcpy.c.obj</name>
      </input_file>
      <input_file id="fl-10d">
         <path>D:\Softwares\ti\CCS\ccs\tools\compiler\ti-cgt-arm_20.2.5.LTS\lib\</path>
         <kind>archive</kind>
         <file>rtsv7M4_T_le_v4SPD16_eabi.lib</file>
         <name>strncpy.c.obj</name>
      </input_file>
      <input_file id="fl-10e">
         <path>D:\Softwares\ti\CCS\ccs\tools\compiler\ti-cgt-arm_20.2.5.LTS\lib\</path>
         <kind>archive</kind>
         <file>rtsv7M4_T_le_v4SPD16_eabi.lib</file>
         <name>remove.c.obj</name>
      </input_file>
      <input_file id="fl-10f">
         <path>D:\Softwares\ti\CCS\ccs\tools\compiler\ti-cgt-arm_20.2.5.LTS\lib\</path>
         <kind>archive</kind>
         <file>rtsv7M4_T_le_v4SPD16_eabi.lib</file>
         <name>close.c.obj</name>
      </input_file>
      <input_file id="fl-110">
         <path>D:\Softwares\ti\CCS\ccs\tools\compiler\ti-cgt-arm_20.2.5.LTS\lib\</path>
         <kind>archive</kind>
         <file>rtsv7M4_T_le_v4SPD16_eabi.lib</file>
         <name>unlink.c.obj</name>
      </input_file>
      <input_file id="fl-111">
         <path>C:\ti\tivaware_c_series_2_1_4_178\driverlib\ccs\Debug\</path>
         <kind>archive</kind>
         <file>driverlib.lib</file>
         <name>sysctl.obj</name>
      </input_file>
      <input_file id="fl-112">
         <path>C:\ti\tivaware_c_series_2_1_4_178\driverlib\ccs\Debug\</path>
         <kind>archive</kind>
         <file>driverlib.lib</file>
         <name>uart.obj</name>
      </input_file>
      <input_file id="fl-113">
         <path>C:\ti\tivaware_c_series_2_1_4_178\driverlib\ccs\Debug\</path>
         <kind>archive</kind>
         <file>driverlib.lib</file>
         <name>cpu.obj</name>
      </input_file>
      <input_file id="fl-114">
         <path>C:\ti\tivaware_c_series_2_1_4_178\driverlib\ccs\Debug\</path>
         <kind>archive</kind>
         <file>driverlib.lib</file>
         <name>interrupt.obj</name>
      </input_file>
   </input_file_list>
   <object_component_list>
      <object_component id="oc-12">
         <name>.intvecs</name>
         <load_address>0x0</load_address>
         <run_address>0x0</run_address>
         <size>0x26c</size>
         <input_file_ref idref="fl-3"/>
      </object_component>
      <object_component id="oc-296">
         <name>.text:ADC_Init</name>
         <load_address>0x26c</load_address>
         <run_address>0x26c</run_address>
         <size>0x204</size>
         <input_file_ref idref="fl-5"/>
      </object_component>
      <object_component id="oc-a8">
         <name>.text:xTaskIncrementTick</name>
         <load_address>0x470</load_address>
         <run_address>0x470</run_address>
         <size>0x104</size>
         <input_file_ref idref="fl-10"/>
      </object_component>
      <object_component id="oc-1f3">
         <name>.text:xTaskGenericCreate</name>
         <load_address>0x574</load_address>
         <run_address>0x574</run_address>
         <size>0x100</size>
         <input_file_ref idref="fl-10"/>
      </object_component>
      <object_component id="oc-31d">
         <name>.text:xTaskResumeAll</name>
         <load_address>0x674</load_address>
         <run_address>0x674</run_address>
         <size>0xe4</size>
         <input_file_ref idref="fl-10"/>
      </object_component>
      <object_component id="oc-42">
         <name>.text</name>
         <load_address>0x758</load_address>
         <run_address>0x758</run_address>
         <size>0xd2</size>
         <input_file_ref idref="fl-12"/>
      </object_component>
      <object_component id="oc-36">
         <name>.text:FaultISR</name>
         <load_address>0x82a</load_address>
         <run_address>0x82a</run_address>
         <size>0x2</size>
         <input_file_ref idref="fl-3"/>
      </object_component>
      <object_component id="oc-3dc">
         <name>.text:process_enqueue</name>
         <load_address>0x82c</load_address>
         <run_address>0x82c</run_address>
         <size>0xcc</size>
         <input_file_ref idref="fl-4"/>
      </object_component>
      <object_component id="oc-3bc">
         <name>.text:process_dequeue</name>
         <load_address>0x8f8</load_address>
         <run_address>0x8f8</run_address>
         <size>0xac</size>
         <input_file_ref idref="fl-4"/>
      </object_component>
      <object_component id="oc-2e1">
         <name>.text:pvPortMalloc</name>
         <load_address>0x9a4</load_address>
         <run_address>0x9a4</run_address>
         <size>0xac</size>
         <input_file_ref idref="fl-13"/>
      </object_component>
      <object_component id="oc-61">
         <name>.text</name>
         <load_address>0xa50</load_address>
         <run_address>0xa50</run_address>
         <size>0x9c</size>
         <input_file_ref idref="fl-e0"/>
      </object_component>
      <object_component id="oc-339">
         <name>.text:Configure_Sampler</name>
         <load_address>0xaec</load_address>
         <run_address>0xaec</run_address>
         <size>0x8c</size>
         <input_file_ref idref="fl-5"/>
      </object_component>
      <object_component id="oc-a1">
         <name>.text:vTaskSwitchContext</name>
         <load_address>0xb78</load_address>
         <run_address>0xb78</run_address>
         <size>0x8c</size>
         <input_file_ref idref="fl-10"/>
      </object_component>
      <object_component id="oc-34b">
         <name>.text:ADC_StateMachine</name>
         <load_address>0xc04</load_address>
         <run_address>0xc04</run_address>
         <size>0x88</size>
         <input_file_ref idref="fl-6"/>
      </object_component>
      <object_component id="oc-351">
         <name>.text:vTaskDelayUntil</name>
         <load_address>0xc8c</load_address>
         <run_address>0xc8c</run_address>
         <size>0x84</size>
         <input_file_ref idref="fl-10"/>
      </object_component>
      <object_component id="oc-da">
         <name>.text</name>
         <load_address>0xd10</load_address>
         <run_address>0xd10</run_address>
         <size>0x7a</size>
         <input_file_ref idref="fl-e3"/>
      </object_component>
      <object_component id="oc-15">
         <name>.text:decompress:lzss:__TI_decompress_lzss</name>
         <load_address>0xd8a</load_address>
         <run_address>0xd8a</run_address>
         <size>0x68</size>
         <input_file_ref idref="fl-e6"/>
      </object_component>
      <object_component id="oc-3c">
         <name>.text:IntDefaultHandler</name>
         <load_address>0xdf2</load_address>
         <run_address>0xdf2</run_address>
         <size>0x2</size>
         <input_file_ref idref="fl-3"/>
      </object_component>
      <object_component id="oc-250">
         <name>.text:prvInitialiseTaskLists</name>
         <load_address>0xdf4</load_address>
         <run_address>0xdf4</run_address>
         <size>0x60</size>
         <input_file_ref idref="fl-10"/>
      </object_component>
      <object_component id="oc-157">
         <name>.text:vTaskStartScheduler</name>
         <load_address>0xe54</load_address>
         <run_address>0xe54</run_address>
         <size>0x60</size>
         <input_file_ref idref="fl-10"/>
      </object_component>
      <object_component id="oc-3b0">
         <name>.text:Deepcopy_Data_FIFO_LLDBUFFER</name>
         <load_address>0xeb4</load_address>
         <run_address>0xeb4</run_address>
         <size>0x5c</size>
         <input_file_ref idref="fl-6"/>
      </object_component>
      <object_component id="oc-267">
         <name>.text:prvCheckTasksWaitingTermination</name>
         <load_address>0xf10</load_address>
         <run_address>0xf10</run_address>
         <size>0x58</size>
         <input_file_ref idref="fl-10"/>
      </object_component>
      <object_component id="oc-23e">
         <name>.text:prvInitialiseTCBVariables</name>
         <load_address>0xf68</load_address>
         <run_address>0xf68</run_address>
         <size>0x56</size>
         <input_file_ref idref="fl-10"/>
      </object_component>
      <object_component id="oc-30">
         <name>.text:NmiSR</name>
         <load_address>0xfbe</load_address>
         <run_address>0xfbe</run_address>
         <size>0x2</size>
         <input_file_ref idref="fl-3"/>
      </object_component>
      <object_component id="oc-3d1">
         <name>.text:prvAddCurrentTaskToDelayedList</name>
         <load_address>0xfc0</load_address>
         <run_address>0xfc0</run_address>
         <size>0x4c</size>
         <input_file_ref idref="fl-10"/>
      </object_component>
      <object_component id="oc-3c2">
         <name>.text:start_Sequence_ADC</name>
         <load_address>0x100c</load_address>
         <run_address>0x100c</run_address>
         <size>0x4c</size>
         <input_file_ref idref="fl-6"/>
      </object_component>
      <object_component id="oc-16a">
         <name>.text:__TI_auto_init_nobinit_nopinit:__TI_auto_init_nobinit_nopinit</name>
         <load_address>0x1058</load_address>
         <run_address>0x1058</run_address>
         <size>0x44</size>
         <input_file_ref idref="fl-fb"/>
      </object_component>
      <object_component id="oc-1ec">
         <name>.text:invoke_tasks_core0</name>
         <load_address>0x109c</load_address>
         <run_address>0x109c</run_address>
         <size>0x44</size>
         <input_file_ref idref="fl-a"/>
      </object_component>
      <object_component id="oc-2e7">
         <name>.text:vPortFree</name>
         <load_address>0x10e0</load_address>
         <run_address>0x10e0</run_address>
         <size>0x44</size>
         <input_file_ref idref="fl-13"/>
      </object_component>
      <object_component id="oc-1f9">
         <name>.text:xPortStartScheduler</name>
         <load_address>0x1124</load_address>
         <run_address>0x1124</run_address>
         <size>0x40</size>
         <input_file_ref idref="fl-11"/>
      </object_component>
      <object_component id="oc-29c">
         <name>.text:initlize_circular_queue</name>
         <load_address>0x1164</load_address>
         <run_address>0x1164</run_address>
         <size>0x3c</size>
         <input_file_ref idref="fl-4"/>
      </object_component>
      <object_component id="oc-2ad">
         <name>.text:task20ms</name>
         <load_address>0x11a0</load_address>
         <run_address>0x11a0</run_address>
         <size>0x3c</size>
         <input_file_ref idref="fl-a"/>
      </object_component>
      <object_component id="oc-238">
         <name>.text:prvAllocateTCBAndStack</name>
         <load_address>0x11dc</load_address>
         <run_address>0x11dc</run_address>
         <size>0x3a</size>
         <input_file_ref idref="fl-10"/>
      </object_component>
      <object_component id="oc-10f">
         <name>.text:vApplicationStackOverflowHook</name>
         <load_address>0x1216</load_address>
         <run_address>0x1216</run_address>
         <size>0x2</size>
         <input_file_ref idref="fl-2"/>
      </object_component>
      <object_component id="oc-3a4">
         <name>.text:Get_Current_Elementfrom_Queue</name>
         <load_address>0x1218</load_address>
         <run_address>0x1218</run_address>
         <size>0x38</size>
         <input_file_ref idref="fl-4"/>
      </object_component>
      <object_component id="oc-2cb">
         <name>.text:task1000ms</name>
         <load_address>0x1250</load_address>
         <run_address>0x1250</run_address>
         <size>0x38</size>
         <input_file_ref idref="fl-a"/>
      </object_component>
      <object_component id="oc-40a">
         <name>.text:vListInsert</name>
         <load_address>0x1288</load_address>
         <run_address>0x1288</run_address>
         <size>0x38</size>
         <input_file_ref idref="fl-e"/>
      </object_component>
      <object_component id="oc-7f">
         <name>.text:_c_int00_noargs:_c_int00_noargs</name>
         <load_address>0x12c0</load_address>
         <run_address>0x12c0</run_address>
         <size>0x34</size>
         <input_file_ref idref="fl-f3"/>
      </object_component>
      <object_component id="oc-2b9">
         <name>.text:task100ms</name>
         <load_address>0x12f4</load_address>
         <run_address>0x12f4</run_address>
         <size>0x34</size>
         <input_file_ref idref="fl-a"/>
      </object_component>
      <object_component id="oc-2bf">
         <name>.text:task200ms</name>
         <load_address>0x1328</load_address>
         <run_address>0x1328</run_address>
         <size>0x34</size>
         <input_file_ref idref="fl-a"/>
      </object_component>
      <object_component id="oc-2c5">
         <name>.text:task500ms</name>
         <load_address>0x135c</load_address>
         <run_address>0x135c</run_address>
         <size>0x34</size>
         <input_file_ref idref="fl-a"/>
      </object_component>
      <object_component id="oc-2b3">
         <name>.text:task50ms</name>
         <load_address>0x1390</load_address>
         <run_address>0x1390</run_address>
         <size>0x34</size>
         <input_file_ref idref="fl-a"/>
      </object_component>
      <object_component id="oc-363">
         <name>.text:ADC_Sequencer_Runnable_task</name>
         <load_address>0x13c4</load_address>
         <run_address>0x13c4</run_address>
         <size>0x30</size>
         <input_file_ref idref="fl-6"/>
      </object_component>
      <object_component id="oc-378">
         <name>.text:prvHeapInit</name>
         <load_address>0x13f4</load_address>
         <run_address>0x13f4</run_address>
         <size>0x30</size>
         <input_file_ref idref="fl-13"/>
      </object_component>
      <object_component id="oc-2a4">
         <name>.text:task10ms</name>
         <load_address>0x1424</load_address>
         <run_address>0x1424</run_address>
         <size>0x30</size>
         <input_file_ref idref="fl-a"/>
      </object_component>
      <object_component id="oc-47">
         <name>.text:xPortSysTickHandler</name>
         <load_address>0x1454</load_address>
         <run_address>0x1454</run_address>
         <size>0x2c</size>
         <input_file_ref idref="fl-11"/>
      </object_component>
      <object_component id="oc-3b6">
         <name>.text:Validate_FIFO_LLD</name>
         <load_address>0x1480</load_address>
         <run_address>0x1480</run_address>
         <size>0x28</size>
         <input_file_ref idref="fl-6"/>
      </object_component>
      <object_component id="oc-119">
         <name>.text:prvResetNextTaskUnblockTime</name>
         <load_address>0x14a8</load_address>
         <run_address>0x14a8</run_address>
         <size>0x28</size>
         <input_file_ref idref="fl-10"/>
      </object_component>
      <object_component id="oc-244">
         <name>.text:pxPortInitialiseStack</name>
         <load_address>0x14d0</load_address>
         <run_address>0x14d0</run_address>
         <size>0x28</size>
         <input_file_ref idref="fl-11"/>
      </object_component>
      <object_component id="oc-36e">
         <name>.text:Get_Stack_sizes</name>
         <load_address>0x14f8</load_address>
         <run_address>0x14f8</run_address>
         <size>0x24</size>
         <input_file_ref idref="fl-a"/>
      </object_component>
      <object_component id="oc-3aa">
         <name>.text:stop_Sequence_ADC</name>
         <load_address>0x151c</load_address>
         <run_address>0x151c</run_address>
         <size>0x24</size>
         <input_file_ref idref="fl-6"/>
      </object_component>
      <object_component id="oc-22a">
         <name>.text:Initilize_ADC</name>
         <load_address>0x1540</load_address>
         <run_address>0x1540</run_address>
         <size>0x20</size>
         <input_file_ref idref="fl-5"/>
      </object_component>
      <object_component id="oc-af">
         <name>.text:clear_adc_interrupt</name>
         <load_address>0x1560</load_address>
         <run_address>0x1560</run_address>
         <size>0x20</size>
         <input_file_ref idref="fl-5"/>
      </object_component>
      <object_component id="oc-e6">
         <name>.text:main</name>
         <load_address>0x1580</load_address>
         <run_address>0x1580</run_address>
         <size>0x20</size>
         <input_file_ref idref="fl-2"/>
      </object_component>
      <object_component id="oc-11f">
         <name>.text:uxListRemove</name>
         <load_address>0x15a0</load_address>
         <run_address>0x15a0</run_address>
         <size>0x20</size>
         <input_file_ref idref="fl-e"/>
      </object_component>
      <object_component id="oc-24a">
         <name>.text:vPortEnterCritical</name>
         <load_address>0x15c0</load_address>
         <run_address>0x15c0</run_address>
         <size>0x1c</size>
         <input_file_ref idref="fl-11"/>
      </object_component>
      <object_component id="oc-39e">
         <name>.text:Get_Queue_Status</name>
         <load_address>0x15dc</load_address>
         <run_address>0x15dc</run_address>
         <size>0x18</size>
         <input_file_ref idref="fl-4"/>
      </object_component>
      <object_component id="oc-125">
         <name>.text:vListInsertEnd</name>
         <load_address>0x15f4</load_address>
         <run_address>0x15f4</run_address>
         <size>0x18</size>
         <input_file_ref idref="fl-e"/>
      </object_component>
      <object_component id="oc-256">
         <name>.text:vPortExitCritical</name>
         <load_address>0x160c</load_address>
         <run_address>0x160c</run_address>
         <size>0x18</size>
         <input_file_ref idref="fl-11"/>
      </object_component>
      <object_component id="oc-3f9">
         <name>.text:mem_cpy</name>
         <load_address>0x1624</load_address>
         <run_address>0x1624</run_address>
         <size>0x16</size>
         <input_file_ref idref="fl-4"/>
      </object_component>
      <object_component id="oc-2fd">
         <name>.text:vListInitialise</name>
         <load_address>0x163a</load_address>
         <run_address>0x163a</run_address>
         <size>0x16</size>
         <input_file_ref idref="fl-e"/>
      </object_component>
      <object_component id="oc-35d">
         <name>.text:Read_value_ADC</name>
         <load_address>0x1650</load_address>
         <run_address>0x1650</run_address>
         <size>0x14</size>
         <input_file_ref idref="fl-5"/>
      </object_component>
      <object_component id="oc-2d1">
         <name>.text:task2000ms</name>
         <load_address>0x1664</load_address>
         <run_address>0x1664</run_address>
         <size>0x14</size>
         <input_file_ref idref="fl-a"/>
      </object_component>
      <object_component id="oc-25d">
         <name>.text:vPortSetupTimerInterrupt</name>
         <load_address>0x1678</load_address>
         <run_address>0x1678</run_address>
         <size>0x14</size>
         <input_file_ref idref="fl-11"/>
      </object_component>
      <object_component id="oc-323">
         <name>.text:prvDeleteTCB</name>
         <load_address>0x168c</load_address>
         <run_address>0x168c</run_address>
         <size>0x12</size>
         <input_file_ref idref="fl-10"/>
      </object_component>
      <object_component id="oc-2f5">
         <name>.text:prvTaskExitError</name>
         <load_address>0x169e</load_address>
         <run_address>0x169e</run_address>
         <size>0x10</size>
         <input_file_ref idref="fl-11"/>
      </object_component>
      <object_component id="oc-317">
         <name>.text:vTaskSuspendAll</name>
         <load_address>0x16b0</load_address>
         <run_address>0x16b0</run_address>
         <size>0x10</size>
         <input_file_ref idref="fl-10"/>
      </object_component>
      <object_component id="oc-1b">
         <name>.text:decompress:none:__TI_decompress_none</name>
         <load_address>0x16c0</load_address>
         <run_address>0x16c0</run_address>
         <size>0xe</size>
         <input_file_ref idref="fl-e5"/>
      </object_component>
      <object_component id="oc-4d">
         <name>.text:ISR_ADC_Sequence0</name>
         <load_address>0x16d0</load_address>
         <run_address>0x16d0</run_address>
         <size>0xc</size>
         <input_file_ref idref="fl-5"/>
      </object_component>
      <object_component id="oc-73">
         <name>.text:decompress:ZI:__TI_zero_init</name>
         <load_address>0x16dc</load_address>
         <run_address>0x16dc</run_address>
         <size>0xc</size>
         <input_file_ref idref="fl-e4"/>
      </object_component>
      <object_component id="oc-151">
         <name>.text:system_initilazation_sequence</name>
         <load_address>0x16e8</load_address>
         <run_address>0x16e8</run_address>
         <size>0xc</size>
         <input_file_ref idref="fl-a"/>
      </object_component>
      <object_component id="oc-345">
         <name>.text:xTaskGetTickCount</name>
         <load_address>0x16f4</load_address>
         <run_address>0x16f4</run_address>
         <size>0xc</size>
         <input_file_ref idref="fl-10"/>
      </object_component>
      <object_component id="oc-1ff">
         <name>.text:prvIdleTask</name>
         <load_address>0x1700</load_address>
         <run_address>0x1700</run_address>
         <size>0x8</size>
         <input_file_ref idref="fl-10"/>
      </object_component>
      <object_component id="oc-2a">
         <name>.text:ResetISR</name>
         <load_address>0x1708</load_address>
         <run_address>0x1708</run_address>
         <size>0x6</size>
         <input_file_ref idref="fl-3"/>
      </object_component>
      <object_component id="oc-2ee">
         <name>.text:vListInitialiseItem</name>
         <load_address>0x170e</load_address>
         <run_address>0x170e</run_address>
         <size>0x6</size>
         <input_file_ref idref="fl-e"/>
      </object_component>
      <object_component id="oc-1e6">
         <name>.text:Mcal_Init</name>
         <load_address>0x1714</load_address>
         <run_address>0x1714</run_address>
         <size>0x4</size>
         <input_file_ref idref="fl-a"/>
      </object_component>
      <object_component id="oc-e0">
         <name>.text:_system_pre_init</name>
         <load_address>0x1718</load_address>
         <run_address>0x1718</run_address>
         <size>0x4</size>
         <input_file_ref idref="fl-fc"/>
      </object_component>
      <object_component id="oc-15e">
         <name>.text:abort:abort</name>
         <load_address>0x171c</load_address>
         <run_address>0x171c</run_address>
         <size>0x4</size>
         <input_file_ref idref="fl-e7"/>
      </object_component>
      <object_component id="oc-b5">
         <name>.const:C_ADC_Config</name>
         <load_address>0x1720</load_address>
         <run_address>0x1720</run_address>
         <size>0xf0</size>
         <input_file_ref idref="fl-9"/>
      </object_component>
      <object_component id="oc-9e">
         <name>.const</name>
         <load_address>0x1810</load_address>
         <run_address>0x1810</run_address>
         <size>0x4</size>
         <input_file_ref idref="fl-11"/>
      </object_component>
      <object_component id="oc-445">
         <name>.cinit..data.load</name>
         <load_address>0x1818</load_address>
         <run_address>0x1818</run_address>
         <size>0x7e</size>
      </object_component>
      <object_component id="oc-443">
         <name>__TI_handler_table</name>
         <load_address>0x1898</load_address>
         <run_address>0x1898</run_address>
         <size>0xc</size>
      </object_component>
      <object_component id="oc-446">
         <name>.cinit..bss.load</name>
         <load_address>0x18a8</load_address>
         <run_address>0x18a8</run_address>
         <size>0x8</size>
      </object_component>
      <object_component id="oc-444">
         <name>__TI_cinit_table</name>
         <load_address>0x18b0</load_address>
         <run_address>0x18b0</run_address>
         <size>0x10</size>
      </object_component>
      <object_component id="oc-3c8">
         <name>.data</name>
         <load_address>0x20007b50</load_address>
         <run_address>0x20007b50</run_address>
         <size>0x9</size>
         <input_file_ref idref="fl-6"/>
      </object_component>
      <object_component id="oc-357">
         <name>.data:os_task_counters</name>
         <load_address>0x20007ac0</load_address>
         <run_address>0x20007ac0</run_address>
         <size>0x40</size>
         <input_file_ref idref="fl-a"/>
      </object_component>
      <object_component id="oc-2aa">
         <name>.data:x_taskhandle</name>
         <load_address>0x20007b30</load_address>
         <run_address>0x20007b30</run_address>
         <size>0x20</size>
         <input_file_ref idref="fl-a"/>
      </object_component>
      <object_component id="oc-231">
         <name>.data:Task_control_struct_core0</name>
         <load_address>0x200079a0</load_address>
         <run_address>0x200079a0</run_address>
         <size>0x120</size>
         <input_file_ref idref="fl-b"/>
      </object_component>
      <object_component id="oc-9b">
         <name>.data</name>
         <load_address>0x20007b00</load_address>
         <run_address>0x20007b00</run_address>
         <size>0x30</size>
         <input_file_ref idref="fl-10"/>
      </object_component>
      <object_component id="oc-263">
         <name>.data</name>
         <load_address>0x20007b64</load_address>
         <run_address>0x20007b64</run_address>
         <size>0x4</size>
         <input_file_ref idref="fl-11"/>
      </object_component>
      <object_component id="oc-37e">
         <name>.data</name>
         <load_address>0x20007b5c</load_address>
         <run_address>0x20007b5c</run_address>
         <size>0x8</size>
         <input_file_ref idref="fl-13"/>
      </object_component>
      <object_component id="oc-3e3">
         <name>.bss:V_task_exec_stat</name>
         <uninitialized>true</uninitialized>
         <run_address>0x20007670</run_address>
         <size>0x24</size>
         <input_file_ref idref="fl-a"/>
      </object_component>
      <object_component id="oc-115">
         <name>.bss:pxReadyTasksLists</name>
         <uninitialized>true</uninitialized>
         <run_address>0x20007530</run_address>
         <size>0x140</size>
         <input_file_ref idref="fl-10"/>
      </object_component>
      <object_component id="oc-303">
         <name>.bss:xDelayedTaskList1</name>
         <uninitialized>true</uninitialized>
         <run_address>0x200076d0</run_address>
         <size>0x14</size>
         <input_file_ref idref="fl-10"/>
      </object_component>
      <object_component id="oc-306">
         <name>.bss:xDelayedTaskList2</name>
         <uninitialized>true</uninitialized>
         <run_address>0x200076e4</run_address>
         <size>0x14</size>
         <input_file_ref idref="fl-10"/>
      </object_component>
      <object_component id="oc-12b">
         <name>.bss</name>
         <uninitialized>true</uninitialized>
         <run_address>0x20007774</run_address>
         <size>0x8</size>
         <input_file_ref idref="fl-10"/>
      </object_component>
      <object_component id="oc-309">
         <name>.bss:xPendingReadyList</name>
         <uninitialized>true</uninitialized>
         <run_address>0x200076f8</run_address>
         <size>0x14</size>
         <input_file_ref idref="fl-10"/>
      </object_component>
      <object_component id="oc-30c">
         <name>.bss:xTasksWaitingTermination</name>
         <uninitialized>true</uninitialized>
         <run_address>0x20007720</run_address>
         <size>0x14</size>
         <input_file_ref idref="fl-10"/>
      </object_component>
      <object_component id="oc-30f">
         <name>.bss:xSuspendedTaskList</name>
         <uninitialized>true</uninitialized>
         <run_address>0x2000770c</run_address>
         <size>0x14</size>
         <input_file_ref idref="fl-10"/>
      </object_component>
      <object_component id="oc-3e7">
         <name>.bss:ucHeap</name>
         <uninitialized>true</uninitialized>
         <run_address>0x20000000</run_address>
         <size>0x7530</size>
         <input_file_ref idref="fl-13"/>
      </object_component>
      <object_component id="oc-381">
         <name>.bss:xStart</name>
         <uninitialized>true</uninitialized>
         <run_address>0x20007784</run_address>
         <size>0x8</size>
         <input_file_ref idref="fl-13"/>
      </object_component>
      <object_component id="oc-384">
         <name>.bss:xEnd</name>
         <uninitialized>true</uninitialized>
         <run_address>0x2000777c</run_address>
         <size>0x8</size>
         <input_file_ref idref="fl-13"/>
      </object_component>
      <object_component id="oc-340">
         <name>.common:V_Queue_Datastruct</name>
         <uninitialized>true</uninitialized>
         <run_address>0x200076b4</run_address>
         <size>0x1c</size>
      </object_component>
      <object_component id="oc-343">
         <name>.common:V_Size_Queue_Datastruct</name>
         <uninitialized>true</uninitialized>
         <run_address>0x2000778c</run_address>
         <size>0x8</size>
      </object_component>
      <object_component id="oc-3da">
         <name>.common:fifo_value_Adc</name>
         <uninitialized>true</uninitialized>
         <run_address>0x2000779c</run_address>
         <size>0x4</size>
      </object_component>
      <object_component id="oc-2a2">
         <name>.common:V_Values_ADC</name>
         <uninitialized>true</uninitialized>
         <run_address>0x20007798</run_address>
         <size>0x4</size>
      </object_component>
      <object_component id="oc-404">
         <name>.common:V_ADC_FIFO_Status</name>
         <uninitialized>true</uninitialized>
         <run_address>0x20007794</run_address>
         <size>0x4</size>
      </object_component>
      <object_component id="oc-132">
         <name>.common:V_sensor1</name>
         <uninitialized>true</uninitialized>
         <run_address>0x20007734</run_address>
         <size>0x10</size>
      </object_component>
      <object_component id="oc-135">
         <name>.common:V_sensor2</name>
         <uninitialized>true</uninitialized>
         <run_address>0x20007744</run_address>
         <size>0x10</size>
      </object_component>
      <object_component id="oc-136">
         <name>.common:V_sensor3</name>
         <uninitialized>true</uninitialized>
         <run_address>0x20007754</run_address>
         <size>0x10</size>
      </object_component>
      <object_component id="oc-137">
         <name>.common:V_sensor4</name>
         <uninitialized>true</uninitialized>
         <run_address>0x20007764</run_address>
         <size>0x10</size>
      </object_component>
      <object_component id="oc-234">
         <name>.common:task_create_status</name>
         <uninitialized>true</uninitialized>
         <run_address>0x20007694</run_address>
         <size>0x20</size>
      </object_component>
      <object_component id="oc-24">
         <name>.sysmem</name>
         <uninitialized>true</uninitialized>
         <run_address>0x20007b68</run_address>
         <size>0x10</size>
         <input_file_ref idref="fl-ef"/>
      </object_component>
      <object_component id="oc-449">
         <name>.sysmem</name>
         <uninitialized>true</uninitialized>
         <run_address>0x20007b68</run_address>
         <size>0x0</size>
      </object_component>
      <object_component id="oc-27">
         <name>.stack</name>
         <uninitialized>true</uninitialized>
         <run_address>0x200077a0</run_address>
         <size>0x4</size>
         <input_file_ref idref="fl-f3"/>
      </object_component>
      <object_component id="oc-448">
         <name>.stack</name>
         <uninitialized>true</uninitialized>
         <run_address>0x200077a0</run_address>
         <size>0x0</size>
      </object_component>
      <object_component id="oc-13f">
         <name>.debug_info</name>
         <load_address>0x0</load_address>
         <run_address>0x0</run_address>
         <size>0x416</size>
         <input_file_ref idref="fl-2"/>
      </object_component>
      <object_component id="oc-111">
         <name>.debug_info</name>
         <load_address>0x416</load_address>
         <run_address>0x416</run_address>
         <size>0x172</size>
         <input_file_ref idref="fl-2"/>
      </object_component>
      <object_component id="oc-e8">
         <name>.debug_info</name>
         <load_address>0x588</load_address>
         <run_address>0x588</run_address>
         <size>0x157</size>
         <input_file_ref idref="fl-2"/>
      </object_component>
      <object_component id="oc-1d8">
         <name>.debug_info</name>
         <load_address>0x6df</load_address>
         <run_address>0x6df</run_address>
         <size>0x1c4</size>
         <input_file_ref idref="fl-2"/>
      </object_component>
      <object_component id="oc-1ce">
         <name>.debug_info</name>
         <load_address>0x8a3</load_address>
         <run_address>0x8a3</run_address>
         <size>0x35f</size>
         <input_file_ref idref="fl-2"/>
      </object_component>
      <object_component id="oc-1a3">
         <name>.debug_info</name>
         <load_address>0xc02</load_address>
         <run_address>0xc02</run_address>
         <size>0x2ef</size>
         <input_file_ref idref="fl-2"/>
      </object_component>
      <object_component id="oc-c0">
         <name>.debug_info</name>
         <load_address>0xef1</load_address>
         <run_address>0xef1</run_address>
         <size>0x26b</size>
         <input_file_ref idref="fl-2"/>
      </object_component>
      <object_component id="oc-5c">
         <name>.debug_info</name>
         <load_address>0x115c</load_address>
         <run_address>0x115c</run_address>
         <size>0x84</size>
         <input_file_ref idref="fl-2"/>
      </object_component>
      <object_component id="oc-1d3">
         <name>.debug_info</name>
         <load_address>0x11e0</load_address>
         <run_address>0x11e0</run_address>
         <size>0x46</size>
         <input_file_ref idref="fl-2"/>
      </object_component>
      <object_component id="oc-1e1">
         <name>.debug_info</name>
         <load_address>0x1226</load_address>
         <run_address>0x1226</run_address>
         <size>0x2c</size>
         <input_file_ref idref="fl-2"/>
      </object_component>
      <object_component id="oc-1a8">
         <name>.debug_info</name>
         <load_address>0x1252</load_address>
         <run_address>0x1252</run_address>
         <size>0x2c</size>
         <input_file_ref idref="fl-2"/>
      </object_component>
      <object_component id="oc-13a">
         <name>.debug_info</name>
         <load_address>0x127e</load_address>
         <run_address>0x127e</run_address>
         <size>0x2a4</size>
         <input_file_ref idref="fl-2"/>
      </object_component>
      <object_component id="oc-bb">
         <name>.debug_info</name>
         <load_address>0x1522</load_address>
         <run_address>0x1522</run_address>
         <size>0xbb</size>
         <input_file_ref idref="fl-2"/>
      </object_component>
      <object_component id="oc-107">
         <name>.debug_info</name>
         <load_address>0x15dd</load_address>
         <run_address>0x15dd</run_address>
         <size>0x53</size>
         <input_file_ref idref="fl-2"/>
      </object_component>
      <object_component id="oc-1b7">
         <name>.debug_info</name>
         <load_address>0x1630</load_address>
         <run_address>0x1630</run_address>
         <size>0x14c</size>
         <input_file_ref idref="fl-2"/>
      </object_component>
      <object_component id="oc-55">
         <name>.debug_info</name>
         <load_address>0x177c</load_address>
         <run_address>0x177c</run_address>
         <size>0x38f</size>
         <input_file_ref idref="fl-3"/>
      </object_component>
      <object_component id="oc-13">
         <name>.debug_info</name>
         <load_address>0x1b0b</load_address>
         <run_address>0x1b0b</run_address>
         <size>0xe6</size>
         <input_file_ref idref="fl-3"/>
      </object_component>
      <object_component id="oc-2b">
         <name>.debug_info</name>
         <load_address>0x1bf1</load_address>
         <run_address>0x1bf1</run_address>
         <size>0x116</size>
         <input_file_ref idref="fl-3"/>
      </object_component>
      <object_component id="oc-31">
         <name>.debug_info</name>
         <load_address>0x1d07</load_address>
         <run_address>0x1d07</run_address>
         <size>0x107</size>
         <input_file_ref idref="fl-3"/>
      </object_component>
      <object_component id="oc-3d">
         <name>.debug_info</name>
         <load_address>0x1e0e</load_address>
         <run_address>0x1e0e</run_address>
         <size>0x11f</size>
         <input_file_ref idref="fl-3"/>
      </object_component>
      <object_component id="oc-37">
         <name>.debug_info</name>
         <load_address>0x1f2d</load_address>
         <run_address>0x1f2d</run_address>
         <size>0x10d</size>
         <input_file_ref idref="fl-3"/>
      </object_component>
      <object_component id="oc-341">
         <name>.debug_info</name>
         <load_address>0x203a</load_address>
         <run_address>0x203a</run_address>
         <size>0x359</size>
         <input_file_ref idref="fl-4"/>
      </object_component>
      <object_component id="oc-3fc">
         <name>.debug_info</name>
         <load_address>0x2393</load_address>
         <run_address>0x2393</run_address>
         <size>0x19a</size>
         <input_file_ref idref="fl-4"/>
      </object_component>
      <object_component id="oc-3df">
         <name>.debug_info</name>
         <load_address>0x252d</load_address>
         <run_address>0x252d</run_address>
         <size>0x217</size>
         <input_file_ref idref="fl-4"/>
      </object_component>
      <object_component id="oc-3a7">
         <name>.debug_info</name>
         <load_address>0x2744</load_address>
         <run_address>0x2744</run_address>
         <size>0x1cb</size>
         <input_file_ref idref="fl-4"/>
      </object_component>
      <object_component id="oc-3bf">
         <name>.debug_info</name>
         <load_address>0x290f</load_address>
         <run_address>0x290f</run_address>
         <size>0x206</size>
         <input_file_ref idref="fl-4"/>
      </object_component>
      <object_component id="oc-29f">
         <name>.debug_info</name>
         <load_address>0x2b15</load_address>
         <run_address>0x2b15</run_address>
         <size>0x275</size>
         <input_file_ref idref="fl-4"/>
      </object_component>
      <object_component id="oc-3a1">
         <name>.debug_info</name>
         <load_address>0x2d8a</load_address>
         <run_address>0x2d8a</run_address>
         <size>0x1aa</size>
         <input_file_ref idref="fl-4"/>
      </object_component>
      <object_component id="oc-130">
         <name>.debug_info</name>
         <load_address>0x2f34</load_address>
         <run_address>0x2f34</run_address>
         <size>0x3c0</size>
         <input_file_ref idref="fl-5"/>
      </object_component>
      <object_component id="oc-b0">
         <name>.debug_info</name>
         <load_address>0x32f4</load_address>
         <run_address>0x32f4</run_address>
         <size>0x172</size>
         <input_file_ref idref="fl-5"/>
      </object_component>
      <object_component id="oc-35e">
         <name>.debug_info</name>
         <load_address>0x3466</load_address>
         <run_address>0x3466</run_address>
         <size>0x12e</size>
         <input_file_ref idref="fl-5"/>
      </object_component>
      <object_component id="oc-33a">
         <name>.debug_info</name>
         <load_address>0x3594</load_address>
         <run_address>0x3594</run_address>
         <size>0x174</size>
         <input_file_ref idref="fl-5"/>
      </object_component>
      <object_component id="oc-297">
         <name>.debug_info</name>
         <load_address>0x3708</load_address>
         <run_address>0x3708</run_address>
         <size>0x191</size>
         <input_file_ref idref="fl-5"/>
      </object_component>
      <object_component id="oc-22b">
         <name>.debug_info</name>
         <load_address>0x3899</load_address>
         <run_address>0x3899</run_address>
         <size>0x159</size>
         <input_file_ref idref="fl-5"/>
      </object_component>
      <object_component id="oc-4e">
         <name>.debug_info</name>
         <load_address>0x39f2</load_address>
         <run_address>0x39f2</run_address>
         <size>0x149</size>
         <input_file_ref idref="fl-5"/>
      </object_component>
      <object_component id="oc-402">
         <name>.debug_info</name>
         <load_address>0x3b3b</load_address>
         <run_address>0x3b3b</run_address>
         <size>0x464</size>
         <input_file_ref idref="fl-6"/>
      </object_component>
      <object_component id="oc-3c9">
         <name>.debug_info</name>
         <load_address>0x3f9f</load_address>
         <run_address>0x3f9f</run_address>
         <size>0xee</size>
         <input_file_ref idref="fl-6"/>
      </object_component>
      <object_component id="oc-3ab">
         <name>.debug_info</name>
         <load_address>0x408d</load_address>
         <run_address>0x408d</run_address>
         <size>0x16d</size>
         <input_file_ref idref="fl-6"/>
      </object_component>
      <object_component id="oc-3c3">
         <name>.debug_info</name>
         <load_address>0x41fa</load_address>
         <run_address>0x41fa</run_address>
         <size>0x168</size>
         <input_file_ref idref="fl-6"/>
      </object_component>
      <object_component id="oc-3b8">
         <name>.debug_info</name>
         <load_address>0x4362</load_address>
         <run_address>0x4362</run_address>
         <size>0x17b</size>
         <input_file_ref idref="fl-6"/>
      </object_component>
      <object_component id="oc-3b1">
         <name>.debug_info</name>
         <load_address>0x44dd</load_address>
         <run_address>0x44dd</run_address>
         <size>0x1e4</size>
         <input_file_ref idref="fl-6"/>
      </object_component>
      <object_component id="oc-34c">
         <name>.debug_info</name>
         <load_address>0x46c1</load_address>
         <run_address>0x46c1</run_address>
         <size>0x279</size>
         <input_file_ref idref="fl-6"/>
      </object_component>
      <object_component id="oc-365">
         <name>.debug_info</name>
         <load_address>0x493a</load_address>
         <run_address>0x493a</run_address>
         <size>0x1a7</size>
         <input_file_ref idref="fl-6"/>
      </object_component>
      <object_component id="oc-3cc">
         <name>.debug_info</name>
         <load_address>0x4ae1</load_address>
         <run_address>0x4ae1</run_address>
         <size>0x111</size>
         <input_file_ref idref="fl-6"/>
      </object_component>
      <object_component id="oc-133">
         <name>.debug_info</name>
         <load_address>0x4bf2</load_address>
         <run_address>0x4bf2</run_address>
         <size>0x35c</size>
         <input_file_ref idref="fl-9"/>
      </object_component>
      <object_component id="oc-b6">
         <name>.debug_info</name>
         <load_address>0x4f4e</load_address>
         <run_address>0x4f4e</run_address>
         <size>0xee</size>
         <input_file_ref idref="fl-9"/>
      </object_component>
      <object_component id="oc-235">
         <name>.debug_info</name>
         <load_address>0x503c</load_address>
         <run_address>0x503c</run_address>
         <size>0x5bc</size>
         <input_file_ref idref="fl-a"/>
      </object_component>
      <object_component id="oc-358">
         <name>.debug_info</name>
         <load_address>0x55f8</load_address>
         <run_address>0x55f8</run_address>
         <size>0xe8</size>
         <input_file_ref idref="fl-a"/>
      </object_component>
      <object_component id="oc-2ab">
         <name>.debug_info</name>
         <load_address>0x56e0</load_address>
         <run_address>0x56e0</run_address>
         <size>0xe0</size>
         <input_file_ref idref="fl-a"/>
      </object_component>
      <object_component id="oc-3e4">
         <name>.debug_info</name>
         <load_address>0x57c0</load_address>
         <run_address>0x57c0</run_address>
         <size>0xe7</size>
         <input_file_ref idref="fl-a"/>
      </object_component>
      <object_component id="oc-2b4">
         <name>.debug_info</name>
         <load_address>0x58a7</load_address>
         <run_address>0x58a7</run_address>
         <size>0x150</size>
         <input_file_ref idref="fl-a"/>
      </object_component>
      <object_component id="oc-2c6">
         <name>.debug_info</name>
         <load_address>0x59f7</load_address>
         <run_address>0x59f7</run_address>
         <size>0x152</size>
         <input_file_ref idref="fl-a"/>
      </object_component>
      <object_component id="oc-2af">
         <name>.debug_info</name>
         <load_address>0x5b49</load_address>
         <run_address>0x5b49</run_address>
         <size>0x187</size>
         <input_file_ref idref="fl-a"/>
      </object_component>
      <object_component id="oc-2c0">
         <name>.debug_info</name>
         <load_address>0x5cd0</load_address>
         <run_address>0x5cd0</run_address>
         <size>0x152</size>
         <input_file_ref idref="fl-a"/>
      </object_component>
      <object_component id="oc-2d2">
         <name>.debug_info</name>
         <load_address>0x5e22</load_address>
         <run_address>0x5e22</run_address>
         <size>0x154</size>
         <input_file_ref idref="fl-a"/>
      </object_component>
      <object_component id="oc-2a6">
         <name>.debug_info</name>
         <load_address>0x5f76</load_address>
         <run_address>0x5f76</run_address>
         <size>0x16a</size>
         <input_file_ref idref="fl-a"/>
      </object_component>
      <object_component id="oc-2bb">
         <name>.debug_info</name>
         <load_address>0x60e0</load_address>
         <run_address>0x60e0</run_address>
         <size>0x152</size>
         <input_file_ref idref="fl-a"/>
      </object_component>
      <object_component id="oc-370">
         <name>.debug_info</name>
         <load_address>0x6232</load_address>
         <run_address>0x6232</run_address>
         <size>0x123</size>
         <input_file_ref idref="fl-a"/>
      </object_component>
      <object_component id="oc-2cd">
         <name>.debug_info</name>
         <load_address>0x6355</load_address>
         <run_address>0x6355</run_address>
         <size>0x16a</size>
         <input_file_ref idref="fl-a"/>
      </object_component>
      <object_component id="oc-1e8">
         <name>.debug_info</name>
         <load_address>0x64bf</load_address>
         <run_address>0x64bf</run_address>
         <size>0x114</size>
         <input_file_ref idref="fl-a"/>
      </object_component>
      <object_component id="oc-1ee">
         <name>.debug_info</name>
         <load_address>0x65d3</load_address>
         <run_address>0x65d3</run_address>
         <size>0x131</size>
         <input_file_ref idref="fl-a"/>
      </object_component>
      <object_component id="oc-153">
         <name>.debug_info</name>
         <load_address>0x6704</load_address>
         <run_address>0x6704</run_address>
         <size>0x157</size>
         <input_file_ref idref="fl-a"/>
      </object_component>
      <object_component id="oc-2dc">
         <name>.debug_info</name>
         <load_address>0x685b</load_address>
         <run_address>0x685b</run_address>
         <size>0x3c9</size>
         <input_file_ref idref="fl-a"/>
      </object_component>
      <object_component id="oc-2d9">
         <name>.debug_info</name>
         <load_address>0x6c24</load_address>
         <run_address>0x6c24</run_address>
         <size>0x426</size>
         <input_file_ref idref="fl-b"/>
      </object_component>
      <object_component id="oc-232">
         <name>.debug_info</name>
         <load_address>0x704a</load_address>
         <run_address>0x704a</run_address>
         <size>0x100</size>
         <input_file_ref idref="fl-b"/>
      </object_component>
      <object_component id="oc-1c8">
         <name>.debug_info</name>
         <load_address>0x714a</load_address>
         <run_address>0x714a</run_address>
         <size>0x304</size>
         <input_file_ref idref="fl-e"/>
      </object_component>
      <object_component id="oc-128">
         <name>.debug_info</name>
         <load_address>0x744e</load_address>
         <run_address>0x744e</run_address>
         <size>0x245</size>
         <input_file_ref idref="fl-e"/>
      </object_component>
      <object_component id="oc-40b">
         <name>.debug_info</name>
         <load_address>0x7693</load_address>
         <run_address>0x7693</run_address>
         <size>0x270</size>
         <input_file_ref idref="fl-e"/>
      </object_component>
      <object_component id="oc-2f1">
         <name>.debug_info</name>
         <load_address>0x7903</load_address>
         <run_address>0x7903</run_address>
         <size>0x1f2</size>
         <input_file_ref idref="fl-e"/>
      </object_component>
      <object_component id="oc-2fe">
         <name>.debug_info</name>
         <load_address>0x7af5</load_address>
         <run_address>0x7af5</run_address>
         <size>0x1ea</size>
         <input_file_ref idref="fl-e"/>
      </object_component>
      <object_component id="oc-121">
         <name>.debug_info</name>
         <load_address>0x7cdf</load_address>
         <run_address>0x7cdf</run_address>
         <size>0x21d</size>
         <input_file_ref idref="fl-e"/>
      </object_component>
      <object_component id="oc-1bc">
         <name>.debug_info</name>
         <load_address>0x7efc</load_address>
         <run_address>0x7efc</run_address>
         <size>0x110</size>
         <input_file_ref idref="fl-e"/>
      </object_component>
      <object_component id="oc-226">
         <name>.debug_info</name>
         <load_address>0x800c</load_address>
         <run_address>0x800c</run_address>
         <size>0x79b</size>
         <input_file_ref idref="fl-f"/>
      </object_component>
      <object_component id="oc-291">
         <name>.debug_info</name>
         <load_address>0x87a7</load_address>
         <run_address>0x87a7</run_address>
         <size>0x1cd</size>
         <input_file_ref idref="fl-f"/>
      </object_component>
      <object_component id="oc-1b2">
         <name>.debug_info</name>
         <load_address>0x8974</load_address>
         <run_address>0x8974</run_address>
         <size>0x35</size>
         <input_file_ref idref="fl-f"/>
      </object_component>
      <object_component id="oc-106">
         <name>.debug_info</name>
         <load_address>0x89a9</load_address>
         <run_address>0x89a9</run_address>
         <size>0x782</size>
         <input_file_ref idref="fl-10"/>
      </object_component>
      <object_component id="oc-9c">
         <name>.debug_info</name>
         <load_address>0x912b</load_address>
         <run_address>0x912b</run_address>
         <size>0x328</size>
         <input_file_ref idref="fl-10"/>
      </object_component>
      <object_component id="oc-116">
         <name>.debug_info</name>
         <load_address>0x9453</load_address>
         <run_address>0x9453</run_address>
         <size>0x124</size>
         <input_file_ref idref="fl-10"/>
      </object_component>
      <object_component id="oc-304">
         <name>.debug_info</name>
         <load_address>0x9577</load_address>
         <run_address>0x9577</run_address>
         <size>0x124</size>
         <input_file_ref idref="fl-10"/>
      </object_component>
      <object_component id="oc-307">
         <name>.debug_info</name>
         <load_address>0x969b</load_address>
         <run_address>0x969b</run_address>
         <size>0x124</size>
         <input_file_ref idref="fl-10"/>
      </object_component>
      <object_component id="oc-12c">
         <name>.debug_info</name>
         <load_address>0x97bf</load_address>
         <run_address>0x97bf</run_address>
         <size>0x166</size>
         <input_file_ref idref="fl-10"/>
      </object_component>
      <object_component id="oc-30a">
         <name>.debug_info</name>
         <load_address>0x9925</load_address>
         <run_address>0x9925</run_address>
         <size>0x124</size>
         <input_file_ref idref="fl-10"/>
      </object_component>
      <object_component id="oc-30d">
         <name>.debug_info</name>
         <load_address>0x9a49</load_address>
         <run_address>0x9a49</run_address>
         <size>0x132</size>
         <input_file_ref idref="fl-10"/>
      </object_component>
      <object_component id="oc-310">
         <name>.debug_info</name>
         <load_address>0x9b7b</load_address>
         <run_address>0x9b7b</run_address>
         <size>0x126</size>
         <input_file_ref idref="fl-10"/>
      </object_component>
      <object_component id="oc-11a">
         <name>.debug_info</name>
         <load_address>0x9ca1</load_address>
         <run_address>0x9ca1</run_address>
         <size>0x1f0</size>
         <input_file_ref idref="fl-10"/>
      </object_component>
      <object_component id="oc-a9">
         <name>.debug_info</name>
         <load_address>0x9e91</load_address>
         <run_address>0x9e91</run_address>
         <size>0x2c0</size>
         <input_file_ref idref="fl-10"/>
      </object_component>
      <object_component id="oc-31e">
         <name>.debug_info</name>
         <load_address>0xa151</load_address>
         <run_address>0xa151</run_address>
         <size>0x288</size>
         <input_file_ref idref="fl-10"/>
      </object_component>
      <object_component id="oc-3d2">
         <name>.debug_info</name>
         <load_address>0xa3d9</load_address>
         <run_address>0xa3d9</run_address>
         <size>0x24b</size>
         <input_file_ref idref="fl-10"/>
      </object_component>
      <object_component id="oc-346">
         <name>.debug_info</name>
         <load_address>0xa624</load_address>
         <run_address>0xa624</run_address>
         <size>0x1e3</size>
         <input_file_ref idref="fl-10"/>
      </object_component>
      <object_component id="oc-239">
         <name>.debug_info</name>
         <load_address>0xa807</load_address>
         <run_address>0xa807</run_address>
         <size>0x2d6</size>
         <input_file_ref idref="fl-10"/>
      </object_component>
      <object_component id="oc-23f">
         <name>.debug_info</name>
         <load_address>0xaadd</load_address>
         <run_address>0xaadd</run_address>
         <size>0x2d2</size>
         <input_file_ref idref="fl-10"/>
      </object_component>
      <object_component id="oc-251">
         <name>.debug_info</name>
         <load_address>0xadaf</load_address>
         <run_address>0xadaf</run_address>
         <size>0x257</size>
         <input_file_ref idref="fl-10"/>
      </object_component>
      <object_component id="oc-1f4">
         <name>.debug_info</name>
         <load_address>0xb006</load_address>
         <run_address>0xb006</run_address>
         <size>0x48d</size>
         <input_file_ref idref="fl-10"/>
      </object_component>
      <object_component id="oc-a2">
         <name>.debug_info</name>
         <load_address>0xb493</load_address>
         <run_address>0xb493</run_address>
         <size>0x251</size>
         <input_file_ref idref="fl-10"/>
      </object_component>
      <object_component id="oc-318">
         <name>.debug_info</name>
         <load_address>0xb6e4</load_address>
         <run_address>0xb6e4</run_address>
         <size>0x1c6</size>
         <input_file_ref idref="fl-10"/>
      </object_component>
      <object_component id="oc-158">
         <name>.debug_info</name>
         <load_address>0xb8aa</load_address>
         <run_address>0xb8aa</run_address>
         <size>0x201</size>
         <input_file_ref idref="fl-10"/>
      </object_component>
      <object_component id="oc-352">
         <name>.debug_info</name>
         <load_address>0xbaab</load_address>
         <run_address>0xbaab</run_address>
         <size>0x334</size>
         <input_file_ref idref="fl-10"/>
      </object_component>
      <object_component id="oc-324">
         <name>.debug_info</name>
         <load_address>0xbddf</load_address>
         <run_address>0xbddf</run_address>
         <size>0x205</size>
         <input_file_ref idref="fl-10"/>
      </object_component>
      <object_component id="oc-268">
         <name>.debug_info</name>
         <load_address>0xbfe4</load_address>
         <run_address>0xbfe4</run_address>
         <size>0x29b</size>
         <input_file_ref idref="fl-10"/>
      </object_component>
      <object_component id="oc-200">
         <name>.debug_info</name>
         <load_address>0xc27f</load_address>
         <run_address>0xc27f</run_address>
         <size>0x1fe</size>
         <input_file_ref idref="fl-10"/>
      </object_component>
      <object_component id="oc-19e">
         <name>.debug_info</name>
         <load_address>0xc47d</load_address>
         <run_address>0xc47d</run_address>
         <size>0x169</size>
         <input_file_ref idref="fl-10"/>
      </object_component>
      <object_component id="oc-1ad">
         <name>.debug_info</name>
         <load_address>0xc5e6</load_address>
         <run_address>0xc5e6</run_address>
         <size>0x46</size>
         <input_file_ref idref="fl-10"/>
      </object_component>
      <object_component id="oc-10e">
         <name>.debug_info</name>
         <load_address>0xc62c</load_address>
         <run_address>0xc62c</run_address>
         <size>0x3e4</size>
         <input_file_ref idref="fl-11"/>
      </object_component>
      <object_component id="oc-9f">
[...]
         <unused_space>0x488</unused_space>
         <attributes>RWX</attributes>
         <usage_details>
            <allocated_space>
               <start_address>0x20000000</start_address>
               <size>0x0</size>
               <logical_group_ref idref="lg-41c"/>
            </allocated_space>
            <allocated_space>
               <start_address>0x20000000</start_address>
               <size>0x77a0</size>
               <logical_group_ref idref="lg-b"/>
            </allocated_space>
            <allocated_space>
               <start_address>0x200077a0</start_address>
               <size>0x200</size>
               <logical_group_ref idref="lg-d"/>
            </allocated_space>
            <allocated_space>
               <start_address>0x200079a0</start_address>
               <size>0x1c8</size>
               <logical_group_ref idref="lg-a"/>
            </allocated_space>
            <allocated_space>
               <start_address>0x20007b68</start_address>
               <size>0x10</size>
               <logical_group_ref idref="lg-c"/>
            </allocated_space>
            <available_space>
               <start_address>0x20007b78</start_address>
               <size>0x488</size>
            </available_space>
         </usage_details>
      </memory_area>
   </placement_map>
   <cptbl_list>
      <cptbl>
         <name>__TI_cinit_table</name>
         <cprec>
            <name>.data</name>
            <load_address>0x1818</load_address>
            <load_size>0x7e</load_size>
            <run_address>0x200079a0</run_address>
            <run_size>0x1c8</run_size>
            <compression>lzss</compression>
         </cprec>
         <cprec>
            <name>.bss</name>
            <load_address>0x18a8</load_address>
            <load_size>0x8</load_size>
            <run_address>0x20000000</run_address>
            <run_size>0x77a0</run_size>
            <compression>zero_init</compression>
         </cprec>
      </cptbl>
   </cptbl_list>
   <handler_table>
      <handler_table_name>__TI_handler_table</handler_table_name>
      <handler>
         <index>0x0</index>
         <name>__TI_decompress_lzss</name>
      </handler>
      <handler>
         <index>0x1</index>
         <name>__TI_decompress_none</name>
      </handler>
      <handler>
         <index>0x2</index>
         <name>__TI_zero_init</name>
      </handler>
   </handler_table>
   <symbol_table>
      <symbol id="sm-1">
         <name>__STACK_TOP</name>
         <value>0x200079a0</value>
      </symbol>
      <symbol id="sm-2">
         <name>__start___llvm_prf_cnts</name>
         <value>0x20000000</value>
      </symbol>
      <symbol id="sm-3">
         <name>__stop___llvm_prf_cnts</name>
         <value>0x20000000</value>
      </symbol>
      <symbol id="sm-4">
         <name>__TI_CINIT_Base</name>
         <value>0x18b0</value>
      </symbol>
      <symbol id="sm-5">
         <name>__TI_CINIT_Limit</name>
         <value>0x18c0</value>
      </symbol>
      <symbol id="sm-6">
         <name>__TI_Handler_Table_Base</name>
         <value>0x1898</value>
      </symbol>
      <symbol id="sm-7">
         <name>__TI_Handler_Table_Limit</name>
         <value>0x18a4</value>
      </symbol>
      <symbol id="sm-8">
         <name>binit</name>
         <value>0xffffffff</value>
      </symbol>
      <symbol id="sm-9">
         <name>__binit__</name>
         <value>0xffffffff</value>
      </symbol>
      <symbol id="sm-a">
         <name>__STACK_SIZE</name>
         <value>0x200</value>
      </symbol>
      <symbol id="sm-b">
         <name>__STACK_END</name>
         <value>0x200079a0</value>
      </symbol>
      <symbol id="sm-c">
         <name>__SYSMEM_SIZE</name>
         <value>0x10</value>
      </symbol>
      <symbol id="sm-d">
         <name>__c_args__</name>
         <value>0xffffffff</value>
      </symbol>
      <symbol id="sm-e">
         <name>__TI_pprof_out_hndl</name>
         <value>0xffffffff</value>
      </symbol>
      <symbol id="sm-f">
         <name>__TI_prof_data_start</name>
         <value>0xffffffff</value>
      </symbol>
      <symbol id="sm-10">
         <name>__TI_prof_data_size</name>
         <value>0xffffffff</value>
      </symbol>
      <symbol id="sm-7e">
         <name>vApplicationStackOverflowHook</name>
         <value>0x1217</value>
         <object_component_ref idref="oc-10f"/>
      </symbol>
      <symbol id="sm-7f">
         <name>main</name>
         <value>0x1581</value>
         <object_component_ref idref="oc-e6"/>
      </symbol>
      <symbol id="sm-b0">
         <name>ResetISR</name>
         <value>0x1709</value>
         <object_component_ref idref="oc-2a"/>
      </symbol>
      <symbol id="sm-b1">
         <name>g_pfnVectors</name>
         <value>0x0</value>
         <object_component_ref idref="oc-12"/>
      </symbol>
      <symbol id="sm-108">
         <name>V_Queue_Datastruct</name>
         <value>0x200076b4</value>
      </symbol>
      <symbol id="sm-109">
         <name>V_Size_Queue_Datastruct</name>
         <value>0x2000778c</value>
      </symbol>
      <symbol id="sm-10a">
         <name>process_dequeue</name>
         <value>0x8f9</value>
         <object_component_ref idref="oc-3bc"/>
      </symbol>
      <symbol id="sm-10b">
         <name>Get_Queue_Status</name>
         <value>0x15dd</value>
         <object_component_ref idref="oc-39e"/>
      </symbol>
      <symbol id="sm-10c">
         <name>initlize_circular_queue</name>
         <value>0x1165</value>
         <object_component_ref idref="oc-29c"/>
      </symbol>
      <symbol id="sm-10d">
         <name>Get_Current_Elementfrom_Queue</name>
         <value>0x1219</value>
         <object_component_ref idref="oc-3a4"/>
      </symbol>
      <symbol id="sm-10e">
         <name>process_enqueue</name>
         <value>0x82d</value>
         <object_component_ref idref="oc-3dc"/>
      </symbol>
      <symbol id="sm-15e">
         <name>fifo_value_Adc</name>
         <value>0x2000779c</value>
      </symbol>
      <symbol id="sm-15f">
         <name>V_Values_ADC</name>
         <value>0x20007798</value>
      </symbol>
      <symbol id="sm-160">
         <name>clear_adc_interrupt</name>
         <value>0x1561</value>
         <object_component_ref idref="oc-af"/>
      </symbol>
      <symbol id="sm-161">
         <name>ADC_Init</name>
         <value>0x26d</value>
         <object_component_ref idref="oc-296"/>
      </symbol>
      <symbol id="sm-162">
         <name>Configure_Sampler</name>
         <value>0xaed</value>
         <object_component_ref idref="oc-339"/>
      </symbol>
      <symbol id="sm-163">
         <name>ISR_ADC_Sequence0</name>
         <value>0x16d1</value>
         <object_component_ref idref="oc-4d"/>
      </symbol>
      <symbol id="sm-164">
         <name>Initilize_ADC</name>
         <value>0x1541</value>
         <object_component_ref idref="oc-22a"/>
      </symbol>
      <symbol id="sm-165">
         <name>Read_value_ADC</name>
         <value>0x1651</value>
         <object_component_ref idref="oc-35d"/>
      </symbol>
      <symbol id="sm-1cd">
         <name>V_ADC_FIFO_Status</name>
         <value>0x20007794</value>
      </symbol>
      <symbol id="sm-1ce">
         <name>status_sync</name>
         <value>0x20007b50</value>
         <object_component_ref idref="oc-3c8"/>
      </symbol>
      <symbol id="sm-1cf">
         <name>ADC_Sequencer_Runnable_task</name>
         <value>0x13c5</value>
         <object_component_ref idref="oc-363"/>
      </symbol>
      <symbol id="sm-1d0">
         <name>stop_Sequence_ADC</name>
         <value>0x151d</value>
         <object_component_ref idref="oc-3aa"/>
      </symbol>
      <symbol id="sm-1d1">
         <name>start_Sequence_ADC</name>
         <value>0x100d</value>
         <object_component_ref idref="oc-3c2"/>
      </symbol>
      <symbol id="sm-1d2">
         <name>Validate_FIFO_LLD</name>
         <value>0x1481</value>
         <object_component_ref idref="oc-3b6"/>
      </symbol>
      <symbol id="sm-1d3">
         <name>Deepcopy_Data_FIFO_LLDBUFFER</name>
         <value>0xeb5</value>
         <object_component_ref idref="oc-3b0"/>
      </symbol>
      <symbol id="sm-1d4">
         <name>ADC_StateMachine</name>
         <value>0xc05</value>
         <object_component_ref idref="oc-34b"/>
      </symbol>
      <symbol id="sm-1e2">
         <name>V_sensor1</name>
         <value>0x20007734</value>
      </symbol>
      <symbol id="sm-1e3">
         <name>V_sensor2</name>
         <value>0x20007744</value>
      </symbol>
      <symbol id="sm-1e4">
         <name>V_sensor3</name>
         <value>0x20007754</value>
      </symbol>
      <symbol id="sm-1e5">
         <name>V_sensor4</name>
         <value>0x20007764</value>
      </symbol>
      <symbol id="sm-1e6">
         <name>C_ADC_Config</name>
         <value>0x1720</value>
         <object_component_ref idref="oc-b5"/>
      </symbol>
      <symbol id="sm-283">
         <name>task_create_status</name>
         <value>0x20007694</value>
      </symbol>
      <symbol id="sm-284">
         <name>task10ms</name>
         <value>0x1425</value>
         <object_component_ref idref="oc-2a4"/>
      </symbol>
      <symbol id="sm-285">
         <name>task500ms</name>
         <value>0x135d</value>
         <object_component_ref idref="oc-2c5"/>
      </symbol>
      <symbol id="sm-286">
         <name>invoke_tasks_core0</name>
         <value>0x109d</value>
         <object_component_ref idref="oc-1ec"/>
      </symbol>
      <symbol id="sm-287">
         <name>task20ms</name>
         <value>0x11a1</value>
         <object_component_ref idref="oc-2ad"/>
      </symbol>
      <symbol id="sm-288">
         <name>task2000ms</name>
         <value>0x1665</value>
         <object_component_ref idref="oc-2d1"/>
      </symbol>
      <symbol id="sm-289">
         <name>task1000ms</name>
         <value>0x1251</value>
         <object_component_ref idref="oc-2cb"/>
      </symbol>
      <symbol id="sm-28a">
         <name>task200ms</name>
         <value>0x1329</value>
         <object_component_ref idref="oc-2bf"/>
      </symbol>
      <symbol id="sm-28b">
         <name>x_taskhandle</name>
         <value>0x20007b30</value>
         <object_component_ref idref="oc-2aa"/>
      </symbol>
      <symbol id="sm-28c">
         <name>task100ms</name>
         <value>0x12f5</value>
         <object_component_ref idref="oc-2b9"/>
      </symbol>
      <symbol id="sm-28d">
         <name>os_task_counters</name>
         <value>0x20007ac0</value>
         <object_component_ref idref="oc-357"/>
      </symbol>
      <symbol id="sm-28e">
         <name>system_initilazation_sequence</name>
         <value>0x16e9</value>
         <object_component_ref idref="oc-151"/>
      </symbol>
      <symbol id="sm-28f">
         <name>task50ms</name>
         <value>0x1391</value>
         <object_component_ref idref="oc-2b3"/>
      </symbol>
      <symbol id="sm-29a">
         <name>Task_control_struct_core0</name>
         <value>0x200079a0</value>
         <object_component_ref idref="oc-231"/>
      </symbol>
      <symbol id="sm-2d1">
         <name>uxListRemove</name>
         <value>0x15a1</value>
         <object_component_ref idref="oc-11f"/>
      </symbol>
      <symbol id="sm-2d2">
         <name>vListInsert</name>
         <value>0x1289</value>
         <object_component_ref idref="oc-40a"/>
      </symbol>
      <symbol id="sm-2d3">
         <name>vListInitialiseItem</name>
         <value>0x170f</value>
         <object_component_ref idref="oc-2ee"/>
      </symbol>
      <symbol id="sm-2d4">
         <name>vListInsertEnd</name>
         <value>0x15f5</value>
         <object_component_ref idref="oc-125"/>
      </symbol>
      <symbol id="sm-2d5">
         <name>vListInitialise</name>
         <value>0x163b</value>
         <object_component_ref idref="oc-2fd"/>
      </symbol>
      <symbol id="sm-439">
         <name>vTaskSuspendAll</name>
         <value>0x16b1</value>
         <object_component_ref idref="oc-317"/>
      </symbol>
      <symbol id="sm-43a">
         <name>vTaskStartScheduler</name>
         <value>0xe55</value>
         <object_component_ref idref="oc-157"/>
      </symbol>
      <symbol id="sm-43b">
         <name>vTaskDelayUntil</name>
         <value>0xc8d</value>
         <object_component_ref idref="oc-351"/>
      </symbol>
      <symbol id="sm-43c">
         <name>xTaskResumeAll</name>
         <value>0x675</value>
         <object_component_ref idref="oc-31d"/>
      </symbol>
      <symbol id="sm-43d">
         <name>xTaskGetTickCount</name>
         <value>0x16f5</value>
         <object_component_ref idref="oc-345"/>
      </symbol>
      <symbol id="sm-43e">
         <name>xTaskGenericCreate</name>
         <value>0x575</value>
         <object_component_ref idref="oc-1f3"/>
      </symbol>
      <symbol id="sm-43f">
         <name>pxCurrentTCB</name>
         <value>0x20007b00</value>
         <object_component_ref idref="oc-9b"/>
      </symbol>
      <symbol id="sm-440">
         <name>xTaskIncrementTick</name>
         <value>0x471</value>
         <object_component_ref idref="oc-a8"/>
      </symbol>
      <symbol id="sm-441">
         <name>vTaskSwitchContext</name>
         <value>0xb79</value>
         <object_component_ref idref="oc-a1"/>
      </symbol>
      <symbol id="sm-49b">
         <name>ulMaxSyscallInterruptPriority</name>
         <value>0x1810</value>
         <object_component_ref idref="oc-9e"/>
      </symbol>
      <symbol id="sm-49c">
         <name>vPortSetupTimerInterrupt</name>
         <value>0x1679</value>
         <object_component_ref idref="oc-25d"/>
      </symbol>
      <symbol id="sm-49d">
         <name>xPortSysTickHandler</name>
         <value>0x1455</value>
         <object_component_ref idref="oc-47"/>
      </symbol>
      <symbol id="sm-49e">
         <name>pxPortInitialiseStack</name>
         <value>0x14d1</value>
         <object_component_ref idref="oc-244"/>
      </symbol>
      <symbol id="sm-49f">
         <name>vPortExitCritical</name>
         <value>0x160d</value>
         <object_component_ref idref="oc-256"/>
      </symbol>
      <symbol id="sm-4a0">
         <name>xPortStartScheduler</name>
         <value>0x1125</value>
         <object_component_ref idref="oc-1f9"/>
      </symbol>
      <symbol id="sm-4a1">
         <name>vPortEnterCritical</name>
         <value>0x15c1</value>
         <object_component_ref idref="oc-24a"/>
      </symbol>
      <symbol id="sm-4b0">
         <name>vPortStartFirstTask</name>
         <value>0x801</value>
         <object_component_ref idref="oc-42"/>
      </symbol>
      <symbol id="sm-4b1">
         <name>ulPortGetIPSR</name>
         <value>0x769</value>
         <object_component_ref idref="oc-42"/>
      </symbol>
      <symbol id="sm-4b2">
         <name>vPortEnableVFP</name>
         <value>0x81d</value>
         <object_component_ref idref="oc-42"/>
      </symbol>
      <symbol id="sm-4b3">
         <name>xPortPendSVHandler</name>
         <value>0x781</value>
         <object_component_ref idref="oc-42"/>
      </symbol>
      <symbol id="sm-4b4">
         <name>vPortSVCHandler</name>
         <value>0x7e1</value>
         <object_component_ref idref="oc-42"/>
      </symbol>
      <symbol id="sm-509">
         <name>pvPortMalloc</name>
         <value>0x9a5</value>
         <object_component_ref idref="oc-2e1"/>
      </symbol>
      <symbol id="sm-50a">
         <name>vPortFree</name>
         <value>0x10e1</value>
         <object_component_ref idref="oc-2e7"/>
      </symbol>
      <symbol id="sm-53c">
         <name>memcpy</name>
         <value>0xa51</value>
         <object_component_ref idref="oc-61"/>
      </symbol>
      <symbol id="sm-53d">
         <name>__aeabi_memcpy</name>
         <value>0xa51</value>
         <object_component_ref idref="oc-61"/>
      </symbol>
      <symbol id="sm-53e">
         <name>__aeabi_memcpy8</name>
         <value>0xa51</value>
         <object_component_ref idref="oc-61"/>
      </symbol>
      <symbol id="sm-53f">
         <name>__aeabi_memcpy4</name>
         <value>0xa51</value>
         <object_component_ref idref="oc-61"/>
      </symbol>
      <symbol id="sm-550">
         <name>__aeabi_memset</name>
         <value>0xd13</value>
         <object_component_ref idref="oc-da"/>
      </symbol>
      <symbol id="sm-551">
         <name>memset</name>
         <value>0xd19</value>
         <object_component_ref idref="oc-da"/>
      </symbol>
      <symbol id="sm-552">
         <name>__aeabi_memset8</name>
         <value>0xd13</value>
         <object_component_ref idref="oc-da"/>
      </symbol>
      <symbol id="sm-553">
         <name>__aeabi_memset4</name>
         <value>0xd13</value>
         <object_component_ref idref="oc-da"/>
      </symbol>
      <symbol id="sm-554">
         <name>__aeabi_memclr8</name>
         <value>0xd11</value>
         <object_component_ref idref="oc-da"/>
      </symbol>
      <symbol id="sm-555">
         <name>__aeabi_memclr4</name>
         <value>0xd11</value>
         <object_component_ref idref="oc-da"/>
      </symbol>
      <symbol id="sm-556">
         <name>__aeabi_memclr</name>
         <value>0xd11</value>
         <object_component_ref idref="oc-da"/>
      </symbol>
      <symbol id="sm-568">
         <name>__TI_zero_init</name>
         <value>0x16dd</value>
         <object_component_ref idref="oc-73"/>
      </symbol>
      <symbol id="sm-57f">
         <name>__TI_decompress_none</name>
         <value>0x16c1</value>
         <object_component_ref idref="oc-1b"/>
      </symbol>
      <symbol id="sm-5a2">
         <name>__TI_decompress_lzss</name>
         <value>0xd8b</value>
         <object_component_ref idref="oc-15"/>
      </symbol>
      <symbol id="sm-5ad">
         <name>C$$EXIT</name>
         <value>0x171d</value>
         <object_component_ref idref="oc-15e"/>
      </symbol>
      <symbol id="sm-5ae">
         <name>abort</name>
         <value>0x171d</value>
         <object_component_ref idref="oc-15e"/>
      </symbol>
      <symbol id="sm-5ca">
         <name>_sys_memory</name>
         <value>0x20007b68</value>
         <object_component_ref idref="oc-24"/>
      </symbol>
      <symbol id="sm-5e0">
         <name>__stack</name>
         <value>0x200077a0</value>
         <object_component_ref idref="oc-27"/>
      </symbol>
      <symbol id="sm-5e1">
         <name>_c_int00_noargs</name>
         <value>0x12c1</value>
         <object_component_ref idref="oc-7f"/>
      </symbol>
      <symbol id="sm-610">
         <name>__TI_auto_init_nobinit_nopinit</name>
         <value>0x1059</value>
         <object_component_ref idref="oc-16a"/>
      </symbol>
      <symbol id="sm-61a">
         <name>_system_pre_init</name>
         <value>0x1719</value>
         <object_component_ref idref="oc-e0"/>
      </symbol>
      <symbol id="sm-633">
         <name>__TI_static_base__</name>
         <value>0x0</value>
      </symbol>
      <symbol id="sm-636">
         <name>__mpu_init</name>
         <value>0x0</value>
      </symbol>
      <symbol id="sm-637">
         <name>_system_post_cinit</name>
         <value>0x0</value>
      </symbol>
   </symbol_table>
   <title>Link successful</title>
</link_info>
