******************************************************************************
                  TI ARM Linker PC v20.2.5                     
******************************************************************************
>> Linked Sat Jul 27 17:56:52 2024

OUTPUT FILE NAME:   <freertos_demo.out>
ENTRY POINT SYMBOL: "_c_int00_noargs"  address: 00000e89


MEMORY CONFIGURATION

         name            origin    length      used     unused   attr    fill
----------------------  --------  ---------  --------  --------  ----  --------
  FLASH                 00000000   00040000  0000130c  0003ecf4  R  X
  SRAM                  20000000   00008000  00007b00  00000500  RW X


SEGMENT ALLOCATION MAP

run origin  load origin   length   init length attrs members
----------  ----------- ---------- ----------- ----- -------
00000000    00000000    00001310   00001310    r-x
  00000000    00000000    0000026c   0000026c    r-- .intvecs
  0000026c    0000026c    00000fcc   00000fcc    r-x .text
  00001238    00001238    00000034   00000034    r-- .const
  00001270    00001270    000000a0   000000a0    r-- .cinit
20000000    20000000    00007b08   00000000    rw-
  20000000    20000000    00007734   00000000    rw- .bss
  20007738    20007738    00000200   00000000    rw- .stack
  20007938    20007938    000001bc   00000000    rw- .data
  20007af8    20007af8    00000010   00000000    rw- .sysmem


SECTION ALLOCATION MAP

 output                                  attributes/
section   page    origin      length       input sections
--------  ----  ----------  ----------   ----------------
.intvecs   0    00000000    0000026c     
                  00000000    0000026c     startup_ccs.obj (.intvecs)

.text      0    0000026c    00000fcc     
                  0000026c    00000104     tasks.obj (.text:xTaskIncrementTick)
                  00000370    00000100     tasks.obj (.text:xTaskGenericCreate)
                  00000470    000000f8     adc.obj (.text:ADC_Init)
                  00000568    000000e4     tasks.obj (.text:xTaskResumeAll)
                  0000064c    000000d2     portasm.obj (.text)
                  0000071e    00000002     startup_ccs.obj (.text:FaultISR)
                  00000720    000000ac     heap_2.obj (.text:pvPortMalloc)
                  000007cc    0000009c     rtsv7M4_T_le_v4SPD16_eabi.lib : memcpy_t2.asm.obj (.text)
                  00000868    0000008c     tasks.obj (.text:vTaskSwitchContext)
                  000008f4    00000084     tasks.obj (.text:vTaskDelayUntil)
                  00000978    00000080     adc.obj (.text:Configure_Sampler)
                  000009f8    0000007a     rtsv7M4_T_le_v4SPD16_eabi.lib : memset_t2.asm.obj (.text)
                  00000a72    00000068                                   : copy_decompress_lzss.c.obj (.text:decompress:lzss:__TI_decompress_lzss)
                  00000ada    00000002     startup_ccs.obj (.text:IntDefaultHandler)
                  00000adc    00000060     tasks.obj (.text:prvInitialiseTaskLists)
                  00000b3c    00000060     tasks.obj (.text:vTaskStartScheduler)
                  00000b9c    00000058     tasks.obj (.text:prvCheckTasksWaitingTermination)
                  00000bf4    00000056     tasks.obj (.text:prvInitialiseTCBVariables)
                  00000c4a    00000002     startup_ccs.obj (.text:NmiSR)
                  00000c4c    0000004c     tasks.obj (.text:prvAddCurrentTaskToDelayedList)
                  00000c98    00000044     rtsv7M4_T_le_v4SPD16_eabi.lib : autoinit.c.obj (.text:__TI_auto_init_nobinit_nopinit:__TI_auto_init_nobinit_nopinit)
                  00000cdc    00000044     os.obj (.text:invoke_tasks_core0)
                  00000d20    00000044     heap_2.obj (.text:vPortFree)
                  00000d64    00000040     port.obj (.text:xPortStartScheduler)
                  00000da4    0000003a     tasks.obj (.text:prvAllocateTCBAndStack)
                  00000dde    00000002     freertos_demo.obj (.text:vApplicationStackOverflowHook)
                  00000de0    00000038     os.obj (.text:task1000ms)
                  00000e18    00000038     os.obj (.text:task20ms)
                  00000e50    00000038     list.obj (.text:vListInsert)
                  00000e88    00000034     rtsv7M4_T_le_v4SPD16_eabi.lib : boot_cortex_m.c.obj (.text:_c_int00_noargs:_c_int00_noargs)
                  00000ebc    00000034     os.obj (.text:task100ms)
                  00000ef0    00000034     os.obj (.text:task200ms)
                  00000f24    00000034     os.obj (.text:task500ms)
                  00000f58    00000034     os.obj (.text:task50ms)
                  00000f8c    00000030     heap_2.obj (.text:prvHeapInit)
                  00000fbc    0000002c     os.obj (.text:task10ms)
                  00000fe8    0000002c     port.obj (.text:xPortSysTickHandler)
                  00001014    00000028     tasks.obj (.text:prvResetNextTaskUnblockTime)
                  0000103c    00000028     port.obj (.text:pxPortInitialiseStack)
                  00001064    00000024     os.obj (.text:Get_Stack_sizes)
                  00001088    00000020     adc.obj (.text:clear_adc_interrupt)
                  000010a8    00000020     freertos_demo.obj (.text:main)
                  000010c8    00000020     list.obj (.text:uxListRemove)
                  000010e8    0000001c     port.obj (.text:vPortEnterCritical)
                  00001104    00000018     list.obj (.text:vListInsertEnd)
                  0000111c    00000018     port.obj (.text:vPortExitCritical)
                  00001134    00000016     list.obj (.text:vListInitialise)
                  0000114a    00000002     --HOLE-- [fill = 0]
                  0000114c    00000014     adc.obj (.text:Read_value_ADC)
                  00001160    00000014     os.obj (.text:task2000ms)
                  00001174    00000014     port.obj (.text:vPortSetupTimerInterrupt)
                  00001188    00000012     tasks.obj (.text:prvDeleteTCB)
                  0000119a    00000010     port.obj (.text:prvTaskExitError)
                  000011aa    00000002     --HOLE-- [fill = 0]
                  000011ac    00000010     adc.obj (.text:start_adcconversion)
                  000011bc    00000010     tasks.obj (.text:vTaskSuspendAll)
                  000011cc    0000000e     rtsv7M4_T_le_v4SPD16_eabi.lib : copy_decompress_none.c.obj (.text:decompress:none:__TI_decompress_none)
                  000011da    00000002     --HOLE-- [fill = 0]
                  000011dc    0000000c     adc.obj (.text:ISR_ADC_Sequence0)
                  000011e8    0000000c     adc.obj (.text:Initilize_ADC)
                  000011f4    0000000c     rtsv7M4_T_le_v4SPD16_eabi.lib : copy_zero_init.c.obj (.text:decompress:ZI:__TI_zero_init)
                  00001200    0000000c     os.obj (.text:system_initilazation_sequence)
                  0000120c    0000000c     tasks.obj (.text:xTaskGetTickCount)
                  00001218    00000008     tasks.obj (.text:prvIdleTask)
                  00001220    00000006     startup_ccs.obj (.text:ResetISR)
                  00001226    00000006     list.obj (.text:vListInitialiseItem)
                  0000122c    00000004     os.obj (.text:Mcal_Init)
                  00001230    00000004     rtsv7M4_T_le_v4SPD16_eabi.lib : pre_init.c.obj (.text:_system_pre_init)
                  00001234    00000004                                   : exit.c.obj (.text:abort:abort)

.const     0    00001238    00000034     
                  00001238    00000030     adc_config.obj (.const:C_ADC_Config)
                  00001268    00000004     port.obj (.const)

.cinit     0    00001270    000000a0     
                  00001270    00000076     (.cinit..data.load) [load image, compression = lzss]
                  000012e6    00000002     --HOLE-- [fill = 0]
                  000012e8    0000000c     (__TI_handler_table)
                  000012f4    00000004     --HOLE-- [fill = 0]
                  000012f8    00000008     (.cinit..bss.load) [load image, compression = zero_init]
                  00001300    00000010     (__TI_cinit_table)

.init_array 
*          0    00000000    00000000     UNINITIALIZED

.bss       0    20000000    00007734     UNINITIALIZED
                  20000000    00007530     heap_2.obj (.bss:ucHeap)
                  20007530    00000140     tasks.obj (.bss:pxReadyTasksLists)
                  20007670    00000024     os.obj (.bss:V_task_exec_stat)
                  20007694    00000020     (.common:task_create_status)
                  200076b4    00000014     tasks.obj (.bss:xDelayedTaskList1)
                  200076c8    00000014     tasks.obj (.bss:xDelayedTaskList2)
                  200076dc    00000014     tasks.obj (.bss:xPendingReadyList)
                  200076f0    00000014     tasks.obj (.bss:xSuspendedTaskList)
                  20007704    00000014     tasks.obj (.bss:xTasksWaitingTermination)
                  20007718    00000008     tasks.obj (.bss)
                  20007720    00000008     heap_2.obj (.bss:xEnd)
                  20007728    00000008     heap_2.obj (.bss:xStart)
                  20007730    00000004     (.common:fifo_value_Adc)

.stack     0    20007738    00000200     UNINITIALIZED
                  20007738    00000004     rtsv7M4_T_le_v4SPD16_eabi.lib : boot_cortex_m.c.obj (.stack)
                  2000773c    000001fc     --HOLE--

.data      0    20007938    000001bc     UNINITIALIZED
                  20007938    00000120     os_const.obj (.data:Task_control_struct_core0)
                  20007a58    00000040     os.obj (.data:os_task_counters)
                  20007a98    00000030     tasks.obj (.data)
                  20007ac8    00000020     os.obj (.data:x_taskhandle)
                  20007ae8    00000008     heap_2.obj (.data)
                  20007af0    00000004     port.obj (.data)

.sysmem    0    20007af8    00000010     UNINITIALIZED
                  20007af8    00000010     rtsv7M4_T_le_v4SPD16_eabi.lib : memory.c.obj (.sysmem)

__llvm_prf_cnts 
*          0    20000000    00000000     UNINITIALIZED

MODULE SUMMARY

       Module                       code   ro data   rw data
       ------                       ----   -------   -------
    .\
       startup_ccs.obj              12     620       0      
       freertos_demo.obj            34     0         0      
    +--+----------------------------+------+---------+---------+
       Total:                       46     620       0      
                                                            
    .\MCAL\SOURCE\
       adc.obj                      468    0         4      
    +--+----------------------------+------+---------+---------+
       Total:                       468    0         4      
                                                            
    .\MCAL\cfg\
       adc_config.obj               0      48        0      
    +--+----------------------------+------+---------+---------+
       Total:                       0      48        0      
                                                            
    .\OS\
       os.obj                       504    0         164    
       os_const.obj                 0      0         288    
    +--+----------------------------+------+---------+---------+
       Total:                       504    0         452    
                                                            
    .\third_party\FreeRTOS\Source\
       tasks.obj                    1610   0         476    
       list.obj                     140    0         0      
    +--+----------------------------+------+---------+---------+
       Total:                       1750   0         476    
                                                            
    .\third_party\FreeRTOS\Source\portable\CCS\ARM_CM4F\
       port.obj                     236    4         4      
       portasm.obj                  210    0         0      
    +--+----------------------------+------+---------+---------+
       Total:                       446    4         4      
                                                            
    .\third_party\FreeRTOS\Source\portable\MemMang\
       heap_2.obj                   288    0         30024  
    +--+----------------------------+------+---------+---------+
       Total:                       288    0         30024  
                                                            
    D:\Softwares\ti\CCS\ccs\tools\compiler\ti-cgt-arm_20.2.5.LTS\lib\rtsv7M4_T_le_v4SPD16_eabi.lib
       memcpy_t2.asm.obj            156    0         0      
       memset_t2.asm.obj            122    0         0      
       copy_decompress_lzss.c.obj   104    0         0      
       autoinit.c.obj               68     0         0      
       boot_cortex_m.c.obj          52     0         0      
       copy_decompress_none.c.obj   14     0         0      
       copy_zero_init.c.obj         12     0         0      
       exit.c.obj                   4      0         0      
       pre_init.c.obj               4      0         0      
    +--+----------------------------+------+---------+---------+
       Total:                       536    0         0      
                                                            
       Heap:                        0      0         16     
       Stack:                       0      0         512    
       Linker Generated:            0      154       0      
    +--+----------------------------+------+---------+---------+
       Grand Total:                 4038   826       31488  


LINKER GENERATED COPY TABLES

__TI_cinit_table @ 00001300 records: 2, size/record: 8, table size: 16
	.data: load addr=00001270, load size=00000076 bytes, run addr=20007938, run size=000001bc bytes, compression=lzss
	.bss: load addr=000012f8, load size=00000008 bytes, run addr=20000000, run size=00007734 bytes, compression=zero_init


LINKER GENERATED HANDLER TABLE

__TI_handler_table @ 000012e8 records: 3, size/record: 4, table size: 12
	index: 0, handler: __TI_decompress_lzss
	index: 1, handler: __TI_decompress_none
	index: 2, handler: __TI_zero_init


GLOBAL SYMBOLS: SORTED ALPHABETICALLY BY Name 

address   name                          
-------   ----                          
00000471  ADC_Init                      
00001235  C$$EXIT                       
00001238  C_ADC_Config                  
00000979  Configure_Sampler             
000011dd  ISR_ADC_Sequence0             
000011e9  Initilize_ADC                 
0000114d  Read_value_ADC                
00001221  ResetISR                      
20007938  Task_control_struct_core0     
20007938  __STACK_END                   
00000200  __STACK_SIZE                  
20007938  __STACK_TOP                   
00000010  __SYSMEM_SIZE                 
00001300  __TI_CINIT_Base               
00001310  __TI_CINIT_Limit              
000012e8  __TI_Handler_Table_Base       
000012f4  __TI_Handler_Table_Limit      
00000c99  __TI_auto_init_nobinit_nopinit
00000a73  __TI_decompress_lzss          
000011cd  __TI_decompress_none          
ffffffff  __TI_pprof_out_hndl           
ffffffff  __TI_prof_data_size           
ffffffff  __TI_prof_data_start          
00000000  __TI_static_base__            
000011f5  __TI_zero_init                
000009f9  __aeabi_memclr                
000009f9  __aeabi_memclr4               
000009f9  __aeabi_memclr8               
000007cd  __aeabi_memcpy                
000007cd  __aeabi_memcpy4               
000007cd  __aeabi_memcpy8               
000009fb  __aeabi_memset                
000009fb  __aeabi_memset4               
000009fb  __aeabi_memset8               
ffffffff  __binit__                     
ffffffff  __c_args__                    
UNDEFED   __mpu_init                    
20007738  __stack                       
20000000  __start___llvm_prf_cnts       
20000000  __stop___llvm_prf_cnts        
00000e89  _c_int00_noargs               
20007af8  _sys_memory                   
UNDEFED   _system_post_cinit            
00001231  _system_pre_init              
00001235  abort                         
ffffffff  binit                         
00001089  clear_adc_interrupt           
20007730  fifo_value_Adc                
00000000  g_pfnVectors                  
00000cdd  invoke_tasks_core0            
000010a9  main                          
000007cd  memcpy                        
00000a01  memset                        
20007a58  os_task_counters              
00000721  pvPortMalloc                  
20007a98  pxCurrentTCB                  
0000103d  pxPortInitialiseStack         
000011ad  start_adcconversion           
00001201  system_initilazation_sequence 
00000de1  task1000ms                    
00000ebd  task100ms                     
00000fbd  task10ms                      
00001161  task2000ms                    
00000ef1  task200ms                     
00000e19  task20ms                      
00000f25  task500ms                     
00000f59  task50ms                      
20007694  task_create_status            
00001268  ulMaxSyscallInterruptPriority 
0000065d  ulPortGetIPSR                 
000010c9  uxListRemove                  
00000ddf  vApplicationStackOverflowHook 
00001135  vListInitialise               
00001227  vListInitialiseItem           
00000e51  vListInsert                   
00001105  vListInsertEnd                
00000711  vPortEnableVFP                
000010e9  vPortEnterCritical            
0000111d  vPortExitCritical             
00000d21  vPortFree                     
000006d5  vPortSVCHandler               
00001175  vPortSetupTimerInterrupt      
000006f5  vPortStartFirstTask           
000008f5  vTaskDelayUntil               
00000b3d  vTaskStartScheduler           
000011bd  vTaskSuspendAll               
00000869  vTaskSwitchContext            
00000675  xPortPendSVHandler            
00000d65  xPortStartScheduler           
00000fe9  xPortSysTickHandler           
00000371  xTaskGenericCreate            
0000120d  xTaskGetTickCount             
0000026d  xTaskIncrementTick            
00000569  xTaskResumeAll                
20007ac8  x_taskhandle                  


GLOBAL SYMBOLS: SORTED BY Symbol Address 

address   name                          
-------   ----                          
00000000  __TI_static_base__            
00000000  g_pfnVectors                  
00000010  __SYSMEM_SIZE                 
00000200  __STACK_SIZE                  
0000026d  xTaskIncrementTick            
00000371  xTaskGenericCreate            
00000471  ADC_Init                      
00000569  xTaskResumeAll                
0000065d  ulPortGetIPSR                 
00000675  xPortPendSVHandler            
000006d5  vPortSVCHandler               
000006f5  vPortStartFirstTask           
00000711  vPortEnableVFP                
00000721  pvPortMalloc                  
000007cd  __aeabi_memcpy                
000007cd  __aeabi_memcpy4               
000007cd  __aeabi_memcpy8               
000007cd  memcpy                        
00000869  vTaskSwitchContext            
000008f5  vTaskDelayUntil               
00000979  Configure_Sampler             
000009f9  __aeabi_memclr                
000009f9  __aeabi_memclr4               
000009f9  __aeabi_memclr8               
000009fb  __aeabi_memset                
000009fb  __aeabi_memset4               
000009fb  __aeabi_memset8               
00000a01  memset                        
00000a73  __TI_decompress_lzss          
00000b3d  vTaskStartScheduler           
00000c99  __TI_auto_init_nobinit_nopinit
00000cdd  invoke_tasks_core0            
00000d21  vPortFree                     
00000d65  xPortStartScheduler           
00000ddf  vApplicationStackOverflowHook 
00000de1  task1000ms                    
00000e19  task20ms                      
00000e51  vListInsert                   
00000e89  _c_int00_noargs               
00000ebd  task100ms                     
00000ef1  task200ms                     
00000f25  task500ms                     
00000f59  task50ms                      
00000fbd  task10ms                      
00000fe9  xPortSysTickHandler           
0000103d  pxPortInitialiseStack         
00001089  clear_adc_interrupt           
000010a9  main                          
000010c9  uxListRemove                  
000010e9  vPortEnterCritical            
00001105  vListInsertEnd                
0000111d  vPortExitCritical             
00001135  vListInitialise               
0000114d  Read_value_ADC                
00001161  task2000ms                    
00001175  vPortSetupTimerInterrupt      
000011ad  start_adcconversion           
000011bd  vTaskSuspendAll               
000011cd  __TI_decompress_none          
000011dd  ISR_ADC_Sequence0             
000011e9  Initilize_ADC                 
000011f5  __TI_zero_init                
00001201  system_initilazation_sequence 
0000120d  xTaskGetTickCount             
00001221  ResetISR                      
00001227  vListInitialiseItem           
00001231  _system_pre_init              
00001235  C$$EXIT                       
00001235  abort                         
00001238  C_ADC_Config                  
00001268  ulMaxSyscallInterruptPriority 
000012e8  __TI_Handler_Table_Base       
000012f4  __TI_Handler_Table_Limit      
00001300  __TI_CINIT_Base               
00001310  __TI_CINIT_Limit              
20000000  __start___llvm_prf_cnts       
20000000  __stop___llvm_prf_cnts        
20007694  task_create_status            
20007730  fifo_value_Adc                
20007738  __stack                       
20007938  Task_control_struct_core0     
20007938  __STACK_END                   
20007938  __STACK_TOP                   
20007a58  os_task_counters              
20007a98  pxCurrentTCB                  
20007ac8  x_taskhandle                  
20007af8  _sys_memory                   
ffffffff  __TI_pprof_out_hndl           
ffffffff  __TI_prof_data_size           
ffffffff  __TI_prof_data_start          
ffffffff  __binit__                     
ffffffff  __c_args__                    
ffffffff  binit                         
UNDEFED   __mpu_init                    
UNDEFED   _system_post_cinit            

[95 symbols]
