<?xml version="1.0" encoding="ISO-8859-1" ?>
<link_info>
   <banner>TI ARM Linker PC v20.2.5.LTS</banner>
   <copyright>Copyright (c) 1996-2018 Texas Instruments Incorporated</copyright>
   <link_time>0x66a56d24</link_time>
   <link_errors>0x0</link_errors>
   <output_file>freertos_demo.out</output_file>
   <entry_point>
      <name>_c_int00_noargs</name>
      <address>0xe89</address>
   </entry_point>
   <input_file_list>
      <input_file id="fl-2">
         <path>.\</path>
         <kind>object</kind>
         <file>freertos_demo.obj</file>
         <name>freertos_demo.obj</name>
      </input_file>
      <input_file id="fl-3">
         <path>.\</path>
         <kind>object</kind>
         <file>startup_ccs.obj</file>
         <name>startup_ccs.obj</name>
      </input_file>
      <input_file id="fl-4">
         <path>.\MCAL\SOURCE\</path>
         <kind>object</kind>
         <file>adc.obj</file>
         <name>adc.obj</name>
      </input_file>
      <input_file id="fl-5">
         <path>.\MCAL\SOURCE\</path>
         <kind>object</kind>
         <file>exception_handlers.obj</file>
         <name>exception_handlers.obj</name>
      </input_file>
      <input_file id="fl-6">
         <path>.\MCAL\SOURCE\</path>
         <kind>object</kind>
         <file>sys_init.obj</file>
         <name>sys_init.obj</name>
      </input_file>
      <input_file id="fl-7">
         <path>.\MCAL\cfg\</path>
         <kind>object</kind>
         <file>adc_config.obj</file>
         <name>adc_config.obj</name>
      </input_file>
      <input_file id="fl-8">
         <path>.\OS\</path>
         <kind>object</kind>
         <file>os.obj</file>
         <name>os.obj</name>
      </input_file>
      <input_file id="fl-9">
         <path>.\OS\</path>
         <kind>object</kind>
         <file>os_const.obj</file>
         <name>os_const.obj</name>
      </input_file>
      <input_file id="fl-a">
         <path>.\drivers\</path>
         <kind>object</kind>
         <file>buttons.obj</file>
         <name>buttons.obj</name>
      </input_file>
      <input_file id="fl-b">
         <path>.\drivers\</path>
         <kind>object</kind>
         <file>rgb.obj</file>
         <name>rgb.obj</name>
      </input_file>
      <input_file id="fl-c">
         <path>.\third_party\FreeRTOS\Source\</path>
         <kind>object</kind>
         <file>list.obj</file>
         <name>list.obj</name>
      </input_file>
      <input_file id="fl-d">
         <path>.\third_party\FreeRTOS\Source\</path>
         <kind>object</kind>
         <file>queue.obj</file>
         <name>queue.obj</name>
      </input_file>
      <input_file id="fl-e">
         <path>.\third_party\FreeRTOS\Source\</path>
         <kind>object</kind>
         <file>tasks.obj</file>
         <name>tasks.obj</name>
      </input_file>
      <input_file id="fl-f">
         <path>.\third_party\FreeRTOS\Source\portable\CCS\ARM_CM4F\</path>
         <kind>object</kind>
         <file>port.obj</file>
         <name>port.obj</name>
      </input_file>
      <input_file id="fl-10">
         <path>.\third_party\FreeRTOS\Source\portable\CCS\ARM_CM4F\</path>
         <kind>object</kind>
         <file>portasm.obj</file>
         <name>portasm.obj</name>
      </input_file>
      <input_file id="fl-11">
         <path>.\third_party\FreeRTOS\Source\portable\MemMang\</path>
         <kind>object</kind>
         <file>heap_2.obj</file>
         <name>heap_2.obj</name>
      </input_file>
      <input_file id="fl-12">
         <path>.\utils\</path>
         <kind>object</kind>
         <file>uartstdio.obj</file>
         <name>uartstdio.obj</name>
      </input_file>
      <input_file id="fl-13">
         <path>.\utils\</path>
         <kind>object</kind>
         <file>ustdlib.obj</file>
         <name>ustdlib.obj</name>
      </input_file>
      <input_file id="fl-18">
         <kind>object</kind>
         <file>&lt;internal&gt;</file>
         <name>&lt;internal&gt;</name>
      </input_file>
      <input_file id="fl-ce">
         <path>D:\Softwares\ti\CCS\ccs\tools\compiler\ti-cgt-arm_20.2.5.LTS\lib\</path>
         <kind>archive</kind>
         <file>rtsv7M4_T_le_v4SPD16_eabi.lib</file>
         <name>printf.c.obj</name>
      </input_file>
      <input_file id="fl-cf">
         <path>D:\Softwares\ti\CCS\ccs\tools\compiler\ti-cgt-arm_20.2.5.LTS\lib\</path>
         <kind>archive</kind>
         <file>rtsv7M4_T_le_v4SPD16_eabi.lib</file>
         <name>_printfi.c.obj</name>
      </input_file>
      <input_file id="fl-d0">
         <path>D:\Softwares\ti\CCS\ccs\tools\compiler\ti-cgt-arm_20.2.5.LTS\lib\</path>
         <kind>archive</kind>
         <file>rtsv7M4_T_le_v4SPD16_eabi.lib</file>
         <name>fputc.c.obj</name>
      </input_file>
      <input_file id="fl-d1">
         <path>D:\Softwares\ti\CCS\ccs\tools\compiler\ti-cgt-arm_20.2.5.LTS\lib\</path>
         <kind>archive</kind>
         <file>rtsv7M4_T_le_v4SPD16_eabi.lib</file>
         <name>fputs.c.obj</name>
      </input_file>
      <input_file id="fl-d2">
         <path>D:\Softwares\ti\CCS\ccs\tools\compiler\ti-cgt-arm_20.2.5.LTS\lib\</path>
         <kind>archive</kind>
         <file>rtsv7M4_T_le_v4SPD16_eabi.lib</file>
         <name>_io_perm.c.obj</name>
      </input_file>
      <input_file id="fl-d3">
         <path>D:\Softwares\ti\CCS\ccs\tools\compiler\ti-cgt-arm_20.2.5.LTS\lib\</path>
         <kind>archive</kind>
         <file>rtsv7M4_T_le_v4SPD16_eabi.lib</file>
         <name>setvbuf.c.obj</name>
      </input_file>
      <input_file id="fl-d4">
         <path>D:\Softwares\ti\CCS\ccs\tools\compiler\ti-cgt-arm_20.2.5.LTS\lib\</path>
         <kind>archive</kind>
         <file>rtsv7M4_T_le_v4SPD16_eabi.lib</file>
         <name>s_frexp.c.obj</name>
      </input_file>
      <input_file id="fl-d5">
         <path>D:\Softwares\ti\CCS\ccs\tools\compiler\ti-cgt-arm_20.2.5.LTS\lib\</path>
         <kind>archive</kind>
         <file>rtsv7M4_T_le_v4SPD16_eabi.lib</file>
         <name>s_scalbn.c.obj</name>
      </input_file>
      <input_file id="fl-d6">
         <path>D:\Softwares\ti\CCS\ccs\tools\compiler\ti-cgt-arm_20.2.5.LTS\lib\</path>
         <kind>archive</kind>
         <file>rtsv7M4_T_le_v4SPD16_eabi.lib</file>
         <name>wcslen.c.obj</name>
      </input_file>
      <input_file id="fl-d7">
         <path>D:\Softwares\ti\CCS\ccs\tools\compiler\ti-cgt-arm_20.2.5.LTS\lib\</path>
         <kind>archive</kind>
         <file>rtsv7M4_T_le_v4SPD16_eabi.lib</file>
         <name>fd_add_t2.asm.obj</name>
      </input_file>
      <input_file id="fl-d8">
         <path>D:\Softwares\ti\CCS\ccs\tools\compiler\ti-cgt-arm_20.2.5.LTS\lib\</path>
         <kind>archive</kind>
         <file>rtsv7M4_T_le_v4SPD16_eabi.lib</file>
         <name>fd_cmp_t2.asm.obj</name>
      </input_file>
      <input_file id="fl-d9">
         <path>D:\Softwares\ti\CCS\ccs\tools\compiler\ti-cgt-arm_20.2.5.LTS\lib\</path>
         <kind>archive</kind>
         <file>rtsv7M4_T_le_v4SPD16_eabi.lib</file>
         <name>fd_div_t2.asm.obj</name>
      </input_file>
      <input_file id="fl-da">
         <path>D:\Softwares\ti\CCS\ccs\tools\compiler\ti-cgt-arm_20.2.5.LTS\lib\</path>
         <kind>archive</kind>
         <file>rtsv7M4_T_le_v4SPD16_eabi.lib</file>
         <name>fd_mul_t2.asm.obj</name>
      </input_file>
      <input_file id="fl-db">
         <path>D:\Softwares\ti\CCS\ccs\tools\compiler\ti-cgt-arm_20.2.5.LTS\lib\</path>
         <kind>archive</kind>
         <file>rtsv7M4_T_le_v4SPD16_eabi.lib</file>
         <name>fd_toi_t2.asm.obj</name>
      </input_file>
      <input_file id="fl-dc">
         <path>D:\Softwares\ti\CCS\ccs\tools\compiler\ti-cgt-arm_20.2.5.LTS\lib\</path>
         <kind>archive</kind>
         <file>rtsv7M4_T_le_v4SPD16_eabi.lib</file>
         <name>fs_toull_t2.asm.obj</name>
      </input_file>
      <input_file id="fl-dd">
         <path>D:\Softwares\ti\CCS\ccs\tools\compiler\ti-cgt-arm_20.2.5.LTS\lib\</path>
         <kind>archive</kind>
         <file>rtsv7M4_T_le_v4SPD16_eabi.lib</file>
         <name>i_tofd_t2.asm.obj</name>
      </input_file>
      <input_file id="fl-de">
         <path>D:\Softwares\ti\CCS\ccs\tools\compiler\ti-cgt-arm_20.2.5.LTS\lib\</path>
         <kind>archive</kind>
         <file>rtsv7M4_T_le_v4SPD16_eabi.lib</file>
         <name>memcpy_t2.asm.obj</name>
      </input_file>
      <input_file id="fl-df">
         <path>D:\Softwares\ti\CCS\ccs\tools\compiler\ti-cgt-arm_20.2.5.LTS\lib\</path>
         <kind>archive</kind>
         <file>rtsv7M4_T_le_v4SPD16_eabi.lib</file>
         <name>u_divt2.asm.obj</name>
      </input_file>
      <input_file id="fl-e0">
         <path>D:\Softwares\ti\CCS\ccs\tools\compiler\ti-cgt-arm_20.2.5.LTS\lib\</path>
         <kind>archive</kind>
         <file>rtsv7M4_T_le_v4SPD16_eabi.lib</file>
         <name>ull_div_t2.asm.obj</name>
      </input_file>
      <input_file id="fl-e1">
         <path>D:\Softwares\ti\CCS\ccs\tools\compiler\ti-cgt-arm_20.2.5.LTS\lib\</path>
         <kind>archive</kind>
         <file>rtsv7M4_T_le_v4SPD16_eabi.lib</file>
         <name>memset_t2.asm.obj</name>
      </input_file>
      <input_file id="fl-e2">
         <path>D:\Softwares\ti\CCS\ccs\tools\compiler\ti-cgt-arm_20.2.5.LTS\lib\</path>
         <kind>archive</kind>
         <file>rtsv7M4_T_le_v4SPD16_eabi.lib</file>
         <name>copy_zero_init.c.obj</name>
      </input_file>
      <input_file id="fl-e3">
         <path>D:\Softwares\ti\CCS\ccs\tools\compiler\ti-cgt-arm_20.2.5.LTS\lib\</path>
         <kind>archive</kind>
         <file>rtsv7M4_T_le_v4SPD16_eabi.lib</file>
         <name>copy_decompress_none.c.obj</name>
      </input_file>
      <input_file id="fl-e4">
         <path>D:\Softwares\ti\CCS\ccs\tools\compiler\ti-cgt-arm_20.2.5.LTS\lib\</path>
         <kind>archive</kind>
         <file>rtsv7M4_T_le_v4SPD16_eabi.lib</file>
         <name>copy_decompress_lzss.c.obj</name>
      </input_file>
      <input_file id="fl-e5">
         <path>D:\Softwares\ti\CCS\ccs\tools\compiler\ti-cgt-arm_20.2.5.LTS\lib\</path>
         <kind>archive</kind>
         <file>rtsv7M4_T_le_v4SPD16_eabi.lib</file>
         <name>exit.c.obj</name>
      </input_file>
      <input_file id="fl-e6">
         <path>D:\Softwares\ti\CCS\ccs\tools\compiler\ti-cgt-arm_20.2.5.LTS\lib\</path>
         <kind>archive</kind>
         <file>rtsv7M4_T_le_v4SPD16_eabi.lib</file>
         <name>_lock.c.obj</name>
      </input_file>
      <input_file id="fl-e7">
         <path>D:\Softwares\ti\CCS\ccs\tools\compiler\ti-cgt-arm_20.2.5.LTS\lib\</path>
         <kind>archive</kind>
         <file>rtsv7M4_T_le_v4SPD16_eabi.lib</file>
         <name>_ltoa.c.obj</name>
      </input_file>
      <input_file id="fl-e8">
         <path>D:\Softwares\ti\CCS\ccs\tools\compiler\ti-cgt-arm_20.2.5.LTS\lib\</path>
         <kind>archive</kind>
         <file>rtsv7M4_T_le_v4SPD16_eabi.lib</file>
         <name>atoi.c.obj</name>
      </input_file>
      <input_file id="fl-e9">
         <path>D:\Softwares\ti\CCS\ccs\tools\compiler\ti-cgt-arm_20.2.5.LTS\lib\</path>
         <kind>archive</kind>
         <file>rtsv7M4_T_le_v4SPD16_eabi.lib</file>
         <name>ctype.c.obj</name>
      </input_file>
      <input_file id="fl-ea">
         <path>D:\Softwares\ti\CCS\ccs\tools\compiler\ti-cgt-arm_20.2.5.LTS\lib\</path>
         <kind>archive</kind>
         <file>rtsv7M4_T_le_v4SPD16_eabi.lib</file>
         <name>defs.c.obj</name>
      </input_file>
      <input_file id="fl-eb">
         <path>D:\Softwares\ti\CCS\ccs\tools\compiler\ti-cgt-arm_20.2.5.LTS\lib\</path>
         <kind>archive</kind>
         <file>rtsv7M4_T_le_v4SPD16_eabi.lib</file>
         <name>memccpy.c.obj</name>
      </input_file>
      <input_file id="fl-ec">
         <path>D:\Softwares\ti\CCS\ccs\tools\compiler\ti-cgt-arm_20.2.5.LTS\lib\</path>
         <kind>archive</kind>
         <file>rtsv7M4_T_le_v4SPD16_eabi.lib</file>
         <name>memchr.c.obj</name>
      </input_file>
      <input_file id="fl-ed">
         <path>D:\Softwares\ti\CCS\ccs\tools\compiler\ti-cgt-arm_20.2.5.LTS\lib\</path>
         <kind>archive</kind>
         <file>rtsv7M4_T_le_v4SPD16_eabi.lib</file>
         <name>memory.c.obj</name>
      </input_file>
      <input_file id="fl-ee">
         <path>D:\Softwares\ti\CCS\ccs\tools\compiler\ti-cgt-arm_20.2.5.LTS\lib\</path>
         <kind>archive</kind>
         <file>rtsv7M4_T_le_v4SPD16_eabi.lib</file>
         <name>strchr.c.obj</name>
      </input_file>
      <input_file id="fl-ef">
         <path>D:\Softwares\ti\CCS\ccs\tools\compiler\ti-cgt-arm_20.2.5.LTS\lib\</path>
         <kind>archive</kind>
         <file>rtsv7M4_T_le_v4SPD16_eabi.lib</file>
         <name>strlen.c.obj</name>
      </input_file>
      <input_file id="fl-f0">
         <path>D:\Softwares\ti\CCS\ccs\tools\compiler\ti-cgt-arm_20.2.5.LTS\lib\</path>
         <kind>archive</kind>
         <file>rtsv7M4_T_le_v4SPD16_eabi.lib</file>
         <name>errno.c.obj</name>
      </input_file>
      <input_file id="fl-f1">
         <path>D:\Softwares\ti\CCS\ccs\tools\compiler\ti-cgt-arm_20.2.5.LTS\lib\</path>
         <kind>archive</kind>
         <file>rtsv7M4_T_le_v4SPD16_eabi.lib</file>
         <name>boot_cortex_m.c.obj</name>
      </input_file>
      <input_file id="fl-f2">
         <path>D:\Softwares\ti\CCS\ccs\tools\compiler\ti-cgt-arm_20.2.5.LTS\lib\</path>
         <kind>archive</kind>
         <file>rtsv7M4_T_le_v4SPD16_eabi.lib</file>
         <name>write.c.obj</name>
      </input_file>
      <input_file id="fl-f3">
         <path>D:\Softwares\ti\CCS\ccs\tools\compiler\ti-cgt-arm_20.2.5.LTS\lib\</path>
         <kind>archive</kind>
         <file>rtsv7M4_T_le_v4SPD16_eabi.lib</file>
         <name>host_device.c.obj</name>
      </input_file>
      <input_file id="fl-f4">
         <path>D:\Softwares\ti\CCS\ccs\tools\compiler\ti-cgt-arm_20.2.5.LTS\lib\</path>
         <kind>archive</kind>
         <file>rtsv7M4_T_le_v4SPD16_eabi.lib</file>
         <name>fflush.c.obj</name>
      </input_file>
      <input_file id="fl-f5">
         <path>D:\Softwares\ti\CCS\ccs\tools\compiler\ti-cgt-arm_20.2.5.LTS\lib\</path>
         <kind>archive</kind>
         <file>rtsv7M4_T_le_v4SPD16_eabi.lib</file>
         <name>fopen.c.obj</name>
      </input_file>
      <input_file id="fl-f6">
         <path>D:\Softwares\ti\CCS\ccs\tools\compiler\ti-cgt-arm_20.2.5.LTS\lib\</path>
         <kind>archive</kind>
         <file>rtsv7M4_T_le_v4SPD16_eabi.lib</file>
         <name>fseek.c.obj</name>
      </input_file>
      <input_file id="fl-f7">
         <path>D:\Softwares\ti\CCS\ccs\tools\compiler\ti-cgt-arm_20.2.5.LTS\lib\</path>
         <kind>archive</kind>
         <file>rtsv7M4_T_le_v4SPD16_eabi.lib</file>
         <name>s_copysign.c.obj</name>
      </input_file>
      <input_file id="fl-f8">
         <path>D:\Softwares\ti\CCS\ccs\tools\compiler\ti-cgt-arm_20.2.5.LTS\lib\</path>
         <kind>archive</kind>
         <file>rtsv7M4_T_le_v4SPD16_eabi.lib</file>
         <name>div0.asm.obj</name>
      </input_file>
      <input_file id="fl-f9">
         <path>D:\Softwares\ti\CCS\ccs\tools\compiler\ti-cgt-arm_20.2.5.LTS\lib\</path>
         <kind>archive</kind>
         <file>rtsv7M4_T_le_v4SPD16_eabi.lib</file>
         <name>autoinit.c.obj</name>
      </input_file>
      <input_file id="fl-fa">
         <path>D:\Softwares\ti\CCS\ccs\tools\compiler\ti-cgt-arm_20.2.5.LTS\lib\</path>
         <kind>archive</kind>
         <file>rtsv7M4_T_le_v4SPD16_eabi.lib</file>
         <name>pre_init.c.obj</name>
      </input_file>
      <input_file id="fl-fb">
         <path>D:\Softwares\ti\CCS\ccs\tools\compiler\ti-cgt-arm_20.2.5.LTS\lib\</path>
         <kind>archive</kind>
         <file>rtsv7M4_T_le_v4SPD16_eabi.lib</file>
         <name>cpy_tbl.c.obj</name>
      </input_file>
      <input_file id="fl-fc">
         <path>D:\Softwares\ti\CCS\ccs\tools\compiler\ti-cgt-arm_20.2.5.LTS\lib\</path>
         <kind>archive</kind>
         <file>rtsv7M4_T_le_v4SPD16_eabi.lib</file>
         <name>args_main.c.obj</name>
      </input_file>
      <input_file id="fl-fd">
         <path>D:\Softwares\ti\CCS\ccs\tools\compiler\ti-cgt-arm_20.2.5.LTS\lib\</path>
         <kind>archive</kind>
         <file>rtsv7M4_T_le_v4SPD16_eabi.lib</file>
         <name>hostclose.c.obj</name>
      </input_file>
      <input_file id="fl-fe">
         <path>D:\Softwares\ti\CCS\ccs\tools\compiler\ti-cgt-arm_20.2.5.LTS\lib\</path>
         <kind>archive</kind>
         <file>rtsv7M4_T_le_v4SPD16_eabi.lib</file>
         <name>hostlseek.c.obj</name>
      </input_file>
      <input_file id="fl-ff">
         <path>D:\Softwares\ti\CCS\ccs\tools\compiler\ti-cgt-arm_20.2.5.LTS\lib\</path>
         <kind>archive</kind>
         <file>rtsv7M4_T_le_v4SPD16_eabi.lib</file>
         <name>hostopen.c.obj</name>
      </input_file>
      <input_file id="fl-100">
         <path>D:\Softwares\ti\CCS\ccs\tools\compiler\ti-cgt-arm_20.2.5.LTS\lib\</path>
         <kind>archive</kind>
         <file>rtsv7M4_T_le_v4SPD16_eabi.lib</file>
         <name>hostread.c.obj</name>
      </input_file>
      <input_file id="fl-101">
         <path>D:\Softwares\ti\CCS\ccs\tools\compiler\ti-cgt-arm_20.2.5.LTS\lib\</path>
         <kind>archive</kind>
         <file>rtsv7M4_T_le_v4SPD16_eabi.lib</file>
         <name>hostrename.c.obj</name>
      </input_file>
      <input_file id="fl-102">
         <path>D:\Softwares\ti\CCS\ccs\tools\compiler\ti-cgt-arm_20.2.5.LTS\lib\</path>
         <kind>archive</kind>
         <file>rtsv7M4_T_le_v4SPD16_eabi.lib</file>
         <name>hostunlink.c.obj</name>
      </input_file>
      <input_file id="fl-103">
         <path>D:\Softwares\ti\CCS\ccs\tools\compiler\ti-cgt-arm_20.2.5.LTS\lib\</path>
         <kind>archive</kind>
         <file>rtsv7M4_T_le_v4SPD16_eabi.lib</file>
         <name>hostwrite.c.obj</name>
      </input_file>
      <input_file id="fl-104">
         <path>D:\Softwares\ti\CCS\ccs\tools\compiler\ti-cgt-arm_20.2.5.LTS\lib\</path>
         <kind>archive</kind>
         <file>rtsv7M4_T_le_v4SPD16_eabi.lib</file>
         <name>trgmsg.c.obj</name>
      </input_file>
      <input_file id="fl-105">
         <path>D:\Softwares\ti\CCS\ccs\tools\compiler\ti-cgt-arm_20.2.5.LTS\lib\</path>
         <kind>archive</kind>
         <file>rtsv7M4_T_le_v4SPD16_eabi.lib</file>
         <name>open.c.obj</name>
      </input_file>
      <input_file id="fl-106">
         <path>D:\Softwares\ti\CCS\ccs\tools\compiler\ti-cgt-arm_20.2.5.LTS\lib\</path>
         <kind>archive</kind>
         <file>rtsv7M4_T_le_v4SPD16_eabi.lib</file>
         <name>lseek.c.obj</name>
      </input_file>
      <input_file id="fl-107">
         <path>D:\Softwares\ti\CCS\ccs\tools\compiler\ti-cgt-arm_20.2.5.LTS\lib\</path>
         <kind>archive</kind>
         <file>rtsv7M4_T_le_v4SPD16_eabi.lib</file>
         <name>fclose.c.obj</name>
      </input_file>
      <input_file id="fl-108">
         <path>D:\Softwares\ti\CCS\ccs\tools\compiler\ti-cgt-arm_20.2.5.LTS\lib\</path>
         <kind>archive</kind>
         <file>rtsv7M4_T_le_v4SPD16_eabi.lib</file>
         <name>getdevice.c.obj</name>
      </input_file>
      <input_file id="fl-109">
         <path>D:\Softwares\ti\CCS\ccs\tools\compiler\ti-cgt-arm_20.2.5.LTS\lib\</path>
         <kind>archive</kind>
         <file>rtsv7M4_T_le_v4SPD16_eabi.lib</file>
         <name>strcmp.c.obj</name>
      </input_file>
      <input_file id="fl-10a">
         <path>D:\Softwares\ti\CCS\ccs\tools\compiler\ti-cgt-arm_20.2.5.LTS\lib\</path>
         <kind>archive</kind>
         <file>rtsv7M4_T_le_v4SPD16_eabi.lib</file>
         <name>strcpy.c.obj</name>
      </input_file>
      <input_file id="fl-10b">
         <path>D:\Softwares\ti\CCS\ccs\tools\compiler\ti-cgt-arm_20.2.5.LTS\lib\</path>
         <kind>archive</kind>
         <file>rtsv7M4_T_le_v4SPD16_eabi.lib</file>
         <name>strncpy.c.obj</name>
      </input_file>
      <input_file id="fl-10c">
         <path>D:\Softwares\ti\CCS\ccs\tools\compiler\ti-cgt-arm_20.2.5.LTS\lib\</path>
         <kind>archive</kind>
         <file>rtsv7M4_T_le_v4SPD16_eabi.lib</file>
         <name>remove.c.obj</name>
      </input_file>
      <input_file id="fl-10d">
         <path>D:\Softwares\ti\CCS\ccs\tools\compiler\ti-cgt-arm_20.2.5.LTS\lib\</path>
         <kind>archive</kind>
         <file>rtsv7M4_T_le_v4SPD16_eabi.lib</file>
         <name>close.c.obj</name>
      </input_file>
      <input_file id="fl-10e">
         <path>D:\Softwares\ti\CCS\ccs\tools\compiler\ti-cgt-arm_20.2.5.LTS\lib\</path>
         <kind>archive</kind>
         <file>rtsv7M4_T_le_v4SPD16_eabi.lib</file>
         <name>unlink.c.obj</name>
      </input_file>
      <input_file id="fl-10f">
         <path>C:\ti\tivaware_c_series_2_1_4_178\driverlib\ccs\Debug\</path>
         <kind>archive</kind>
         <file>driverlib.lib</file>
         <name>sysctl.obj</name>
      </input_file>
      <input_file id="fl-110">
         <path>C:\ti\tivaware_c_series_2_1_4_178\driverlib\ccs\Debug\</path>
         <kind>archive</kind>
         <file>driverlib.lib</file>
         <name>uart.obj</name>
      </input_file>
      <input_file id="fl-111">
         <path>C:\ti\tivaware_c_series_2_1_4_178\driverlib\ccs\Debug\</path>
         <kind>archive</kind>
         <file>driverlib.lib</file>
         <name>cpu.obj</name>
      </input_file>
      <input_file id="fl-112">
         <path>C:\ti\tivaware_c_series_2_1_4_178\driverlib\ccs\Debug\</path>
         <kind>archive</kind>
         <file>driverlib.lib</file>
         <name>interrupt.obj</name>
      </input_file>
   </input_file_list>
   <object_component_list>
      <object_component id="oc-12">
         <name>.intvecs</name>
         <load_address>0x0</load_address>
         <run_address>0x0</run_address>
         <size>0x26c</size>
         <input_file_ref idref="fl-3"/>
      </object_component>
      <object_component id="oc-a8">
         <name>.text:xTaskIncrementTick</name>
         <load_address>0x26c</load_address>
         <run_address>0x26c</run_address>
         <size>0x104</size>
         <input_file_ref idref="fl-e"/>
      </object_component>
      <object_component id="oc-1e4">
         <name>.text:xTaskGenericCreate</name>
         <load_address>0x370</load_address>
         <run_address>0x370</run_address>
         <size>0x100</size>
         <input_file_ref idref="fl-e"/>
      </object_component>
      <object_component id="oc-28c">
         <name>.text:ADC_Init</name>
         <load_address>0x470</load_address>
         <run_address>0x470</run_address>
         <size>0xf8</size>
         <input_file_ref idref="fl-4"/>
      </object_component>
      <object_component id="oc-30c">
         <name>.text:xTaskResumeAll</name>
         <load_address>0x568</load_address>
         <run_address>0x568</run_address>
         <size>0xe4</size>
         <input_file_ref idref="fl-e"/>
      </object_component>
      <object_component id="oc-42">
         <name>.text</name>
         <load_address>0x64c</load_address>
         <run_address>0x64c</run_address>
         <size>0xd2</size>
         <input_file_ref idref="fl-10"/>
      </object_component>
      <object_component id="oc-36">
         <name>.text:FaultISR</name>
         <load_address>0x71e</load_address>
         <run_address>0x71e</run_address>
         <size>0x2</size>
         <input_file_ref idref="fl-3"/>
      </object_component>
      <object_component id="oc-2d0">
         <name>.text:pvPortMalloc</name>
         <load_address>0x720</load_address>
         <run_address>0x720</run_address>
         <size>0xac</size>
         <input_file_ref idref="fl-11"/>
      </object_component>
      <object_component id="oc-61">
         <name>.text</name>
         <load_address>0x7cc</load_address>
         <run_address>0x7cc</run_address>
         <size>0x9c</size>
         <input_file_ref idref="fl-de"/>
      </object_component>
      <object_component id="oc-a1">
         <name>.text:vTaskSwitchContext</name>
         <load_address>0x868</load_address>
         <run_address>0x868</run_address>
         <size>0x8c</size>
         <input_file_ref idref="fl-e"/>
      </object_component>
      <object_component id="oc-335">
         <name>.text:vTaskDelayUntil</name>
         <load_address>0x8f4</load_address>
         <run_address>0x8f4</run_address>
         <size>0x84</size>
         <input_file_ref idref="fl-e"/>
      </object_component>
      <object_component id="oc-328">
         <name>.text:Configure_Sampler</name>
         <load_address>0x978</load_address>
         <run_address>0x978</run_address>
         <size>0x80</size>
         <input_file_ref idref="fl-4"/>
      </object_component>
      <object_component id="oc-da">
         <name>.text</name>
         <load_address>0x9f8</load_address>
         <run_address>0x9f8</run_address>
         <size>0x7a</size>
         <input_file_ref idref="fl-e1"/>
      </object_component>
      <object_component id="oc-15">
         <name>.text:decompress:lzss:__TI_decompress_lzss</name>
         <load_address>0xa72</load_address>
         <run_address>0xa72</run_address>
         <size>0x68</size>
         <input_file_ref idref="fl-e4"/>
      </object_component>
      <object_component id="oc-3c">
         <name>.text:IntDefaultHandler</name>
         <load_address>0xada</load_address>
         <run_address>0xada</run_address>
         <size>0x2</size>
         <input_file_ref idref="fl-3"/>
      </object_component>
      <object_component id="oc-246">
         <name>.text:prvInitialiseTaskLists</name>
         <load_address>0xadc</load_address>
         <run_address>0xadc</run_address>
         <size>0x60</size>
         <input_file_ref idref="fl-e"/>
      </object_component>
      <object_component id="oc-152">
         <name>.text:vTaskStartScheduler</name>
         <load_address>0xb3c</load_address>
         <run_address>0xb3c</run_address>
         <size>0x60</size>
         <input_file_ref idref="fl-e"/>
      </object_component>
      <object_component id="oc-25d">
         <name>.text:prvCheckTasksWaitingTermination</name>
         <load_address>0xb9c</load_address>
         <run_address>0xb9c</run_address>
         <size>0x58</size>
         <input_file_ref idref="fl-e"/>
      </object_component>
      <object_component id="oc-234">
         <name>.text:prvInitialiseTCBVariables</name>
         <load_address>0xbf4</load_address>
         <run_address>0xbf4</run_address>
         <size>0x56</size>
         <input_file_ref idref="fl-e"/>
      </object_component>
      <object_component id="oc-30">
         <name>.text:NmiSR</name>
         <load_address>0xc4a</load_address>
         <run_address>0xc4a</run_address>
         <size>0x2</size>
         <input_file_ref idref="fl-3"/>
      </object_component>
      <object_component id="oc-380">
         <name>.text:prvAddCurrentTaskToDelayedList</name>
         <load_address>0xc4c</load_address>
         <run_address>0xc4c</run_address>
         <size>0x4c</size>
         <input_file_ref idref="fl-e"/>
      </object_component>
      <object_component id="oc-165">
         <name>.text:__TI_auto_init_nobinit_nopinit:__TI_auto_init_nobinit_nopinit</name>
         <load_address>0xc98</load_address>
         <run_address>0xc98</run_address>
         <size>0x44</size>
         <input_file_ref idref="fl-f9"/>
      </object_component>
      <object_component id="oc-1dd">
         <name>.text:invoke_tasks_core0</name>
         <load_address>0xcdc</load_address>
         <run_address>0xcdc</run_address>
         <size>0x44</size>
         <input_file_ref idref="fl-8"/>
      </object_component>
      <object_component id="oc-2d6">
         <name>.text:vPortFree</name>
         <load_address>0xd20</load_address>
         <run_address>0xd20</run_address>
         <size>0x44</size>
         <input_file_ref idref="fl-11"/>
      </object_component>
      <object_component id="oc-1ea">
         <name>.text:xPortStartScheduler</name>
         <load_address>0xd64</load_address>
         <run_address>0xd64</run_address>
         <size>0x40</size>
         <input_file_ref idref="fl-f"/>
      </object_component>
      <object_component id="oc-22e">
         <name>.text:prvAllocateTCBAndStack</name>
         <load_address>0xda4</load_address>
         <run_address>0xda4</run_address>
         <size>0x3a</size>
         <input_file_ref idref="fl-e"/>
      </object_component>
      <object_component id="oc-10f">
         <name>.text:vApplicationStackOverflowHook</name>
         <load_address>0xdde</load_address>
         <run_address>0xdde</run_address>
         <size>0x2</size>
         <input_file_ref idref="fl-2"/>
      </object_component>
      <object_component id="oc-2ba">
         <name>.text:task1000ms</name>
         <load_address>0xde0</load_address>
         <run_address>0xde0</run_address>
         <size>0x38</size>
         <input_file_ref idref="fl-8"/>
      </object_component>
      <object_component id="oc-29c">
         <name>.text:task20ms</name>
         <load_address>0xe18</load_address>
         <run_address>0xe18</run_address>
         <size>0x38</size>
         <input_file_ref idref="fl-8"/>
      </object_component>
      <object_component id="oc-3a1">
         <name>.text:vListInsert</name>
         <load_address>0xe50</load_address>
         <run_address>0xe50</run_address>
         <size>0x38</size>
         <input_file_ref idref="fl-c"/>
      </object_component>
      <object_component id="oc-7f">
         <name>.text:_c_int00_noargs:_c_int00_noargs</name>
         <load_address>0xe88</load_address>
         <run_address>0xe88</run_address>
         <size>0x34</size>
         <input_file_ref idref="fl-f1"/>
      </object_component>
      <object_component id="oc-2a8">
         <name>.text:task100ms</name>
         <load_address>0xebc</load_address>
         <run_address>0xebc</run_address>
         <size>0x34</size>
         <input_file_ref idref="fl-8"/>
      </object_component>
      <object_component id="oc-2ae">
         <name>.text:task200ms</name>
         <load_address>0xef0</load_address>
         <run_address>0xef0</run_address>
         <size>0x34</size>
         <input_file_ref idref="fl-8"/>
      </object_component>
      <object_component id="oc-2b4">
         <name>.text:task500ms</name>
         <load_address>0xf24</load_address>
         <run_address>0xf24</run_address>
         <size>0x34</size>
         <input_file_ref idref="fl-8"/>
      </object_component>
      <object_component id="oc-2a2">
         <name>.text:task50ms</name>
         <load_address>0xf58</load_address>
         <run_address>0xf58</run_address>
         <size>0x34</size>
         <input_file_ref idref="fl-8"/>
      </object_component>
      <object_component id="oc-356">
         <name>.text:prvHeapInit</name>
         <load_address>0xf8c</load_address>
         <run_address>0xf8c</run_address>
         <size>0x30</size>
         <input_file_ref idref="fl-11"/>
      </object_component>
      <object_component id="oc-293">
         <name>.text:task10ms</name>
         <load_address>0xfbc</load_address>
         <run_address>0xfbc</run_address>
         <size>0x2c</size>
         <input_file_ref idref="fl-8"/>
      </object_component>
      <object_component id="oc-47">
         <name>.text:xPortSysTickHandler</name>
         <load_address>0xfe8</load_address>
         <run_address>0xfe8</run_address>
         <size>0x2c</size>
         <input_file_ref idref="fl-f"/>
      </object_component>
      <object_component id="oc-119">
         <name>.text:prvResetNextTaskUnblockTime</name>
         <load_address>0x1014</load_address>
         <run_address>0x1014</run_address>
         <size>0x28</size>
         <input_file_ref idref="fl-e"/>
      </object_component>
      <object_component id="oc-23a">
         <name>.text:pxPortInitialiseStack</name>
         <load_address>0x103c</load_address>
         <run_address>0x103c</run_address>
         <size>0x28</size>
         <input_file_ref idref="fl-f"/>
      </object_component>
      <object_component id="oc-34c">
         <name>.text:Get_Stack_sizes</name>
         <load_address>0x1064</load_address>
         <run_address>0x1064</run_address>
         <size>0x24</size>
         <input_file_ref idref="fl-8"/>
      </object_component>
      <object_component id="oc-af">
         <name>.text:clear_adc_interrupt</name>
         <load_address>0x1088</load_address>
         <run_address>0x1088</run_address>
         <size>0x20</size>
         <input_file_ref idref="fl-4"/>
      </object_component>
      <object_component id="oc-e6">
         <name>.text:main</name>
         <load_address>0x10a8</load_address>
         <run_address>0x10a8</run_address>
         <size>0x20</size>
         <input_file_ref idref="fl-2"/>
      </object_component>
      <object_component id="oc-11f">
         <name>.text:uxListRemove</name>
         <load_address>0x10c8</load_address>
         <run_address>0x10c8</run_address>
         <size>0x20</size>
         <input_file_ref idref="fl-c"/>
      </object_component>
      <object_component id="oc-240">
         <name>.text:vPortEnterCritical</name>
         <load_address>0x10e8</load_address>
         <run_address>0x10e8</run_address>
         <size>0x1c</size>
         <input_file_ref idref="fl-f"/>
      </object_component>
      <object_component id="oc-125">
         <name>.text:vListInsertEnd</name>
         <load_address>0x1104</load_address>
         <run_address>0x1104</run_address>
         <size>0x18</size>
         <input_file_ref idref="fl-c"/>
      </object_component>
      <object_component id="oc-24c">
         <name>.text:vPortExitCritical</name>
         <load_address>0x111c</load_address>
         <run_address>0x111c</run_address>
         <size>0x18</size>
         <input_file_ref idref="fl-f"/>
      </object_component>
      <object_component id="oc-2ec">
         <name>.text:vListInitialise</name>
         <load_address>0x1134</load_address>
         <run_address>0x1134</run_address>
         <size>0x16</size>
         <input_file_ref idref="fl-c"/>
      </object_component>
      <object_component id="oc-341">
         <name>.text:Read_value_ADC</name>
         <load_address>0x114c</load_address>
         <run_address>0x114c</run_address>
         <size>0x14</size>
         <input_file_ref idref="fl-4"/>
      </object_component>
      <object_component id="oc-2c0">
         <name>.text:task2000ms</name>
         <load_address>0x1160</load_address>
         <run_address>0x1160</run_address>
         <size>0x14</size>
         <input_file_ref idref="fl-8"/>
      </object_component>
      <object_component id="oc-253">
         <name>.text:vPortSetupTimerInterrupt</name>
         <load_address>0x1174</load_address>
         <run_address>0x1174</run_address>
         <size>0x14</size>
         <input_file_ref idref="fl-f"/>
      </object_component>
      <object_component id="oc-312">
         <name>.text:prvDeleteTCB</name>
         <load_address>0x1188</load_address>
         <run_address>0x1188</run_address>
         <size>0x12</size>
         <input_file_ref idref="fl-e"/>
      </object_component>
      <object_component id="oc-2e4">
         <name>.text:prvTaskExitError</name>
         <load_address>0x119a</load_address>
         <run_address>0x119a</run_address>
         <size>0x10</size>
         <input_file_ref idref="fl-f"/>
      </object_component>
      <object_component id="oc-378">
         <name>.text:start_adcconversion</name>
         <load_address>0x11ac</load_address>
         <run_address>0x11ac</run_address>
         <size>0x10</size>
         <input_file_ref idref="fl-4"/>
      </object_component>
      <object_component id="oc-306">
         <name>.text:vTaskSuspendAll</name>
         <load_address>0x11bc</load_address>
         <run_address>0x11bc</run_address>
         <size>0x10</size>
         <input_file_ref idref="fl-e"/>
      </object_component>
      <object_component id="oc-1b">
         <name>.text:decompress:none:__TI_decompress_none</name>
         <load_address>0x11cc</load_address>
         <run_address>0x11cc</run_address>
         <size>0xe</size>
         <input_file_ref idref="fl-e3"/>
      </object_component>
      <object_component id="oc-4d">
         <name>.text:ISR_ADC_Sequence0</name>
         <load_address>0x11dc</load_address>
         <run_address>0x11dc</run_address>
         <size>0xc</size>
         <input_file_ref idref="fl-4"/>
      </object_component>
      <object_component id="oc-220">
         <name>.text:Initilize_ADC</name>
         <load_address>0x11e8</load_address>
         <run_address>0x11e8</run_address>
         <size>0xc</size>
         <input_file_ref idref="fl-4"/>
      </object_component>
      <object_component id="oc-73">
         <name>.text:decompress:ZI:__TI_zero_init</name>
         <load_address>0x11f4</load_address>
         <run_address>0x11f4</run_address>
         <size>0xc</size>
         <input_file_ref idref="fl-e2"/>
      </object_component>
      <object_component id="oc-14c">
         <name>.text:system_initilazation_sequence</name>
         <load_address>0x1200</load_address>
         <run_address>0x1200</run_address>
         <size>0xc</size>
         <input_file_ref idref="fl-8"/>
      </object_component>
      <object_component id="oc-32f">
         <name>.text:xTaskGetTickCount</name>
         <load_address>0x120c</load_address>
         <run_address>0x120c</run_address>
         <size>0xc</size>
         <input_file_ref idref="fl-e"/>
      </object_component>
      <object_component id="oc-1f0">
         <name>.text:prvIdleTask</name>
         <load_address>0x1218</load_address>
         <run_address>0x1218</run_address>
         <size>0x8</size>
         <input_file_ref idref="fl-e"/>
      </object_component>
      <object_component id="oc-2a">
         <name>.text:ResetISR</name>
         <load_address>0x1220</load_address>
         <run_address>0x1220</run_address>
         <size>0x6</size>
         <input_file_ref idref="fl-3"/>
      </object_component>
      <object_component id="oc-2dd">
         <name>.text:vListInitialiseItem</name>
         <load_address>0x1226</load_address>
         <run_address>0x1226</run_address>
         <size>0x6</size>
         <input_file_ref idref="fl-c"/>
      </object_component>
      <object_component id="oc-1d7">
         <name>.text:Mcal_Init</name>
         <load_address>0x122c</load_address>
         <run_address>0x122c</run_address>
         <size>0x4</size>
         <input_file_ref idref="fl-8"/>
      </object_component>
      <object_component id="oc-e0">
         <name>.text:_system_pre_init</name>
         <load_address>0x1230</load_address>
         <run_address>0x1230</run_address>
         <size>0x4</size>
         <input_file_ref idref="fl-fa"/>
      </object_component>
      <object_component id="oc-159">
         <name>.text:abort:abort</name>
         <load_address>0x1234</load_address>
         <run_address>0x1234</run_address>
         <size>0x4</size>
         <input_file_ref idref="fl-e5"/>
      </object_component>
      <object_component id="oc-b5">
         <name>.const:C_ADC_Config</name>
         <load_address>0x1238</load_address>
         <run_address>0x1238</run_address>
         <size>0x30</size>
         <input_file_ref idref="fl-7"/>
      </object_component>
      <object_component id="oc-9e">
         <name>.const</name>
         <load_address>0x1268</load_address>
         <run_address>0x1268</run_address>
         <size>0x4</size>
         <input_file_ref idref="fl-f"/>
      </object_component>
      <object_component id="oc-3d8">
         <name>.cinit..data.load</name>
         <load_address>0x1270</load_address>
         <run_address>0x1270</run_address>
         <size>0x76</size>
      </object_component>
      <object_component id="oc-3d6">
         <name>__TI_handler_table</name>
         <load_address>0x12e8</load_address>
         <run_address>0x12e8</run_address>
         <size>0xc</size>
      </object_component>
      <object_component id="oc-3d9">
         <name>.cinit..bss.load</name>
         <load_address>0x12f8</load_address>
         <run_address>0x12f8</run_address>
         <size>0x8</size>
      </object_component>
      <object_component id="oc-3d7">
         <name>__TI_cinit_table</name>
         <load_address>0x1300</load_address>
         <run_address>0x1300</run_address>
         <size>0x10</size>
      </object_component>
      <object_component id="oc-33b">
         <name>.data:os_task_counters</name>
         <load_address>0x20007a58</load_address>
         <run_address>0x20007a58</run_address>
         <size>0x40</size>
         <input_file_ref idref="fl-8"/>
      </object_component>
      <object_component id="oc-299">
         <name>.data:x_taskhandle</name>
         <load_address>0x20007ac8</load_address>
         <run_address>0x20007ac8</run_address>
         <size>0x20</size>
         <input_file_ref idref="fl-8"/>
      </object_component>
      <object_component id="oc-227">
         <name>.data:Task_control_struct_core0</name>
         <load_address>0x20007938</load_address>
         <run_address>0x20007938</run_address>
         <size>0x120</size>
         <input_file_ref idref="fl-9"/>
      </object_component>
      <object_component id="oc-9b">
         <name>.data</name>
         <load_address>0x20007a98</load_address>
         <run_address>0x20007a98</run_address>
         <size>0x30</size>
         <input_file_ref idref="fl-e"/>
      </object_component>
      <object_component id="oc-259">
         <name>.data</name>
         <load_address>0x20007af0</load_address>
         <run_address>0x20007af0</run_address>
         <size>0x4</size>
         <input_file_ref idref="fl-f"/>
      </object_component>
      <object_component id="oc-35c">
         <name>.data</name>
         <load_address>0x20007ae8</load_address>
         <run_address>0x20007ae8</run_address>
         <size>0x8</size>
         <input_file_ref idref="fl-11"/>
      </object_component>
      <object_component id="oc-38b">
         <name>.bss:V_task_exec_stat</name>
         <uninitialized>true</uninitialized>
         <run_address>0x20007670</run_address>
         <size>0x24</size>
         <input_file_ref idref="fl-8"/>
      </object_component>
      <object_component id="oc-115">
         <name>.bss:pxReadyTasksLists</name>
         <uninitialized>true</uninitialized>
         <run_address>0x20007530</run_address>
         <size>0x140</size>
         <input_file_ref idref="fl-e"/>
      </object_component>
      <object_component id="oc-2f2">
         <name>.bss:xDelayedTaskList1</name>
         <uninitialized>true</uninitialized>
         <run_address>0x200076b4</run_address>
         <size>0x14</size>
         <input_file_ref idref="fl-e"/>
      </object_component>
      <object_component id="oc-2f5">
         <name>.bss:xDelayedTaskList2</name>
         <uninitialized>true</uninitialized>
         <run_address>0x200076c8</run_address>
         <size>0x14</size>
         <input_file_ref idref="fl-e"/>
      </object_component>
      <object_component id="oc-12b">
         <name>.bss</name>
         <uninitialized>true</uninitialized>
         <run_address>0x20007718</run_address>
         <size>0x8</size>
         <input_file_ref idref="fl-e"/>
      </object_component>
      <object_component id="oc-2f8">
         <name>.bss:xPendingReadyList</name>
         <uninitialized>true</uninitialized>
         <run_address>0x200076dc</run_address>
         <size>0x14</size>
         <input_file_ref idref="fl-e"/>
      </object_component>
      <object_component id="oc-2fb">
         <name>.bss:xTasksWaitingTermination</name>
         <uninitialized>true</uninitialized>
         <run_address>0x20007704</run_address>
         <size>0x14</size>
         <input_file_ref idref="fl-e"/>
      </object_component>
      <object_component id="oc-2fe">
         <name>.bss:xSuspendedTaskList</name>
         <uninitialized>true</uninitialized>
         <run_address>0x200076f0</run_address>
         <size>0x14</size>
         <input_file_ref idref="fl-e"/>
      </object_component>
      <object_component id="oc-38f">
         <name>.bss:ucHeap</name>
         <uninitialized>true</uninitialized>
         <run_address>0x20000000</run_address>
         <size>0x7530</size>
         <input_file_ref idref="fl-11"/>
      </object_component>
      <object_component id="oc-35f">
         <name>.bss:xStart</name>
         <uninitialized>true</uninitialized>
         <run_address>0x20007728</run_address>
         <size>0x8</size>
         <input_file_ref idref="fl-11"/>
      </object_component>
      <object_component id="oc-362">
         <name>.bss:xEnd</name>
         <uninitialized>true</uninitialized>
         <run_address>0x20007720</run_address>
         <size>0x8</size>
         <input_file_ref idref="fl-11"/>
      </object_component>
      <object_component id="oc-389">
         <name>.common:fifo_value_Adc</name>
         <uninitialized>true</uninitialized>
         <run_address>0x20007730</run_address>
         <size>0x4</size>
      </object_component>
      <object_component id="oc-22a">
         <name>.common:task_create_status</name>
         <uninitialized>true</uninitialized>
         <run_address>0x20007694</run_address>
         <size>0x20</size>
      </object_component>
      <object_component id="oc-24">
         <name>.sysmem</name>
         <uninitialized>true</uninitialized>
         <run_address>0x20007af8</run_address>
         <size>0x10</size>
         <input_file_ref idref="fl-ed"/>
      </object_component>
      <object_component id="oc-3dc">
         <name>.sysmem</name>
         <uninitialized>true</uninitialized>
         <run_address>0x20007af8</run_address>
         <size>0x0</size>
      </object_component>
      <object_component id="oc-27">
         <name>.stack</name>
         <uninitialized>true</uninitialized>
         <run_address>0x20007738</run_address>
         <size>0x4</size>
         <input_file_ref idref="fl-f1"/>
      </object_component>
      <object_component id="oc-3db">
         <name>.stack</name>
         <uninitialized>true</uninitialized>
         <run_address>0x20007738</run_address>
         <size>0x0</size>
      </object_component>
      <object_component id="oc-13a">
         <name>.debug_info</name>
         <load_address>0x0</load_address>
         <run_address>0x0</run_address>
         <size>0x416</size>
         <input_file_ref idref="fl-2"/>
      </object_component>
      <object_component id="oc-111">
         <name>.debug_info</name>
         <load_address>0x416</load_address>
         <run_address>0x416</run_address>
         <size>0x172</size>
         <input_file_ref idref="fl-2"/>
      </object_component>
      <object_component id="oc-e7">
         <name>.debug_info</name>
         <load_address>0x588</load_address>
         <run_address>0x588</run_address>
         <size>0x157</size>
         <input_file_ref idref="fl-2"/>
      </object_component>
      <object_component id="oc-1c9">
         <name>.debug_info</name>
         <load_address>0x6df</load_address>
         <run_address>0x6df</run_address>
         <size>0x2b6</size>
         <input_file_ref idref="fl-2"/>
      </object_component>
      <object_component id="oc-19e">
         <name>.debug_info</name>
         <load_address>0x995</load_address>
         <run_address>0x995</run_address>
         <size>0x2ef</size>
         <input_file_ref idref="fl-2"/>
      </object_component>
      <object_component id="oc-bb">
         <name>.debug_info</name>
         <load_address>0xc84</load_address>
         <run_address>0xc84</run_address>
         <size>0x26b</size>
         <input_file_ref idref="fl-2"/>
      </object_component>
      <object_component id="oc-5c">
         <name>.debug_info</name>
         <load_address>0xeef</load_address>
         <run_address>0xeef</run_address>
         <size>0x84</size>
         <input_file_ref idref="fl-2"/>
      </object_component>
      <object_component id="oc-21b">
         <name>.debug_info</name>
         <load_address>0xf73</load_address>
         <run_address>0xf73</run_address>
         <size>0x46</size>
         <input_file_ref idref="fl-2"/>
      </object_component>
      <object_component id="oc-1d2">
         <name>.debug_info</name>
         <load_address>0xfb9</load_address>
         <run_address>0xfb9</run_address>
         <size>0x2c</size>
         <input_file_ref idref="fl-2"/>
      </object_component>
      <object_component id="oc-1a3">
         <name>.debug_info</name>
         <load_address>0xfe5</load_address>
         <run_address>0xfe5</run_address>
         <size>0x2c</size>
         <input_file_ref idref="fl-2"/>
      </object_component>
      <object_component id="oc-135">
         <name>.debug_info</name>
         <load_address>0x1011</load_address>
         <run_address>0x1011</run_address>
         <size>0x2a4</size>
         <input_file_ref idref="fl-2"/>
      </object_component>
      <object_component id="oc-c0">
         <name>.debug_info</name>
         <load_address>0x12b5</load_address>
         <run_address>0x12b5</run_address>
         <size>0xbb</size>
         <input_file_ref idref="fl-2"/>
      </object_component>
      <object_component id="oc-107">
         <name>.debug_info</name>
         <load_address>0x1370</load_address>
         <run_address>0x1370</run_address>
         <size>0x53</size>
         <input_file_ref idref="fl-2"/>
      </object_component>
      <object_component id="oc-1b2">
         <name>.debug_info</name>
         <load_address>0x13c3</load_address>
         <run_address>0x13c3</run_address>
         <size>0x14c</size>
         <input_file_ref idref="fl-2"/>
      </object_component>
      <object_component id="oc-55">
         <name>.debug_info</name>
         <load_address>0x150f</load_address>
         <run_address>0x150f</run_address>
         <size>0x351</size>
         <input_file_ref idref="fl-3"/>
      </object_component>
      <object_component id="oc-13">
         <name>.debug_info</name>
         <load_address>0x1860</load_address>
         <run_address>0x1860</run_address>
         <size>0xe6</size>
         <input_file_ref idref="fl-3"/>
      </object_component>
      <object_component id="oc-2c">
         <name>.debug_info</name>
         <load_address>0x1946</load_address>
         <run_address>0x1946</run_address>
         <size>0x116</size>
         <input_file_ref idref="fl-3"/>
      </object_component>
      <object_component id="oc-31">
         <name>.debug_info</name>
         <load_address>0x1a5c</load_address>
         <run_address>0x1a5c</run_address>
         <size>0x107</size>
         <input_file_ref idref="fl-3"/>
      </object_component>
      <object_component id="oc-3d">
         <name>.debug_info</name>
         <load_address>0x1b63</load_address>
         <run_address>0x1b63</run_address>
         <size>0x11f</size>
         <input_file_ref idref="fl-3"/>
      </object_component>
      <object_component id="oc-38">
         <name>.debug_info</name>
         <load_address>0x1c82</load_address>
         <run_address>0x1c82</run_address>
         <size>0x10d</size>
         <input_file_ref idref="fl-3"/>
      </object_component>
      <object_component id="oc-130">
         <name>.debug_info</name>
         <load_address>0x1d8f</load_address>
         <run_address>0x1d8f</run_address>
         <size>0x308</size>
         <input_file_ref idref="fl-4"/>
      </object_component>
      <object_component id="oc-379">
         <name>.debug_info</name>
         <load_address>0x2097</load_address>
         <run_address>0x2097</run_address>
         <size>0x138</size>
         <input_file_ref idref="fl-4"/>
      </object_component>
      <object_component id="oc-b1">
         <name>.debug_info</name>
         <load_address>0x21cf</load_address>
         <run_address>0x21cf</run_address>
         <size>0x172</size>
         <input_file_ref idref="fl-4"/>
      </object_component>
      <object_component id="oc-343">
         <name>.debug_info</name>
         <load_address>0x2341</load_address>
         <run_address>0x2341</run_address>
         <size>0x12e</size>
         <input_file_ref idref="fl-4"/>
      </object_component>
      <object_component id="oc-32b">
         <name>.debug_info</name>
         <load_address>0x246f</load_address>
         <run_address>0x246f</run_address>
         <size>0x188</size>
         <input_file_ref idref="fl-4"/>
      </object_component>
      <object_component id="oc-28d">
         <name>.debug_info</name>
         <load_address>0x25f7</load_address>
         <run_address>0x25f7</run_address>
         <size>0x174</size>
         <input_file_ref idref="fl-4"/>
      </object_component>
      <object_component id="oc-222">
         <name>.debug_info</name>
         <load_address>0x276b</load_address>
         <run_address>0x276b</run_address>
         <size>0x136</size>
         <input_file_ref idref="fl-4"/>
      </object_component>
      <object_component id="oc-50">
         <name>.debug_info</name>
         <load_address>0x28a1</load_address>
         <run_address>0x28a1</run_address>
         <size>0x149</size>
         <input_file_ref idref="fl-4"/>
      </object_component>
      <object_component id="oc-134">
         <name>.debug_info</name>
         <load_address>0x29ea</load_address>
         <run_address>0x29ea</run_address>
         <size>0x2b0</size>
         <input_file_ref idref="fl-7"/>
      </object_component>
      <object_component id="oc-b6">
         <name>.debug_info</name>
         <load_address>0x2c9a</load_address>
         <run_address>0x2c9a</run_address>
         <size>0xee</size>
         <input_file_ref idref="fl-7"/>
      </object_component>
      <object_component id="oc-22b">
         <name>.debug_info</name>
         <load_address>0x2d88</load_address>
         <run_address>0x2d88</run_address>
         <size>0x55c</size>
         <input_file_ref idref="fl-8"/>
      </object_component>
      <object_component id="oc-33c">
         <name>.debug_info</name>
         <load_address>0x32e4</load_address>
         <run_address>0x32e4</run_address>
         <size>0xe8</size>
         <input_file_ref idref="fl-8"/>
      </object_component>
      <object_component id="oc-29a">
         <name>.debug_info</name>
         <load_address>0x33cc</load_address>
         <run_address>0x33cc</run_address>
         <size>0xe0</size>
         <input_file_ref idref="fl-8"/>
      </object_component>
      <object_component id="oc-38c">
         <name>.debug_info</name>
         <load_address>0x34ac</load_address>
         <run_address>0x34ac</run_address>
         <size>0xe7</size>
         <input_file_ref idref="fl-8"/>
      </object_component>
      <object_component id="oc-2a4">
         <name>.debug_info</name>
         <load_address>0x3593</load_address>
         <run_address>0x3593</run_address>
         <size>0x150</size>
         <input_file_ref idref="fl-8"/>
      </object_component>
      <object_component id="oc-2b6">
         <name>.debug_info</name>
         <load_address>0x36e3</load_address>
         <run_address>0x36e3</run_address>
         <size>0x152</size>
         <input_file_ref idref="fl-8"/>
      </object_component>
      <object_component id="oc-29e">
         <name>.debug_info</name>
         <load_address>0x3835</load_address>
         <run_address>0x3835</run_address>
         <size>0x165</size>
         <input_file_ref idref="fl-8"/>
      </object_component>
      <object_component id="oc-2b0">
         <name>.debug_info</name>
         <load_address>0x399a</load_address>
         <run_address>0x399a</run_address>
         <size>0x152</size>
         <input_file_ref idref="fl-8"/>
      </object_component>
      <object_component id="oc-2c2">
         <name>.debug_info</name>
         <load_address>0x3aec</load_address>
         <run_address>0x3aec</run_address>
         <size>0x154</size>
         <input_file_ref idref="fl-8"/>
      </object_component>
      <object_component id="oc-295">
         <name>.debug_info</name>
         <load_address>0x3c40</load_address>
         <run_address>0x3c40</run_address>
         <size>0x151</size>
         <input_file_ref idref="fl-8"/>
      </object_component>
      <object_component id="oc-2aa">
         <name>.debug_info</name>
         <load_address>0x3d91</load_address>
         <run_address>0x3d91</run_address>
         <size>0x152</size>
         <input_file_ref idref="fl-8"/>
      </object_component>
      <object_component id="oc-34e">
         <name>.debug_info</name>
         <load_address>0x3ee3</load_address>
         <run_address>0x3ee3</run_address>
         <size>0x123</size>
         <input_file_ref idref="fl-8"/>
      </object_component>
      <object_component id="oc-2bc">
         <name>.debug_info</name>
         <load_address>0x4006</load_address>
         <run_address>0x4006</run_address>
         <size>0x16a</size>
         <input_file_ref idref="fl-8"/>
      </object_component>
      <object_component id="oc-1d9">
         <name>.debug_info</name>
         <load_address>0x4170</load_address>
         <run_address>0x4170</run_address>
         <size>0x114</size>
         <input_file_ref idref="fl-8"/>
      </object_component>
      <object_component id="oc-1df">
         <name>.debug_info</name>
         <load_address>0x4284</load_address>
         <run_address>0x4284</run_address>
         <size>0x131</size>
         <input_file_ref idref="fl-8"/>
      </object_component>
      <object_component id="oc-14e">
         <name>.debug_info</name>
         <load_address>0x43b5</load_address>
         <run_address>0x43b5</run_address>
         <size>0x157</size>
         <input_file_ref idref="fl-8"/>
      </object_component>
      <object_component id="oc-2cb">
         <name>.debug_info</name>
         <load_address>0x450c</load_address>
         <run_address>0x450c</run_address>
         <size>0x3c9</size>
         <input_file_ref idref="fl-8"/>
      </object_component>
      <object_component id="oc-2c8">
         <name>.debug_info</name>
         <load_address>0x48d5</load_address>
         <run_address>0x48d5</run_address>
         <size>0x426</size>
         <input_file_ref idref="fl-9"/>
      </object_component>
      <object_component id="oc-228">
         <name>.debug_info</name>
         <load_address>0x4cfb</load_address>
         <run_address>0x4cfb</run_address>
         <size>0x100</size>
         <input_file_ref idref="fl-9"/>
      </object_component>
      <object_component id="oc-1c3">
         <name>.debug_info</name>
         <load_address>0x4dfb</load_address>
         <run_address>0x4dfb</run_address>
         <size>0x304</size>
         <input_file_ref idref="fl-c"/>
      </object_component>
      <object_component id="oc-126">
         <name>.debug_info</name>
         <load_address>0x50ff</load_address>
         <run_address>0x50ff</run_address>
         <size>0x245</size>
         <input_file_ref idref="fl-c"/>
      </object_component>
      <object_component id="oc-3a4">
         <name>.debug_info</name>
         <load_address>0x5344</load_address>
         <run_address>0x5344</run_address>
         <size>0x270</size>
         <input_file_ref idref="fl-c"/>
      </object_component>
      <object_component id="oc-2e0">
         <name>.debug_info</name>
         <load_address>0x55b4</load_address>
         <run_address>0x55b4</run_address>
         <size>0x1f2</size>
         <input_file_ref idref="fl-c"/>
      </object_component>
      <object_component id="oc-2ef">
         <name>.debug_info</name>
         <load_address>0x57a6</load_address>
         <run_address>0x57a6</run_address>
         <size>0x1ea</size>
         <input_file_ref idref="fl-c"/>
      </object_component>
      <object_component id="oc-121">
         <name>.debug_info</name>
         <load_address>0x5990</load_address>
         <run_address>0x5990</run_address>
         <size>0x21d</size>
         <input_file_ref idref="fl-c"/>
      </object_component>
      <object_component id="oc-1b7">
         <name>.debug_info</name>
         <load_address>0x5bad</load_address>
         <run_address>0x5bad</run_address>
         <size>0x110</size>
         <input_file_ref idref="fl-c"/>
      </object_component>
      <object_component id="oc-217">
         <name>.debug_info</name>
         <load_address>0x5cbd</load_address>
         <run_address>0x5cbd</run_address>
         <size>0x79b</size>
         <input_file_ref idref="fl-d"/>
      </object_component>
      <object_component id="oc-287">
         <name>.debug_info</name>
         <load_address>0x6458</load_address>
         <run_address>0x6458</run_address>
         <size>0x1cd</size>
         <input_file_ref idref="fl-d"/>
      </object_component>
      <object_component id="oc-1ad">
         <name>.debug_info</name>
         <load_address>0x6625</load_address>
         <run_address>0x6625</run_address>
         <size>0x35</size>
         <input_file_ref idref="fl-d"/>
      </object_component>
      <object_component id="oc-106">
         <name>.debug_info</name>
         <load_address>0x665a</load_address>
         <run_address>0x665a</run_address>
         <size>0x782</size>
         <input_file_ref idref="fl-e"/>
      </object_component>
      <object_component id="oc-9c">
         <name>.debug_info</name>
         <load_address>0x6ddc</load_address>
         <run_address>0x6ddc</run_address>
         <size>0x328</size>
         <input_file_ref idref="fl-e"/>
      </object_component>
      <object_component id="oc-116">
         <name>.debug_info</name>
         <load_address>0x7104</load_address>
         <run_address>0x7104</run_address>
         <size>0x124</size>
         <input_file_ref idref="fl-e"/>
      </object_component>
      <object_component id="oc-2f3">
         <name>.debug_info</name>
         <load_address>0x7228</load_address>
         <run_address>0x7228</run_address>
         <size>0x124</size>
         <input_file_ref idref="fl-e"/>
      </object_component>
      <object_component id="oc-2f6">
         <name>.debug_info</name>
         <load_address>0x734c</load_address>
         <run_address>0x734c</run_address>
         <size>0x124</size>
         <input_file_ref idref="fl-e"/>
      </object_component>
      <object_component id="oc-12c">
         <name>.debug_info</name>
         <load_address>0x7470</load_address>
         <run_address>0x7470</run_address>
         <size>0x166</size>
         <input_file_ref idref="fl-e"/>
      </object_component>
      <object_component id="oc-2f9">
         <name>.debug_info</name>
         <load_address>0x75d6</load_address>
         <run_address>0x75d6</run_address>
         <size>0x124</size>
         <input_file_ref idref="fl-e"/>
      </object_component>
      <object_component id="oc-2fc">
         <name>.debug_info</name>
         <load_address>0x76fa</load_address>
         <run_address>0x76fa</run_address>
         <size>0x132</size>
         <input_file_ref idref="fl-e"/>
      </object_component>
      <object_component id="oc-2ff">
         <name>.debug_info</name>
         <load_address>0x782c</load_address>
         <run_address>0x782c</run_address>
         <size>0x126</size>
         <input_file_ref idref="fl-e"/>
      </object_component>
      <object_component id="oc-11b">
         <name>.debug_info</name>
         <load_address>0x7952</load_address>
         <run_address>0x7952</run_address>
         <size>0x1f0</size>
         <input_file_ref idref="fl-e"/>
      </object_component>
      <object_component id="oc-aa">
         <name>.debug_info</name>
         <load_address>0x7b42</load_address>
         <run_address>0x7b42</run_address>
         <size>0x2c0</size>
         <input_file_ref idref="fl-e"/>
      </object_component>
      <object_component id="oc-30e">
         <name>.debug_info</name>
         <load_address>0x7e02</load_address>
         <run_address>0x7e02</run_address>
         <size>0x288</size>
         <input_file_ref idref="fl-e"/>
      </object_component>
      <object_component id="oc-382">
         <name>.debug_info</name>
         <load_address>0x808a</load_address>
         <run_address>0x808a</run_address>
         <size>0x24b</size>
         <input_file_ref idref="fl-e"/>
      </object_component>
      <object_component id="oc-331">
         <name>.debug_info</name>
         <load_address>0x82d5</load_address>
         <run_address>0x82d5</run_address>
         <size>0x1e3</size>
         <input_file_ref idref="fl-e"/>
      </object_component>
      <object_component id="oc-230">
         <name>.debug_info</name>
         <load_address>0x84b8</load_address>
         <run_address>0x84b8</run_address>
         <size>0x2d6</size>
         <input_file_ref idref="fl-e"/>
      </object_component>
      <object_component id="oc-236">
         <name>.debug_info</name>
         <load_address>0x878e</load_address>
         <run_address>0x878e</run_address>
         <size>0x2d2</size>
         <input_file_ref idref="fl-e"/>
      </object_component>
      <object_component id="oc-248">
         <name>.debug_info</name>
         <load_address>0x8a60</load_address>
         <run_address>0x8a60</run_address>
         <size>0x257</size>
         <input_file_ref idref="fl-e"/>
      </object_component>
      <object_component id="oc-1e6">
         <name>.debug_info</name>
         <load_address>0x8cb7</load_address>
         <run_address>0x8cb7</run_address>
         <size>0x48d</size>
         <input_file_ref idref="fl-e"/>
      </object_component>
      <object_component id="oc-a3">
         <name>.debug_info</name>
         <load_address>0x9144</load_address>
         <run_address>0x9144</run_address>
         <size>0x251</size>
         <input_file_ref idref="fl-e"/>
      </object_component>
      <object_component id="oc-308">
         <name>.debug_info</name>
         <load_address>0x9395</load_address>
         <run_address>0x9395</run_address>
         <size>0x1c6</size>
         <input_file_ref idref="fl-e"/>
      </object_component>
      <object_component id="oc-154">
         <name>.debug_info</name>
         <load_address>0x955b</load_address>
         <run_address>0x955b</run_address>
         <size>0x201</size>
         <input_file_ref idref="fl-e"/>
      </object_component>
      <object_component id="oc-336">
         <name>.debug_info</name>
         <load_address>0x975c</load_address>
         <run_address>0x975c</run_address>
         <size>0x334</size>
         <input_file_ref idref="fl-e"/>
      </object_component>
      <object_component id="oc-313">
         <name>.debug_info</name>
         <load_address>0x9a90</load_address>
         <run_address>0x9a90</run_address>
         <size>0x205</size>
         <input_file_ref idref="fl-e"/>
      </object_component>
      <object_component id="oc-25e">
         <name>.debug_info</name>
         <load_address>0x9c95</load_address>
         <run_address>0x9c95</run_address>
         <size>0x29b</size>
         <input_file_ref idref="fl-e"/>
      </object_component>
      <object_component id="oc-1f1">
         <name>.debug_info</name>
         <load_address>0x9f30</load_address>
         <run_address>0x9f30</run_address>
         <size>0x1fe</size>
         <input_file_ref idref="fl-e"/>
      </object_component>
      <object_component id="oc-199">
         <name>.debug_info</name>
         <load_address>0xa12e</load_address>
         <run_address>0xa12e</run_address>
         <size>0x169</size>
         <input_file_ref idref="fl-e"/>
      </object_component>
      <object_component id="oc-1a8">
         <name>.debug_info</name>
         <load_address>0xa297</load_address>
         <run_address>0xa297</run_address>
         <size>0x46</size>
         <input_file_ref idref="fl-e"/>
      </object_component>
      <object_component id="oc-10e">
         <name>.debug_info</name>
         <load_address>0xa2dd</load_address>
         <run_address>0xa2dd</run_address>
         <size>0x3e4</size>
         <input_file_ref idref="fl-f"/>
      </object_component>
      <object_component id="oc-9f">
         <name>.debug_info</name>
         <load_address>0xa6c1</load_address>
         <run_address>0xa6c1</run_address>
         <size>0x152</size>
         <input_file_ref idref="fl-f"/>
      </object_component>
      <object_component id="oc-25a">
         <name>.debug_info</name>
         <load_address>0xa813</load_address>
         <run_address>0xa813</run_address>
         <size>0x139</size>
         <input_file_ref idref="fl-f"/>
      </object_component>
      <object_component id="oc-48">
         <name>.debug_info</name>
         <load_address>0xa94c</load_address>
         <run_address>0xa94c</run_address>
         <size>0x226</size>
         <input_file_ref idref="fl-f"/>
      </object_component>
      <object_component id="oc-254">
         <name>.debug_info</name>
         <load_address>0xab72</load_address>
         <run_address>0xab72</run_address>
         <size>0x217</size>
         <input_file_ref idref="fl-f"/>
      </object_component>
      <object_component id="oc-1eb">
         <name>.debug_info</name>
         <load_address>0xad89</load_address>
         <run_address>0xad89</run_address>
         <size>0x25f</size>
         <input_file_ref idref="fl-f"/>
      </object_component>
      <object_component id="oc-24e">
         <name>.debug_info</name>
         <load_address>0xafe8</load_address>
         <run_address>0xafe8</run_address>
         <size>0x209</size>
         <input_file_ref idref="fl-f"/>
      </object_component>
      <object_component id="oc-241">
         <name>.debug_info</name>
         <load_address>0xb1f1</load_address>
         <run_address>0xb1f1</run_address>
         <size>0x20b</size>
         <input_file_ref idref="fl-f"/>
      </object_component>
      <object_component id="oc-23b">
         <name>.debug_info</name>
         <load_address>0xb3fc</load_address>
         <run_address>0xb3fc</run_address>
         <size>0x2c0</size>
         <input_file_ref idref="fl-f"/>
      </object_component>
      <object_component id="oc-2e5">
         <name>.debug_info</name>
         <load_address>0xb6bc</load_address>
         <run_address>0xb6bc</run_address>
         <size>0x1f9</size>
         <input_file_ref idref="fl-f"/>
      </object_component>
      <object_component id="oc-43">
         <name>.debug_info</name>
         <load_address>0xb8b5</load_address>
         <run_address>0xb8b5</run_address>
         <size>0x287</size>
         <input_file_ref idref="fl-10"/>
      </object_component>
      <object_component id="oc-366">
         <name>.debug_info</name>
         <load_address>0xbb3c</load_address>
         <run_address>0xbb3c</run_address>
         <size>0x3ad</size>
         <input_file_ref idref="fl-11"/>
      </object_component>
      <object_component id="oc-390">
         <name>.debug_info</name>
         <load_address>0xbee9</load_address>
         <run_address>0xbee9</run_address>
         <size>0x120</size>
         <input_file_ref idref="fl-11"/>
      </object_component>
      <object_component id="oc-360">
         <name>.debug_info</name>
         <load_address>0xc009</load_address>
         <run_address>0xc009</run_address>
         <size>0x120</size>
         <input_file_ref idref="fl-11"/>
      </object_component>
      <object_component id="oc-363">
         <name>.debug_info</name>
         <load_address>0xc129</load_address>
         <run_address>0xc129</run_address>
         <size>0x11c</size>
         <input_file_ref idref="fl-11"/>
      </object_component>
      <object_component id="oc-35d">
         <name>.debug_info</name>
         <load_address>0xc245</load_address>
         <run_address>0xc245</run_address>
         <size>0x13a</size>
         <input_file_ref idref="fl-11"/>
      </object_component>
      <object_component id="oc-2d9">
         <name>.debug_info</name>
         <load_address>0xc37f</load_address>
         <run_address>0xc37f</run_address>
         <size>0x282</size>
         <input_file_ref idref="fl-11"/>
      </object_component>
      <object_component id="oc-359">
         <name>.debug_info</name>
         <load_address>0xc601</load_address>
         <run_address>0xc601</run_address>
         <size>0x1f3</size>
         <input_file_ref idref="fl-11"/>
      </object_component>
      <object_component id="oc-2d2">
         <name>.debug_info</name>
         <load_address>0xc7f4</load_address>
         <run_address>0xc7f4</run_address>
         <size>0x365</size>
         <input_file_ref idref="fl-11"/>
      </object_component>
      <object_component id="oc-397">
         <name>.debug_info</name>
         <load_address>0xcb59</load_address>
         <run_address>0xcb59</run_address>
         <size>0x62</size>
         <input_file_ref idref="fl-11"/>
      </object_component>
      <object_component id="oc-143">
         <name>.debug_info</name>
         <load_address>0xcbbb</load_address>
         <run_address>0xcbbb</run_address>
         <size>0x2c</size>
         <input_file_ref idref="fl-d1"/>
      </object_component>
      <object_component id="oc-62">
         <name>.debug_info</name>
         <load_address>0xcbe7</load_address>
         <run_address>0xcbe7</run_address>
         <size>0x119</size>
         <input_file_ref idref="fl-de"/>
      </object_component>
      <object_component id="oc-db">
         <name>.debug_info</name>
         <load_address>0xcd00</load_address>
         <run_address>0xcd00</run_address>
         <size>0x147</size>
         <input_file_ref idref="fl-e1"/>
      </object_component>
      <object_component id="oc-d9">
         <name>.debug_info</name>
         <load_address>0xce47</load_address>
         <run_address>0xce47</run_address>
         <size>0x2d4</size>
         <input_file_ref idref="fl-e2"/>
      </object_component>
      <object_component id="oc-74">
         <name>.debug_info</name>
         <load_address>0xd11b</load_address>
         <run_address>0xd11b</run_address>
         <size>0x1b5</size>
         <input_file_ref idref="fl-e2"/>
      </object_component>
      <object_component id="oc-d4">
         <name>.debug_info</name>
         <load_address>0xd2d0</load_address>
         <run_address>0xd2d0</run_address>
         <size>0x46</size>
         <input_file_ref idref="fl-e2"/>
      </object_component>
      <object_component id="oc-6c">
         <name>.debug_info</name>
         <load_address>0xd316</load_address>
         <run_address>0xd316</run_address>
         <size>0x2a8</size>
         <input_file_ref idref="fl-e3"/>
      </object_component>
      <object_component id="oc-1c">
         <name>.debug_info</name>
         <load_address>0xd5be</load_address>
         <run_address>0xd5be</run_address>
         <size>0x1ea</size>
         <input_file_ref idref="fl-e3"/>
      </object_component>
      <object_component id="oc-67">
         <name>.debug_info</name>
         <load_address>0xd7a8</load_address>
         <run_address>0xd7a8</run_address>
         <size>0x46</size>
         <input_file_ref idref="fl-e3"/>
      </object_component>
      <object_component id="oc-cc">
         <name>.debug_info</name>
         <load_address>0xd7ee</load_address>
         <run_address>0xd7ee</run_address>
         <size>0x2c</size>
         <input_file_ref idref="fl-e3"/>
      </object_component>
      <object_component id="oc-ca">
         <name>.debug_info</name>
         <load_address>0xd81a</load_address>
         <run_address>0xd81a</run_address>
         <size>0x29e</size>
         <input_file_ref idref="fl-e4"/>
      </object_component>
      <object_component id="oc-18">
         <name>.debug_info</name>
         <load_address>0xdab8</load_address>
         <run_address>0xdab8</run_address>
         <size>0x250</size>
         <input_file_ref idref="fl-e4"/>
      </object_component>
      <object_component id="oc-57">
         <name>.debug_info</name>
         <load_address>0xdd08</load_address>
         <run_address>0xdd08</run_address>
         <size>0x60</size>
         <input_file_ref idref="fl-e4"/>
      </object_component>
      <object_component id="oc-13c">
         <name>.debug_info</name>
         <load_address>0xdd68</load_address>
         <run_address>0xdd68</run_address>
         <size>0x46</size>
         <input_file_ref idref="fl-e4"/>
      </object_component>
      <object_component id="oc-c5">
         <name>.debug_info</name>
         <load_address>0xddae</load_address>
         <run_address>0xddae</run_address>
         <size>0x39</size>
         <input_file_ref idref="fl-e4"/>
      </object_component>
      <object_component id="oc-15c">
         <name>.debug_info</name>
         <load_address>0xdde7</load_address>
         <run_address>0xdde7</run_address>
         <size>0x122</size>
         <input_file_ref idref="fl-e5"/>
      </object_component>
      <object_component id="oc-93">
         <name>.debug_info</name>
         <load_address>0xdf09</load_address>
         <run_address>0xdf09</run_address>
         <size>0x3b2</size>
         <input_file_ref idref="fl-ed"/>
      </object_component>
      <object_component id="oc-25">
         <name>.debug_info</name>
         <load_address>0xe2bb</load_address>
         <run_address>0xe2bb</run_address>
         <size>0x10c</size>
         <input_file_ref idref="fl-ed"/>
      </object_component>
      <object_component id="oc-ff">
         <name>.debug_info</name>
         <load_address>0xe3c7</load_address>
         <run_address>0xe3c7</run_address>
[...]
         <flags>0x5</flags>
         <contents>
            <logical_group_ref idref="lg-3"/>
            <logical_group_ref idref="lg-4"/>
            <logical_group_ref idref="lg-5"/>
            <logical_group_ref idref="lg-6"/>
         </contents>
      </load_segment>
      <load_segment id="lg-3e5" display="no" color="cyan">
         <name>SEGMENT_1</name>
         <run_address>0x20000000</run_address>
         <size>0x7b08</size>
         <flags>0x6</flags>
         <contents>
            <logical_group_ref idref="lg-b"/>
            <logical_group_ref idref="lg-d"/>
            <logical_group_ref idref="lg-a"/>
            <logical_group_ref idref="lg-c"/>
         </contents>
      </load_segment>
   </logical_group_list>
   <placement_map>
      <memory_area display="yes" color="green">
         <name>FLASH</name>
         <page_id>0x0</page_id>
         <origin>0x0</origin>
         <length>0x40000</length>
         <used_space>0x130c</used_space>
         <unused_space>0x3ecf4</unused_space>
         <attributes>RX</attributes>
         <usage_details>
            <allocated_space>
               <start_address>0x0</start_address>
               <size>0x26c</size>
               <logical_group_ref idref="lg-3"/>
            </allocated_space>
            <allocated_space>
               <start_address>0x26c</start_address>
               <size>0xfcc</size>
               <logical_group_ref idref="lg-4"/>
            </allocated_space>
            <allocated_space>
               <start_address>0x1238</start_address>
               <size>0x34</size>
               <logical_group_ref idref="lg-5"/>
            </allocated_space>
            <available_space>
               <start_address>0x126c</start_address>
               <size>0x4</size>
            </available_space>
            <allocated_space>
               <start_address>0x1270</start_address>
               <size>0xa0</size>
               <logical_group_ref idref="lg-6"/>
            </allocated_space>
            <available_space>
               <start_address>0x1310</start_address>
               <size>0x3ecf0</size>
            </available_space>
         </usage_details>
      </memory_area>
      <memory_area display="yes" color="green">
         <name>SRAM</name>
         <page_id>0x0</page_id>
         <origin>0x20000000</origin>
         <length>0x8000</length>
         <used_space>0x7b00</used_space>
         <unused_space>0x500</unused_space>
         <attributes>RWX</attributes>
         <usage_details>
            <allocated_space>
               <start_address>0x20000000</start_address>
               <size>0x0</size>
               <logical_group_ref idref="lg-3af"/>
            </allocated_space>
            <allocated_space>
               <start_address>0x20000000</start_address>
               <size>0x7734</size>
               <logical_group_ref idref="lg-b"/>
            </allocated_space>
            <available_space>
               <start_address>0x20007734</start_address>
               <size>0x4</size>
            </available_space>
            <allocated_space>
               <start_address>0x20007738</start_address>
               <size>0x200</size>
               <logical_group_ref idref="lg-d"/>
            </allocated_space>
            <allocated_space>
               <start_address>0x20007938</start_address>
               <size>0x1bc</size>
               <logical_group_ref idref="lg-a"/>
            </allocated_space>
            <available_space>
               <start_address>0x20007af4</start_address>
               <size>0x4</size>
            </available_space>
            <allocated_space>
               <start_address>0x20007af8</start_address>
               <size>0x10</size>
               <logical_group_ref idref="lg-c"/>
            </allocated_space>
            <available_space>
               <start_address>0x20007b08</start_address>
               <size>0x4f8</size>
            </available_space>
         </usage_details>
      </memory_area>
   </placement_map>
   <cptbl_list>
      <cptbl>
         <name>__TI_cinit_table</name>
         <cprec>
            <name>.data</name>
            <load_address>0x1270</load_address>
            <load_size>0x76</load_size>
            <run_address>0x20007938</run_address>
            <run_size>0x1bc</run_size>
            <compression>lzss</compression>
         </cprec>
         <cprec>
            <name>.bss</name>
            <load_address>0x12f8</load_address>
            <load_size>0x8</load_size>
            <run_address>0x20000000</run_address>
            <run_size>0x7734</run_size>
            <compression>zero_init</compression>
         </cprec>
      </cptbl>
   </cptbl_list>
   <handler_table>
      <handler_table_name>__TI_handler_table</handler_table_name>
      <handler>
         <index>0x0</index>
         <name>__TI_decompress_lzss</name>
      </handler>
      <handler>
         <index>0x1</index>
         <name>__TI_decompress_none</name>
      </handler>
      <handler>
         <index>0x2</index>
         <name>__TI_zero_init</name>
      </handler>
   </handler_table>
   <symbol_table>
      <symbol id="sm-1">
         <name>__STACK_TOP</name>
         <value>0x20007938</value>
      </symbol>
      <symbol id="sm-2">
         <name>__start___llvm_prf_cnts</name>
         <value>0x20000000</value>
      </symbol>
      <symbol id="sm-3">
         <name>__stop___llvm_prf_cnts</name>
         <value>0x20000000</value>
      </symbol>
      <symbol id="sm-4">
         <name>__TI_CINIT_Base</name>
         <value>0x1300</value>
      </symbol>
      <symbol id="sm-5">
         <name>__TI_CINIT_Limit</name>
         <value>0x1310</value>
      </symbol>
      <symbol id="sm-6">
         <name>__TI_Handler_Table_Base</name>
         <value>0x12e8</value>
      </symbol>
      <symbol id="sm-7">
         <name>__TI_Handler_Table_Limit</name>
         <value>0x12f4</value>
      </symbol>
      <symbol id="sm-8">
         <name>binit</name>
         <value>0xffffffff</value>
      </symbol>
      <symbol id="sm-9">
         <name>__binit__</name>
         <value>0xffffffff</value>
      </symbol>
      <symbol id="sm-a">
         <name>__STACK_SIZE</name>
         <value>0x200</value>
      </symbol>
      <symbol id="sm-b">
         <name>__STACK_END</name>
         <value>0x20007938</value>
      </symbol>
      <symbol id="sm-c">
         <name>__SYSMEM_SIZE</name>
         <value>0x10</value>
      </symbol>
      <symbol id="sm-d">
         <name>__c_args__</name>
         <value>0xffffffff</value>
      </symbol>
      <symbol id="sm-e">
         <name>__TI_pprof_out_hndl</name>
         <value>0xffffffff</value>
      </symbol>
      <symbol id="sm-f">
         <name>__TI_prof_data_start</name>
         <value>0xffffffff</value>
      </symbol>
      <symbol id="sm-10">
         <name>__TI_prof_data_size</name>
         <value>0xffffffff</value>
      </symbol>
      <symbol id="sm-79">
         <name>vApplicationStackOverflowHook</name>
         <value>0xddf</value>
         <object_component_ref idref="oc-10f"/>
      </symbol>
      <symbol id="sm-7a">
         <name>main</name>
         <value>0x10a9</value>
         <object_component_ref idref="oc-e6"/>
      </symbol>
      <symbol id="sm-ab">
         <name>ResetISR</name>
         <value>0x1221</value>
         <object_component_ref idref="oc-2a"/>
      </symbol>
      <symbol id="sm-ac">
         <name>g_pfnVectors</name>
         <value>0x0</value>
         <object_component_ref idref="oc-12"/>
      </symbol>
      <symbol id="sm-105">
         <name>fifo_value_Adc</name>
         <value>0x20007730</value>
      </symbol>
      <symbol id="sm-106">
         <name>start_adcconversion</name>
         <value>0x11ad</value>
         <object_component_ref idref="oc-378"/>
      </symbol>
      <symbol id="sm-107">
         <name>clear_adc_interrupt</name>
         <value>0x1089</value>
         <object_component_ref idref="oc-af"/>
      </symbol>
      <symbol id="sm-108">
         <name>ADC_Init</name>
         <value>0x471</value>
         <object_component_ref idref="oc-28c"/>
      </symbol>
      <symbol id="sm-109">
         <name>Configure_Sampler</name>
         <value>0x979</value>
         <object_component_ref idref="oc-328"/>
      </symbol>
      <symbol id="sm-10a">
         <name>ISR_ADC_Sequence0</name>
         <value>0x11dd</value>
         <object_component_ref idref="oc-4d"/>
      </symbol>
      <symbol id="sm-10b">
         <name>Initilize_ADC</name>
         <value>0x11e9</value>
         <object_component_ref idref="oc-220"/>
      </symbol>
      <symbol id="sm-10c">
         <name>Read_value_ADC</name>
         <value>0x114d</value>
         <object_component_ref idref="oc-341"/>
      </symbol>
      <symbol id="sm-119">
         <name>C_ADC_Config</name>
         <value>0x1238</value>
         <object_component_ref idref="oc-b5"/>
      </symbol>
      <symbol id="sm-1b6">
         <name>task_create_status</name>
         <value>0x20007694</value>
      </symbol>
      <symbol id="sm-1b7">
         <name>task10ms</name>
         <value>0xfbd</value>
         <object_component_ref idref="oc-293"/>
      </symbol>
      <symbol id="sm-1b8">
         <name>task500ms</name>
         <value>0xf25</value>
         <object_component_ref idref="oc-2b4"/>
      </symbol>
      <symbol id="sm-1b9">
         <name>invoke_tasks_core0</name>
         <value>0xcdd</value>
         <object_component_ref idref="oc-1dd"/>
      </symbol>
      <symbol id="sm-1ba">
         <name>task20ms</name>
         <value>0xe19</value>
         <object_component_ref idref="oc-29c"/>
      </symbol>
      <symbol id="sm-1bb">
         <name>task2000ms</name>
         <value>0x1161</value>
         <object_component_ref idref="oc-2c0"/>
      </symbol>
      <symbol id="sm-1bc">
         <name>task1000ms</name>
         <value>0xde1</value>
         <object_component_ref idref="oc-2ba"/>
      </symbol>
      <symbol id="sm-1bd">
         <name>task200ms</name>
         <value>0xef1</value>
         <object_component_ref idref="oc-2ae"/>
      </symbol>
      <symbol id="sm-1be">
         <name>x_taskhandle</name>
         <value>0x20007ac8</value>
         <object_component_ref idref="oc-299"/>
      </symbol>
      <symbol id="sm-1bf">
         <name>task100ms</name>
         <value>0xebd</value>
         <object_component_ref idref="oc-2a8"/>
      </symbol>
      <symbol id="sm-1c0">
         <name>os_task_counters</name>
         <value>0x20007a58</value>
         <object_component_ref idref="oc-33b"/>
      </symbol>
      <symbol id="sm-1c1">
         <name>system_initilazation_sequence</name>
         <value>0x1201</value>
         <object_component_ref idref="oc-14c"/>
      </symbol>
      <symbol id="sm-1c2">
         <name>task50ms</name>
         <value>0xf59</value>
         <object_component_ref idref="oc-2a2"/>
      </symbol>
      <symbol id="sm-1cd">
         <name>Task_control_struct_core0</name>
         <value>0x20007938</value>
         <object_component_ref idref="oc-227"/>
      </symbol>
      <symbol id="sm-204">
         <name>uxListRemove</name>
         <value>0x10c9</value>
         <object_component_ref idref="oc-11f"/>
      </symbol>
      <symbol id="sm-205">
         <name>vListInsert</name>
         <value>0xe51</value>
         <object_component_ref idref="oc-3a1"/>
      </symbol>
      <symbol id="sm-206">
         <name>vListInitialiseItem</name>
         <value>0x1227</value>
         <object_component_ref idref="oc-2dd"/>
      </symbol>
      <symbol id="sm-207">
         <name>vListInsertEnd</name>
         <value>0x1105</value>
         <object_component_ref idref="oc-125"/>
      </symbol>
      <symbol id="sm-208">
         <name>vListInitialise</name>
         <value>0x1135</value>
         <object_component_ref idref="oc-2ec"/>
      </symbol>
      <symbol id="sm-36c">
         <name>vTaskSuspendAll</name>
         <value>0x11bd</value>
         <object_component_ref idref="oc-306"/>
      </symbol>
      <symbol id="sm-36d">
         <name>vTaskStartScheduler</name>
         <value>0xb3d</value>
         <object_component_ref idref="oc-152"/>
      </symbol>
      <symbol id="sm-36e">
         <name>vTaskDelayUntil</name>
         <value>0x8f5</value>
         <object_component_ref idref="oc-335"/>
      </symbol>
      <symbol id="sm-36f">
         <name>xTaskResumeAll</name>
         <value>0x569</value>
         <object_component_ref idref="oc-30c"/>
      </symbol>
      <symbol id="sm-370">
         <name>xTaskGetTickCount</name>
         <value>0x120d</value>
         <object_component_ref idref="oc-32f"/>
      </symbol>
      <symbol id="sm-371">
         <name>xTaskGenericCreate</name>
         <value>0x371</value>
         <object_component_ref idref="oc-1e4"/>
      </symbol>
      <symbol id="sm-372">
         <name>pxCurrentTCB</name>
         <value>0x20007a98</value>
         <object_component_ref idref="oc-9b"/>
      </symbol>
      <symbol id="sm-373">
         <name>xTaskIncrementTick</name>
         <value>0x26d</value>
         <object_component_ref idref="oc-a8"/>
      </symbol>
      <symbol id="sm-374">
         <name>vTaskSwitchContext</name>
         <value>0x869</value>
         <object_component_ref idref="oc-a1"/>
      </symbol>
      <symbol id="sm-3ce">
         <name>ulMaxSyscallInterruptPriority</name>
         <value>0x1268</value>
         <object_component_ref idref="oc-9e"/>
      </symbol>
      <symbol id="sm-3cf">
         <name>vPortSetupTimerInterrupt</name>
         <value>0x1175</value>
         <object_component_ref idref="oc-253"/>
      </symbol>
      <symbol id="sm-3d0">
         <name>xPortSysTickHandler</name>
         <value>0xfe9</value>
         <object_component_ref idref="oc-47"/>
      </symbol>
      <symbol id="sm-3d1">
         <name>pxPortInitialiseStack</name>
         <value>0x103d</value>
         <object_component_ref idref="oc-23a"/>
      </symbol>
      <symbol id="sm-3d2">
         <name>vPortExitCritical</name>
         <value>0x111d</value>
         <object_component_ref idref="oc-24c"/>
      </symbol>
      <symbol id="sm-3d3">
         <name>xPortStartScheduler</name>
         <value>0xd65</value>
         <object_component_ref idref="oc-1ea"/>
      </symbol>
      <symbol id="sm-3d4">
         <name>vPortEnterCritical</name>
         <value>0x10e9</value>
         <object_component_ref idref="oc-240"/>
      </symbol>
      <symbol id="sm-3e3">
         <name>vPortStartFirstTask</name>
         <value>0x6f5</value>
         <object_component_ref idref="oc-42"/>
      </symbol>
      <symbol id="sm-3e4">
         <name>ulPortGetIPSR</name>
         <value>0x65d</value>
         <object_component_ref idref="oc-42"/>
      </symbol>
      <symbol id="sm-3e5">
         <name>vPortEnableVFP</name>
         <value>0x711</value>
         <object_component_ref idref="oc-42"/>
      </symbol>
      <symbol id="sm-3e6">
         <name>xPortPendSVHandler</name>
         <value>0x675</value>
         <object_component_ref idref="oc-42"/>
      </symbol>
      <symbol id="sm-3e7">
         <name>vPortSVCHandler</name>
         <value>0x6d5</value>
         <object_component_ref idref="oc-42"/>
      </symbol>
      <symbol id="sm-43c">
         <name>pvPortMalloc</name>
         <value>0x721</value>
         <object_component_ref idref="oc-2d0"/>
      </symbol>
      <symbol id="sm-43d">
         <name>vPortFree</name>
         <value>0xd21</value>
         <object_component_ref idref="oc-2d6"/>
      </symbol>
      <symbol id="sm-46f">
         <name>memcpy</name>
         <value>0x7cd</value>
         <object_component_ref idref="oc-61"/>
      </symbol>
      <symbol id="sm-470">
         <name>__aeabi_memcpy</name>
         <value>0x7cd</value>
         <object_component_ref idref="oc-61"/>
      </symbol>
      <symbol id="sm-471">
         <name>__aeabi_memcpy8</name>
         <value>0x7cd</value>
         <object_component_ref idref="oc-61"/>
      </symbol>
      <symbol id="sm-472">
         <name>__aeabi_memcpy4</name>
         <value>0x7cd</value>
         <object_component_ref idref="oc-61"/>
      </symbol>
      <symbol id="sm-483">
         <name>__aeabi_memset</name>
         <value>0x9fb</value>
         <object_component_ref idref="oc-da"/>
      </symbol>
      <symbol id="sm-484">
         <name>memset</name>
         <value>0xa01</value>
         <object_component_ref idref="oc-da"/>
      </symbol>
      <symbol id="sm-485">
         <name>__aeabi_memset8</name>
         <value>0x9fb</value>
         <object_component_ref idref="oc-da"/>
      </symbol>
      <symbol id="sm-486">
         <name>__aeabi_memset4</name>
         <value>0x9fb</value>
         <object_component_ref idref="oc-da"/>
      </symbol>
      <symbol id="sm-487">
         <name>__aeabi_memclr8</name>
         <value>0x9f9</value>
         <object_component_ref idref="oc-da"/>
      </symbol>
      <symbol id="sm-488">
         <name>__aeabi_memclr4</name>
         <value>0x9f9</value>
         <object_component_ref idref="oc-da"/>
      </symbol>
      <symbol id="sm-489">
         <name>__aeabi_memclr</name>
         <value>0x9f9</value>
         <object_component_ref idref="oc-da"/>
      </symbol>
      <symbol id="sm-49b">
         <name>__TI_zero_init</name>
         <value>0x11f5</value>
         <object_component_ref idref="oc-73"/>
      </symbol>
      <symbol id="sm-4b2">
         <name>__TI_decompress_none</name>
         <value>0x11cd</value>
         <object_component_ref idref="oc-1b"/>
      </symbol>
      <symbol id="sm-4d5">
         <name>__TI_decompress_lzss</name>
         <value>0xa73</value>
         <object_component_ref idref="oc-15"/>
      </symbol>
      <symbol id="sm-4e0">
         <name>C$$EXIT</name>
         <value>0x1235</value>
         <object_component_ref idref="oc-159"/>
      </symbol>
      <symbol id="sm-4e1">
         <name>abort</name>
         <value>0x1235</value>
         <object_component_ref idref="oc-159"/>
      </symbol>
      <symbol id="sm-4fd">
         <name>_sys_memory</name>
         <value>0x20007af8</value>
         <object_component_ref idref="oc-24"/>
      </symbol>
      <symbol id="sm-513">
         <name>__stack</name>
         <value>0x20007738</value>
         <object_component_ref idref="oc-27"/>
      </symbol>
      <symbol id="sm-514">
         <name>_c_int00_noargs</name>
         <value>0xe89</value>
         <object_component_ref idref="oc-7f"/>
      </symbol>
      <symbol id="sm-543">
         <name>__TI_auto_init_nobinit_nopinit</name>
         <value>0xc99</value>
         <object_component_ref idref="oc-165"/>
      </symbol>
      <symbol id="sm-54d">
         <name>_system_pre_init</name>
         <value>0x1231</value>
         <object_component_ref idref="oc-e0"/>
      </symbol>
      <symbol id="sm-566">
         <name>__TI_static_base__</name>
         <value>0x0</value>
      </symbol>
      <symbol id="sm-569">
         <name>__mpu_init</name>
         <value>0x0</value>
      </symbol>
      <symbol id="sm-56a">
         <name>_system_post_cinit</name>
         <value>0x0</value>
      </symbol>
   </symbol_table>
   <title>Link successful</title>
</link_info>
